Component: ARM Compiler 6.15 Tool: armlink [5dd79300]

==============================================================================

Memory Map of the image

  Image Entry point : 0x00000301

  Load Region LR_IROM1 (Base: 0x00000000, Size: 0x0000f1e0, Max: 0x00080000, ABSOLUTE)

    Execution Region ER_IROM0 (Base: 0x00000000, Size: 0x000000c4, Max: 0x000002fc, ABSOLUTE)

    Base Addr    Size         Type   Attr      Idx    E Section Name        Object

    0x00000000   0x000000c4   Data   RO         4321    RESET               BUILD/LPC1768/ARMC6/mbed-os/targets/TARGET_NXP/TARGET_LPC176X/device/TOOLCHAIN_ARM_STD/startup_LPC17xx.o


    Execution Region ER_CRP (Base: 0x000002fc, Size: 0x00000004, Max: 0x00000004, ABSOLUTE, FIXED)

    Base Addr    Size         Type   Attr      Idx    E Section Name        Object

    0x000002fc   0x00000004   Data   RO         4320    .CRPSection         BUILD/LPC1768/ARMC6/mbed-os/targets/TARGET_NXP/TARGET_LPC176X/device/CRP.o


    Execution Region ER_IROM1 (Base: 0x00000300, Size: 0x0000edbc, Max: 0x0007fd00, ABSOLUTE, FIXED)

    Base Addr    Size         Type   Attr      Idx    E Section Name        Object

    0x00000300   0x00000008   Code   RO         4979  * !!!main             c:\Users\dcoop\AppData\Local\Mbed Studio\mbed-studio-tools\ac6\bin\..\lib\armlib\c_w.l(__main.o)
    0x00000308   0x00000034   Code   RO         5568    !!!scatter          c:\Users\dcoop\AppData\Local\Mbed Studio\mbed-studio-tools\ac6\bin\..\lib\armlib\c_w.l(__scatter.o)
    0x0000033c   0x0000001a   Code   RO         5570    !!handler_copy      c:\Users\dcoop\AppData\Local\Mbed Studio\mbed-studio-tools\ac6\bin\..\lib\armlib\c_w.l(__scatter_copy.o)
    0x00000356   0x00000002   PAD
    0x00000358   0x0000001c   Code   RO         5572    !!handler_zi        c:\Users\dcoop\AppData\Local\Mbed Studio\mbed-studio-tools\ac6\bin\..\lib\armlib\c_w.l(__scatter_zi.o)
    0x00000374   0x00000000   Code   RO         4892    .ARM.Collect$$_printf_percent$$00000000  c:\Users\dcoop\AppData\Local\Mbed Studio\mbed-studio-tools\ac6\bin\..\lib\armlib\c_w.l(_printf_percent.o)
    0x00000374   0x00000006   Code   RO         5100    .ARM.Collect$$_printf_percent$$00000001  c:\Users\dcoop\AppData\Local\Mbed Studio\mbed-studio-tools\ac6\bin\..\lib\armlib\c_w.l(_printf_n.o)
    0x0000037a   0x00000006   Code   RO         4890    .ARM.Collect$$_printf_percent$$00000002  c:\Users\dcoop\AppData\Local\Mbed Studio\mbed-studio-tools\ac6\bin\..\lib\armlib\c_w.l(_printf_p.o)
    0x00000380   0x00000006   Code   RO         5104    .ARM.Collect$$_printf_percent$$00000003  c:\Users\dcoop\AppData\Local\Mbed Studio\mbed-studio-tools\ac6\bin\..\lib\armlib\c_w.l(_printf_f.o)
    0x00000386   0x00000006   Code   RO         5105    .ARM.Collect$$_printf_percent$$00000004  c:\Users\dcoop\AppData\Local\Mbed Studio\mbed-studio-tools\ac6\bin\..\lib\armlib\c_w.l(_printf_e.o)
    0x0000038c   0x00000006   Code   RO         5106    .ARM.Collect$$_printf_percent$$00000005  c:\Users\dcoop\AppData\Local\Mbed Studio\mbed-studio-tools\ac6\bin\..\lib\armlib\c_w.l(_printf_g.o)
    0x00000392   0x00000006   Code   RO         5107    .ARM.Collect$$_printf_percent$$00000006  c:\Users\dcoop\AppData\Local\Mbed Studio\mbed-studio-tools\ac6\bin\..\lib\armlib\c_w.l(_printf_a.o)
    0x00000398   0x0000000a   Code   RO         5112    .ARM.Collect$$_printf_percent$$00000007  c:\Users\dcoop\AppData\Local\Mbed Studio\mbed-studio-tools\ac6\bin\..\lib\armlib\c_w.l(_printf_ll.o)
    0x000003a2   0x00000006   Code   RO         5102    .ARM.Collect$$_printf_percent$$00000008  c:\Users\dcoop\AppData\Local\Mbed Studio\mbed-studio-tools\ac6\bin\..\lib\armlib\c_w.l(_printf_i.o)
    0x000003a8   0x00000006   Code   RO         5103    .ARM.Collect$$_printf_percent$$00000009  c:\Users\dcoop\AppData\Local\Mbed Studio\mbed-studio-tools\ac6\bin\..\lib\armlib\c_w.l(_printf_d.o)
    0x000003ae   0x00000006   Code   RO         4891    .ARM.Collect$$_printf_percent$$0000000A  c:\Users\dcoop\AppData\Local\Mbed Studio\mbed-studio-tools\ac6\bin\..\lib\armlib\c_w.l(_printf_u.o)
    0x000003b4   0x00000006   Code   RO         5101    .ARM.Collect$$_printf_percent$$0000000B  c:\Users\dcoop\AppData\Local\Mbed Studio\mbed-studio-tools\ac6\bin\..\lib\armlib\c_w.l(_printf_o.o)
    0x000003ba   0x00000006   Code   RO         4889    .ARM.Collect$$_printf_percent$$0000000C  c:\Users\dcoop\AppData\Local\Mbed Studio\mbed-studio-tools\ac6\bin\..\lib\armlib\c_w.l(_printf_x.o)
    0x000003c0   0x00000006   Code   RO         5109    .ARM.Collect$$_printf_percent$$0000000D  c:\Users\dcoop\AppData\Local\Mbed Studio\mbed-studio-tools\ac6\bin\..\lib\armlib\c_w.l(_printf_lli.o)
    0x000003c6   0x00000006   Code   RO         5110    .ARM.Collect$$_printf_percent$$0000000E  c:\Users\dcoop\AppData\Local\Mbed Studio\mbed-studio-tools\ac6\bin\..\lib\armlib\c_w.l(_printf_lld.o)
    0x000003cc   0x00000006   Code   RO         5111    .ARM.Collect$$_printf_percent$$0000000F  c:\Users\dcoop\AppData\Local\Mbed Studio\mbed-studio-tools\ac6\bin\..\lib\armlib\c_w.l(_printf_llu.o)
    0x000003d2   0x00000006   Code   RO         5116    .ARM.Collect$$_printf_percent$$00000010  c:\Users\dcoop\AppData\Local\Mbed Studio\mbed-studio-tools\ac6\bin\..\lib\armlib\c_w.l(_printf_llo.o)
    0x000003d8   0x00000006   Code   RO         5117    .ARM.Collect$$_printf_percent$$00000011  c:\Users\dcoop\AppData\Local\Mbed Studio\mbed-studio-tools\ac6\bin\..\lib\armlib\c_w.l(_printf_llx.o)
    0x000003de   0x0000000a   Code   RO         5113    .ARM.Collect$$_printf_percent$$00000012  c:\Users\dcoop\AppData\Local\Mbed Studio\mbed-studio-tools\ac6\bin\..\lib\armlib\c_w.l(_printf_l.o)
    0x000003e8   0x00000006   Code   RO         5099    .ARM.Collect$$_printf_percent$$00000013  c:\Users\dcoop\AppData\Local\Mbed Studio\mbed-studio-tools\ac6\bin\..\lib\armlib\c_w.l(_printf_c.o)
    0x000003ee   0x00000006   Code   RO         4888    .ARM.Collect$$_printf_percent$$00000014  c:\Users\dcoop\AppData\Local\Mbed Studio\mbed-studio-tools\ac6\bin\..\lib\armlib\c_w.l(_printf_s.o)
    0x000003f4   0x00000006   Code   RO         5114    .ARM.Collect$$_printf_percent$$00000015  c:\Users\dcoop\AppData\Local\Mbed Studio\mbed-studio-tools\ac6\bin\..\lib\armlib\c_w.l(_printf_lc.o)
    0x000003fa   0x00000006   Code   RO         5115    .ARM.Collect$$_printf_percent$$00000016  c:\Users\dcoop\AppData\Local\Mbed Studio\mbed-studio-tools\ac6\bin\..\lib\armlib\c_w.l(_printf_ls.o)
    0x00000400   0x00000004   Code   RO         5108    .ARM.Collect$$_printf_percent$$00000017  c:\Users\dcoop\AppData\Local\Mbed Studio\mbed-studio-tools\ac6\bin\..\lib\armlib\c_w.l(_printf_percent_end.o)
    0x00000404   0x00000002   Code   RO         4978    .ARM.Collect$$libinit$$00000000  c:\Users\dcoop\AppData\Local\Mbed Studio\mbed-studio-tools\ac6\bin\..\lib\armlib\c_w.l(libinit.o)
    0x00000406   0x00000000   Code   RO         5164    .ARM.Collect$$libinit$$00000002  c:\Users\dcoop\AppData\Local\Mbed Studio\mbed-studio-tools\ac6\bin\..\lib\armlib\c_w.l(libinit2.o)
    0x00000406   0x00000000   Code   RO         5166    .ARM.Collect$$libinit$$00000004  c:\Users\dcoop\AppData\Local\Mbed Studio\mbed-studio-tools\ac6\bin\..\lib\armlib\c_w.l(libinit2.o)
    0x00000406   0x00000008   Code   RO         5167    .ARM.Collect$$libinit$$00000005  c:\Users\dcoop\AppData\Local\Mbed Studio\mbed-studio-tools\ac6\bin\..\lib\armlib\c_w.l(libinit2.o)
    0x0000040e   0x00000000   Code   RO         5169    .ARM.Collect$$libinit$$0000000A  c:\Users\dcoop\AppData\Local\Mbed Studio\mbed-studio-tools\ac6\bin\..\lib\armlib\c_w.l(libinit2.o)
    0x0000040e   0x00000000   Code   RO         5171    .ARM.Collect$$libinit$$0000000C  c:\Users\dcoop\AppData\Local\Mbed Studio\mbed-studio-tools\ac6\bin\..\lib\armlib\c_w.l(libinit2.o)
    0x0000040e   0x00000000   Code   RO         5173    .ARM.Collect$$libinit$$0000000E  c:\Users\dcoop\AppData\Local\Mbed Studio\mbed-studio-tools\ac6\bin\..\lib\armlib\c_w.l(libinit2.o)
    0x0000040e   0x00000006   Code   RO         5174    .ARM.Collect$$libinit$$0000000F  c:\Users\dcoop\AppData\Local\Mbed Studio\mbed-studio-tools\ac6\bin\..\lib\armlib\c_w.l(libinit2.o)
    0x00000414   0x00000000   Code   RO         5176    .ARM.Collect$$libinit$$00000011  c:\Users\dcoop\AppData\Local\Mbed Studio\mbed-studio-tools\ac6\bin\..\lib\armlib\c_w.l(libinit2.o)
    0x00000414   0x0000000c   Code   RO         5177    .ARM.Collect$$libinit$$00000012  c:\Users\dcoop\AppData\Local\Mbed Studio\mbed-studio-tools\ac6\bin\..\lib\armlib\c_w.l(libinit2.o)
    0x00000420   0x00000000   Code   RO         5178    .ARM.Collect$$libinit$$00000013  c:\Users\dcoop\AppData\Local\Mbed Studio\mbed-studio-tools\ac6\bin\..\lib\armlib\c_w.l(libinit2.o)
    0x00000420   0x00000000   Code   RO         5180    .ARM.Collect$$libinit$$00000015  c:\Users\dcoop\AppData\Local\Mbed Studio\mbed-studio-tools\ac6\bin\..\lib\armlib\c_w.l(libinit2.o)
    0x00000420   0x0000000a   Code   RO         5181    .ARM.Collect$$libinit$$00000016  c:\Users\dcoop\AppData\Local\Mbed Studio\mbed-studio-tools\ac6\bin\..\lib\armlib\c_w.l(libinit2.o)
    0x0000042a   0x00000000   Code   RO         5182    .ARM.Collect$$libinit$$00000017  c:\Users\dcoop\AppData\Local\Mbed Studio\mbed-studio-tools\ac6\bin\..\lib\armlib\c_w.l(libinit2.o)
    0x0000042a   0x00000000   Code   RO         5184    .ARM.Collect$$libinit$$00000019  c:\Users\dcoop\AppData\Local\Mbed Studio\mbed-studio-tools\ac6\bin\..\lib\armlib\c_w.l(libinit2.o)
    0x0000042a   0x00000000   Code   RO         5186    .ARM.Collect$$libinit$$0000001B  c:\Users\dcoop\AppData\Local\Mbed Studio\mbed-studio-tools\ac6\bin\..\lib\armlib\c_w.l(libinit2.o)
    0x0000042a   0x00000000   Code   RO         5188    .ARM.Collect$$libinit$$0000001D  c:\Users\dcoop\AppData\Local\Mbed Studio\mbed-studio-tools\ac6\bin\..\lib\armlib\c_w.l(libinit2.o)
    0x0000042a   0x00000000   Code   RO         5190    .ARM.Collect$$libinit$$0000001F  c:\Users\dcoop\AppData\Local\Mbed Studio\mbed-studio-tools\ac6\bin\..\lib\armlib\c_w.l(libinit2.o)
    0x0000042a   0x00000000   Code   RO         5192    .ARM.Collect$$libinit$$00000021  c:\Users\dcoop\AppData\Local\Mbed Studio\mbed-studio-tools\ac6\bin\..\lib\armlib\c_w.l(libinit2.o)
    0x0000042a   0x00000000   Code   RO         5194    .ARM.Collect$$libinit$$00000023  c:\Users\dcoop\AppData\Local\Mbed Studio\mbed-studio-tools\ac6\bin\..\lib\armlib\c_w.l(libinit2.o)
    0x0000042a   0x00000004   Code   RO         5195    .ARM.Collect$$libinit$$00000024  c:\Users\dcoop\AppData\Local\Mbed Studio\mbed-studio-tools\ac6\bin\..\lib\armlib\c_w.l(libinit2.o)
    0x0000042e   0x00000000   Code   RO         5196    .ARM.Collect$$libinit$$00000025  c:\Users\dcoop\AppData\Local\Mbed Studio\mbed-studio-tools\ac6\bin\..\lib\armlib\c_w.l(libinit2.o)
    0x0000042e   0x00000000   Code   RO         5200    .ARM.Collect$$libinit$$0000002C  c:\Users\dcoop\AppData\Local\Mbed Studio\mbed-studio-tools\ac6\bin\..\lib\armlib\c_w.l(libinit2.o)
    0x0000042e   0x00000000   Code   RO         5202    .ARM.Collect$$libinit$$0000002E  c:\Users\dcoop\AppData\Local\Mbed Studio\mbed-studio-tools\ac6\bin\..\lib\armlib\c_w.l(libinit2.o)
    0x0000042e   0x00000000   Code   RO         5204    .ARM.Collect$$libinit$$00000030  c:\Users\dcoop\AppData\Local\Mbed Studio\mbed-studio-tools\ac6\bin\..\lib\armlib\c_w.l(libinit2.o)
    0x0000042e   0x00000004   Code   RO         5205    .ARM.Collect$$libinit$$00000031  c:\Users\dcoop\AppData\Local\Mbed Studio\mbed-studio-tools\ac6\bin\..\lib\armlib\c_w.l(libinit2.o)
    0x00000432   0x00000000   Code   RO         5206    .ARM.Collect$$libinit$$00000032  c:\Users\dcoop\AppData\Local\Mbed Studio\mbed-studio-tools\ac6\bin\..\lib\armlib\c_w.l(libinit2.o)
    0x00000432   0x00000002   Code   RO         5207    .ARM.Collect$$libinit$$00000033  c:\Users\dcoop\AppData\Local\Mbed Studio\mbed-studio-tools\ac6\bin\..\lib\armlib\c_w.l(libinit2.o)
    0x00000434   0x00000000   Code   RO         5376    .ARM.Collect$$libshutdown$$00000004  c:\Users\dcoop\AppData\Local\Mbed Studio\mbed-studio-tools\ac6\bin\..\lib\armlib\c_w.l(libshutdown2.o)
    0x00000434   0x00000000   Code   RO         5042    .ARM.Collect$$rtentry$$00000000  c:\Users\dcoop\AppData\Local\Mbed Studio\mbed-studio-tools\ac6\bin\..\lib\armlib\c_w.l(__rtentry.o)
    0x00000434   0x00000000   Code   RO         5267    .ARM.Collect$$rtentry$$00000002  c:\Users\dcoop\AppData\Local\Mbed Studio\mbed-studio-tools\ac6\bin\..\lib\armlib\c_w.l(__rtentry2.o)
    0x00000434   0x00000004   Code   RO         5281    .ARM.Collect$$rtentry$$00000007  c:\Users\dcoop\AppData\Local\Mbed Studio\mbed-studio-tools\ac6\bin\..\lib\armlib\c_w.l(__rtentry7.o)
    0x00000438   0x00000008   Code   RO         5268    .ARM.Collect$$rtentry$$00000008  c:\Users\dcoop\AppData\Local\Mbed Studio\mbed-studio-tools\ac6\bin\..\lib\armlib\c_w.l(__rtentry2.o)
    0x00000440   0x00000004   Code   RO         5270    .ARM.Collect$$rtentry$$0000000A  c:\Users\dcoop\AppData\Local\Mbed Studio\mbed-studio-tools\ac6\bin\..\lib\armlib\c_w.l(__rtentry2.o)
    0x00000444   0x00000000   Code   RO         5272    .ARM.Collect$$rtentry$$0000000C  c:\Users\dcoop\AppData\Local\Mbed Studio\mbed-studio-tools\ac6\bin\..\lib\armlib\c_w.l(__rtentry2.o)
    0x00000444   0x00000008   Code   RO         5273    .ARM.Collect$$rtentry$$0000000D  c:\Users\dcoop\AppData\Local\Mbed Studio\mbed-studio-tools\ac6\bin\..\lib\armlib\c_w.l(__rtentry2.o)
    0x0000044c   0x00000004   Code   RO         5282    .ARM.Collect$$rtentry$$00002718  c:\Users\dcoop\AppData\Local\Mbed Studio\mbed-studio-tools\ac6\bin\..\lib\armlib\c_w.l(__rtentry7.o)
    0x00000450   0x0000005c   Code   RO         2156    .text               BUILD/LPC1768/ARMC6/mbed-os/platform/source/TARGET_CORTEX_M/TOOLCHAIN_ARM/except.o
    0x000004ac   0x00000024   Code   RO         4322    .text               BUILD/LPC1768/ARMC6/mbed-os/targets/TARGET_NXP/TARGET_LPC176X/device/TOOLCHAIN_ARM_STD/startup_LPC17xx.o
    0x000004d0   0x00000002   Code   RO         4748    .text               c:\Users\dcoop\AppData\Local\Mbed Studio\mbed-studio-tools\ac6\bin\..\lib\armlib\c_w.l(use_no_semi_2.o)
    0x000004d2   0x00000002   PAD
    0x000004d4   0x00000008   Code   RO         4750    .text               c:\Users\dcoop\AppData\Local\Mbed Studio\mbed-studio-tools\ac6\bin\..\lib\armlib\c_w.l(rt_errno_addr.o)
    0x000004dc   0x0000005e   Code   RO         4759    .text               c:\Users\dcoop\AppData\Local\Mbed Studio\mbed-studio-tools\ac6\bin\..\lib\armlib\c_w.l(h1_alloc.o)
    0x0000053a   0x0000004e   Code   RO         4761    .text               c:\Users\dcoop\AppData\Local\Mbed Studio\mbed-studio-tools\ac6\bin\..\lib\armlib\c_w.l(h1_free.o)
    0x00000588   0x000000f0   Code   RO         4817    .text               c:\Users\dcoop\AppData\Local\Mbed Studio\mbed-studio-tools\ac6\bin\..\lib\armlib\c_w.l(lludivv7m.o)
    0x00000678   0x00000026   Code   RO         4819    .text               c:\Users\dcoop\AppData\Local\Mbed Studio\mbed-studio-tools\ac6\bin\..\lib\armlib\c_w.l(llshl.o)
    0x0000069e   0x00000026   Code   RO         4821    .text               c:\Users\dcoop\AppData\Local\Mbed Studio\mbed-studio-tools\ac6\bin\..\lib\armlib\c_w.l(llushr.o)
    0x000006c4   0x00000034   Code   RO         4829    .text               c:\Users\dcoop\AppData\Local\Mbed Studio\mbed-studio-tools\ac6\bin\..\lib\armlib\c_w.l(vsnprintf.o)
    0x000006f8   0x0000004e   Code   RO         4841    .text               c:\Users\dcoop\AppData\Local\Mbed Studio\mbed-studio-tools\ac6\bin\..\lib\armlib\c_w.l(_printf_pad.o)
    0x00000746   0x00000052   Code   RO         4843    .text               c:\Users\dcoop\AppData\Local\Mbed Studio\mbed-studio-tools\ac6\bin\..\lib\armlib\c_w.l(_printf_str.o)
    0x00000798   0x00000078   Code   RO         4845    .text               c:\Users\dcoop\AppData\Local\Mbed Studio\mbed-studio-tools\ac6\bin\..\lib\armlib\c_w.l(_printf_dec.o)
    0x00000810   0x00000094   Code   RO         4865    .text               c:\Users\dcoop\AppData\Local\Mbed Studio\mbed-studio-tools\ac6\bin\..\lib\armlib\c_w.l(_printf_hex_int_ll_ptr.o)
    0x000008a4   0x00000188   Code   RO         4885    .text               c:\Users\dcoop\AppData\Local\Mbed Studio\mbed-studio-tools\ac6\bin\..\lib\armlib\c_w.l(__printf_flags_ss_wp.o)
    0x00000a2c   0x0000014c   Code   RO         4899    .text               c:\Users\dcoop\AppData\Local\Mbed Studio\mbed-studio-tools\ac6\bin\..\lib\armlib\c_w.l(_scanf_int.o)
    0x00000b78   0x00000064   Code   RO         4901    .text               c:\Users\dcoop\AppData\Local\Mbed Studio\mbed-studio-tools\ac6\bin\..\lib\armlib\c_w.l(fflush.o)
    0x00000bdc   0x000000f8   Code   RO         4915    .text               c:\Users\dcoop\AppData\Local\Mbed Studio\mbed-studio-tools\ac6\bin\..\lib\armlib\c_w.l(fseek.o)
    0x00000cd4   0x000000f0   Code   RO         4919    .text               c:\Users\dcoop\AppData\Local\Mbed Studio\mbed-studio-tools\ac6\bin\..\lib\armlib\c_w.l(fopen.o)
    0x00000dc4   0x0000004c   Code   RO         4929    .text               c:\Users\dcoop\AppData\Local\Mbed Studio\mbed-studio-tools\ac6\bin\..\lib\armlib\c_w.l(fclose.o)
    0x00000e10   0x00000016   Code   RO         4943    .text               c:\Users\dcoop\AppData\Local\Mbed Studio\mbed-studio-tools\ac6\bin\..\lib\armlib\c_w.l(abort.o)
    0x00000e26   0x0000001c   Code   RO         4949    .text               c:\Users\dcoop\AppData\Local\Mbed Studio\mbed-studio-tools\ac6\bin\..\lib\armlib\c_w.l(strspn.o)
    0x00000e42   0x00000058   Code   RO         4953    .text               c:\Users\dcoop\AppData\Local\Mbed Studio\mbed-studio-tools\ac6\bin\..\lib\armlib\c_w.l(memcmp.o)
    0x00000e9a   0x0000003e   Code   RO         4957    .text               c:\Users\dcoop\AppData\Local\Mbed Studio\mbed-studio-tools\ac6\bin\..\lib\armlib\c_w.l(strlen.o)
    0x00000ed8   0x0000008a   Code   RO         4959    .text               c:\Users\dcoop\AppData\Local\Mbed Studio\mbed-studio-tools\ac6\bin\..\lib\armlib\c_w.l(rt_memcpy_v6.o)
    0x00000f62   0x00000064   Code   RO         4961    .text               c:\Users\dcoop\AppData\Local\Mbed Studio\mbed-studio-tools\ac6\bin\..\lib\armlib\c_w.l(rt_memcpy_w.o)
    0x00000fc6   0x0000004e   Code   RO         4967    .text               c:\Users\dcoop\AppData\Local\Mbed Studio\mbed-studio-tools\ac6\bin\..\lib\armlib\c_w.l(rt_memclr_w.o)
    0x00001014   0x00000080   Code   RO         4971    .text               c:\Users\dcoop\AppData\Local\Mbed Studio\mbed-studio-tools\ac6\bin\..\lib\armlib\c_w.l(strcmpv7m.o)
    0x00001094   0x00000006   Code   RO         4976    .text               c:\Users\dcoop\AppData\Local\Mbed Studio\mbed-studio-tools\ac6\bin\..\lib\armlib\c_w.l(heapauxi.o)
    0x0000109a   0x00000002   PAD
    0x0000109c   0x00000024   Code   RO         4984    .text               c:\Users\dcoop\AppData\Local\Mbed Studio\mbed-studio-tools\ac6\bin\..\lib\armlib\c_w.l(init_aeabi.o)
    0x000010c0   0x00000002   Code   RO         5038    .text               c:\Users\dcoop\AppData\Local\Mbed Studio\mbed-studio-tools\ac6\bin\..\lib\armlib\c_w.l(use_no_semi.o)
    0x000010c2   0x00000002   PAD
    0x000010c4   0x00000008   Code   RO         5047    .text               c:\Users\dcoop\AppData\Local\Mbed Studio\mbed-studio-tools\ac6\bin\..\lib\armlib\c_w.l(rt_heap_descriptor.o)
    0x000010cc   0x00000004   Code   RO         5052    .text               c:\Users\dcoop\AppData\Local\Mbed Studio\mbed-studio-tools\ac6\bin\..\lib\armlib\c_w.l(hguard.o)
    0x000010d0   0x0000008a   Code   RO         5054    .text               c:\Users\dcoop\AppData\Local\Mbed Studio\mbed-studio-tools\ac6\bin\..\lib\armlib\c_w.l(init_alloc.o)
    0x0000115a   0x0000000e   Code   RO         5058    .text               c:\Users\dcoop\AppData\Local\Mbed Studio\mbed-studio-tools\ac6\bin\..\lib\armlib\c_w.l(h1_init.o)
    0x00001168   0x00000016   Code   RO         5070    .text               c:\Users\dcoop\AppData\Local\Mbed Studio\mbed-studio-tools\ac6\bin\..\lib\armlib\c_w.l(_rserrno.o)
    0x0000117e   0x00000024   Code   RO         5072    .text               c:\Users\dcoop\AppData\Local\Mbed Studio\mbed-studio-tools\ac6\bin\..\lib\armlib\c_w.l(_printf_truncate.o)
    0x000011a2   0x000000b2   Code   RO         5074    .text               c:\Users\dcoop\AppData\Local\Mbed Studio\mbed-studio-tools\ac6\bin\..\lib\armlib\c_w.l(_printf_intcommon.o)
    0x00001254   0x00000028   Code   RO         5076    .text               c:\Users\dcoop\AppData\Local\Mbed Studio\mbed-studio-tools\ac6\bin\..\lib\armlib\c_w.l(_printf_charcount.o)
    0x0000127c   0x00000030   Code   RO         5078    .text               c:\Users\dcoop\AppData\Local\Mbed Studio\mbed-studio-tools\ac6\bin\..\lib\armlib\c_w.l(_printf_char_common.o)
    0x000012ac   0x0000000a   Code   RO         5080    .text               c:\Users\dcoop\AppData\Local\Mbed Studio\mbed-studio-tools\ac6\bin\..\lib\armlib\c_w.l(_sputc.o)
    0x000012b6   0x00000010   Code   RO         5082    .text               c:\Users\dcoop\AppData\Local\Mbed Studio\mbed-studio-tools\ac6\bin\..\lib\armlib\c_w.l(_snputc.o)
    0x000012c6   0x0000002c   Code   RO         5084    .text               c:\Users\dcoop\AppData\Local\Mbed Studio\mbed-studio-tools\ac6\bin\..\lib\armlib\c_w.l(_printf_char.o)
    0x000012f2   0x00000002   PAD
    0x000012f4   0x000000bc   Code   RO         5088    .text               c:\Users\dcoop\AppData\Local\Mbed Studio\mbed-studio-tools\ac6\bin\..\lib\armlib\c_w.l(_printf_wctomb.o)
    0x000013b0   0x0000007c   Code   RO         5091    .text               c:\Users\dcoop\AppData\Local\Mbed Studio\mbed-studio-tools\ac6\bin\..\lib\armlib\c_w.l(_printf_longlong_dec.o)
    0x0000142c   0x00000070   Code   RO         5097    .text               c:\Users\dcoop\AppData\Local\Mbed Studio\mbed-studio-tools\ac6\bin\..\lib\armlib\c_w.l(_printf_oct_int_ll.o)
    0x0000149c   0x0000001c   Code   RO         5118    .text               c:\Users\dcoop\AppData\Local\Mbed Studio\mbed-studio-tools\ac6\bin\..\lib\armlib\c_w.l(_chval.o)
    0x000014b8   0x00000042   Code   RO         5140    .text               c:\Users\dcoop\AppData\Local\Mbed Studio\mbed-studio-tools\ac6\bin\..\lib\armlib\c_w.l(ftell.o)
    0x000014fa   0x00000046   Code   RO         5142    .text               c:\Users\dcoop\AppData\Local\Mbed Studio\mbed-studio-tools\ac6\bin\..\lib\armlib\c_w.l(setvbuf.o)
    0x00001540   0x000000f0   Code   RO         5144    .text               c:\Users\dcoop\AppData\Local\Mbed Studio\mbed-studio-tools\ac6\bin\..\lib\armlib\c_w.l(stdio.o)
    0x00001630   0x00000138   Code   RO         5147    .text               c:\Users\dcoop\AppData\Local\Mbed Studio\mbed-studio-tools\ac6\bin\..\lib\armlib\c_w.l(initio.o)
    0x00001768   0x0000000e   Code   RO         5155    .text               c:\Users\dcoop\AppData\Local\Mbed Studio\mbed-studio-tools\ac6\bin\..\lib\armlib\c_w.l(defsig_abrt_outer.o)
    0x00001776   0x00000000   Code   RO         5292    .text               c:\Users\dcoop\AppData\Local\Mbed Studio\mbed-studio-tools\ac6\bin\..\lib\armlib\c_w.l(maybetermalloc1.o)
    0x00001776   0x00000034   Code   RO         5294    .text               c:\Users\dcoop\AppData\Local\Mbed Studio\mbed-studio-tools\ac6\bin\..\lib\armlib\c_w.l(h1_extend.o)
    0x000017aa   0x0000008a   Code   RO         5298    .text               c:\Users\dcoop\AppData\Local\Mbed Studio\mbed-studio-tools\ac6\bin\..\lib\armlib\c_w.l(lludiv10.o)
    0x00001834   0x0000041c   Code   RO         5302    .text               c:\Users\dcoop\AppData\Local\Mbed Studio\mbed-studio-tools\ac6\bin\..\lib\armlib\c_w.l(_printf_fp_dec.o)
    0x00001c50   0x000002fc   Code   RO         5306    .text               c:\Users\dcoop\AppData\Local\Mbed Studio\mbed-studio-tools\ac6\bin\..\lib\armlib\c_w.l(_printf_fp_hex.o)
    0x00001f4c   0x0000002c   Code   RO         5313    .text               c:\Users\dcoop\AppData\Local\Mbed Studio\mbed-studio-tools\ac6\bin\..\lib\armlib\c_w.l(_printf_wchar.o)
    0x00001f78   0x00000048   Code   RO         5351    .text               c:\Users\dcoop\AppData\Local\Mbed Studio\mbed-studio-tools\ac6\bin\..\lib\armlib\c_w.l(_c16rtomb.o)
    0x00001fc0   0x0000000a   Code   RO         5353    .text               c:\Users\dcoop\AppData\Local\Mbed Studio\mbed-studio-tools\ac6\bin\..\lib\armlib\c_w.l(defsig_exit.o)
    0x00001fca   0x00000002   PAD
    0x00001fcc   0x00000030   Code   RO         5355    .text               c:\Users\dcoop\AppData\Local\Mbed Studio\mbed-studio-tools\ac6\bin\..\lib\armlib\c_w.l(defsig_abrt_inner.o)
    0x00001ffc   0x0000000e   Code   RO         5357    .text               c:\Users\dcoop\AppData\Local\Mbed Studio\mbed-studio-tools\ac6\bin\..\lib\armlib\c_w.l(defsig_rtred_outer.o)
    0x0000200a   0x0000000e   Code   RO         5361    .text               c:\Users\dcoop\AppData\Local\Mbed Studio\mbed-studio-tools\ac6\bin\..\lib\armlib\c_w.l(defsig_rtmem_outer.o)
    0x00002018   0x00000010   Code   RO         5395    .text               c:\Users\dcoop\AppData\Local\Mbed Studio\mbed-studio-tools\ac6\bin\..\lib\armlib\c_w.l(rt_ctype_table.o)
    0x00002028   0x00000008   Code   RO         5397    .text               c:\Users\dcoop\AppData\Local\Mbed Studio\mbed-studio-tools\ac6\bin\..\lib\armlib\c_w.l(rt_locale.o)
    0x00002030   0x00000080   Code   RO         5404    .text               c:\Users\dcoop\AppData\Local\Mbed Studio\mbed-studio-tools\ac6\bin\..\lib\armlib\c_w.l(_printf_fp_infnan.o)
    0x000020b0   0x000000e4   Code   RO         5406    .text               c:\Users\dcoop\AppData\Local\Mbed Studio\mbed-studio-tools\ac6\bin\..\lib\armlib\c_w.l(bigflt0.o)
    0x00002194   0x00000032   Code   RO         5443    .text               c:\Users\dcoop\AppData\Local\Mbed Studio\mbed-studio-tools\ac6\bin\..\lib\armlib\c_w.l(defsig_general.o)
    0x000021c6   0x00000002   PAD
    0x000021c8   0x00000034   Code   RO         5449    .text               c:\Users\dcoop\AppData\Local\Mbed Studio\mbed-studio-tools\ac6\bin\..\lib\armlib\c_w.l(defsig_rtred_inner.o)
    0x000021fc   0x00000050   Code   RO         5451    .text               c:\Users\dcoop\AppData\Local\Mbed Studio\mbed-studio-tools\ac6\bin\..\lib\armlib\c_w.l(defsig_rtmem_inner.o)
    0x0000224c   0x00000002   Code   RO         2706    .text.$Sub$$__cpp_initialize__aeabi_  BUILD/LPC1768/ARMC6/mbed-os/platform/source/mbed_sdk_boot.o
    0x0000224e   0x00000002   PAD
    0x00002250   0x00000020   Code   RO         2545    .text.$Sub$$__rt_lib_init  BUILD/LPC1768/ARMC6/mbed-os/platform/source/mbed_retarget.o
    0x00002270   0x00000048   Code   RO         2712    .text.$Sub$$main    BUILD/LPC1768/ARMC6/mbed-os/platform/source/mbed_sdk_boot.o
    0x000022b8   0x00000006   Code   RO          131    .text.OUTLINED_FUNCTION_0  BUILD/LPC1768/ARMC6/graphics/graphicsController.o
    0x000022be   0x00000008   Code   RO          282    .text.OUTLINED_FUNCTION_0  BUILD/LPC1768/ARMC6/graphics/uLCD.o
    0x000022c6   0x0000000a   Code   RO         1047    .text.OUTLINED_FUNCTION_0  BUILD/LPC1768/ARMC6/mbed-os/drivers/source/SerialBase.o
    0x000022d0   0x0000000c   Code   RO         1192    .text.OUTLINED_FUNCTION_0  BUILD/LPC1768/ARMC6/mbed-os/drivers/source/UnbufferedSerial.o
    0x000022dc   0x0000000a   Code   RO         1491    .text.OUTLINED_FUNCTION_0  BUILD/LPC1768/ARMC6/mbed-os/hal/source/mbed_pinmap_common.o
    0x000022e6   0x00000006   Code   RO         1542    .text.OUTLINED_FUNCTION_0  BUILD/LPC1768/ARMC6/mbed-os/hal/source/mbed_ticker_api.o
    0x000022ec   0x00000008   Code   RO         2637    .text.OUTLINED_FUNCTION_0  BUILD/LPC1768/ARMC6/mbed-os/platform/source/mbed_retarget.o
    0x000022f4   0x0000000a   Code   RO         4555    .text.OUTLINED_FUNCTION_0  BUILD/LPC1768/ARMC6/mbed-os/targets/TARGET_NXP/TARGET_LPC176X/serial_api.o
    0x000022fe   0x0000000a   Code   RO          133    .text.OUTLINED_FUNCTION_1  BUILD/LPC1768/ARMC6/graphics/graphicsController.o
    0x00002308   0x0000000c   Code   RO          284    .text.OUTLINED_FUNCTION_1  BUILD/LPC1768/ARMC6/graphics/uLCD.o
    0x00002314   0x00000006   Code   RO         1049    .text.OUTLINED_FUNCTION_1  BUILD/LPC1768/ARMC6/mbed-os/drivers/source/SerialBase.o
    0x0000231a   0x00000008   Code   RO         2639    .text.OUTLINED_FUNCTION_1  BUILD/LPC1768/ARMC6/mbed-os/platform/source/mbed_retarget.o
    0x00002322   0x00000006   Code   RO          135    .text.OUTLINED_FUNCTION_2  BUILD/LPC1768/ARMC6/graphics/graphicsController.o
    0x00002328   0x00000006   Code   RO          286    .text.OUTLINED_FUNCTION_2  BUILD/LPC1768/ARMC6/graphics/uLCD.o
    0x0000232e   0x0000000c   Code   RO         1051    .text.OUTLINED_FUNCTION_2  BUILD/LPC1768/ARMC6/mbed-os/drivers/source/SerialBase.o
    0x0000233a   0x00000008   Code   RO         2641    .text.OUTLINED_FUNCTION_2  BUILD/LPC1768/ARMC6/mbed-os/platform/source/mbed_retarget.o
    0x00002342   0x00000006   Code   RO          288    .text.OUTLINED_FUNCTION_3  BUILD/LPC1768/ARMC6/graphics/uLCD.o
    0x00002348   0x00000008   Code   RO         1053    .text.OUTLINED_FUNCTION_3  BUILD/LPC1768/ARMC6/mbed-os/drivers/source/SerialBase.o
    0x00002350   0x0000000c   Code   RO          290    .text.OUTLINED_FUNCTION_4  BUILD/LPC1768/ARMC6/graphics/uLCD.o
    0x0000235c   0x00000008   Code   RO         1055    .text.OUTLINED_FUNCTION_4  BUILD/LPC1768/ARMC6/mbed-os/drivers/source/SerialBase.o
    0x00002364   0x00000006   Code   RO          292    .text.OUTLINED_FUNCTION_5  BUILD/LPC1768/ARMC6/graphics/uLCD.o
    0x0000236a   0x0000000a   Code   RO         1057    .text.OUTLINED_FUNCTION_5  BUILD/LPC1768/ARMC6/mbed-os/drivers/source/SerialBase.o
    0x00002374   0x00000006   Code   RO          294    .text.OUTLINED_FUNCTION_6  BUILD/LPC1768/ARMC6/graphics/uLCD.o
    0x0000237a   0x00000006   Code   RO          296    .text.OUTLINED_FUNCTION_7  BUILD/LPC1768/ARMC6/graphics/uLCD.o
    0x00002380   0x00000006   Code   RO          298    .text.OUTLINED_FUNCTION_8  BUILD/LPC1768/ARMC6/graphics/uLCD.o
    0x00002386   0x00000002   PAD
    0x00002388   0x0000009c   Code   RO         4350    .text.SystemInit    BUILD/LPC1768/ARMC6/mbed-os/targets/TARGET_NXP/TARGET_LPC176X/device/system_LPC17xx.o
    0x00002424   0x00000014   Code   RO          376    .text._GLOBAL__sub_I_main.cpp  BUILD/LPC1768/ARMC6/main.o
    0x00002438   0x00000038   Code   RO          140    .text._Z9printfdbgPKcz  BUILD/LPC1768/ARMC6/graphics/graphicsController.o
    0x00002470   0x0000000e   Code   RO         2517    .text._ZL12convert_crlfi  BUILD/LPC1768/ARMC6/mbed-os/platform/source/mbed_retarget.o
    0x0000247e   0x00000002   PAD
    0x00002480   0x00000018   Code   RO         2509    .text._ZL18handle_open_errorsij  BUILD/LPC1768/ARMC6/mbed-os/platform/source/mbed_retarget.o
    0x00002498   0x00000044   Code   RO         2495    .text._ZL18reserve_filehandlev  BUILD/LPC1768/ARMC6/mbed-os/platform/source/mbed_retarget.o
    0x000024dc   0x000000b4   Code   RO           98    .text._ZN11BitmapImage6renderEP4uLCDiii  BUILD/LPC1768/ARMC6/graphics/bitmapImage.o
    0x00002590   0x00000044   Code   RO          100    .text._ZN11BitmapImage6sampleEiiPt  BUILD/LPC1768/ARMC6/graphics/bitmapImage.o
    0x000025d4   0x00000018   Code   RO         2479    .text._ZN12DirectSerial4readEPvj  BUILD/LPC1768/ARMC6/mbed-os/platform/source/mbed_retarget.o
    0x000025ec   0x00000006   Code   RO         2663    .text._ZN12DirectSerial4seekEli  BUILD/LPC1768/ARMC6/mbed-os/platform/source/mbed_retarget.o
    0x000025f2   0x00000006   Code   RO         2669    .text._ZN12DirectSerial4sizeEv  BUILD/LPC1768/ARMC6/mbed-os/platform/source/mbed_retarget.o
    0x000025f8   0x00000004   Code   RO         2665    .text._ZN12DirectSerial5closeEv  BUILD/LPC1768/ARMC6/mbed-os/platform/source/mbed_retarget.o
    0x000025fc   0x00000020   Code   RO         2477    .text._ZN12DirectSerial5writeEPKvj  BUILD/LPC1768/ARMC6/mbed-os/platform/source/mbed_retarget.o
    0x0000261c   0x00000004   Code   RO         2667    .text._ZN12DirectSerial6isattyEv  BUILD/LPC1768/ARMC6/mbed-os/platform/source/mbed_retarget.o
    0x00002620   0x00000034   Code   RO         2475    .text._ZN12DirectSerialC2ERK15serial_pinmap_ti  BUILD/LPC1768/ARMC6/mbed-os/platform/source/mbed_retarget.o
    0x00002654   0x00000004   Code   RO         2661    .text._ZN12DirectSerialD0Ev  BUILD/LPC1768/ARMC6/mbed-os/platform/source/mbed_retarget.o
    0x00002658   0x00000092   Code   RO           92    .text._ZN15AnimationPlayer8getFrameEf  BUILD/LPC1768/ARMC6/graphics/animationPlayer.o
    0x000026ea   0x0000000c   Code   RO          214    .text._ZN15GameTickManager15registerForTickEP6Sprite  BUILD/LPC1768/ARMC6/graphics/sprite.o
    0x000026f6   0x00000002   PAD
    0x000026f8   0x00000030   Code   RO          104    .text._ZN15GameTickManager16dispatchGameTickEf  BUILD/LPC1768/ARMC6/graphics/gameTick.o
    0x00002728   0x00000036   Code   RO          175    .text._ZN15GraphicsElement12renderWithinEP4uLCDNS_17RegionOfInfluenceE  BUILD/LPC1768/ARMC6/graphics/graphicsElement.o
    0x0000275e   0x00000050   Code   RO          179    .text._ZN15GraphicsElement6getROIEv  BUILD/LPC1768/ARMC6/graphics/graphicsElement.o
    0x000027ae   0x000000a8   Code   RO          173    .text._ZN15GraphicsElement6renderEP4uLCD  BUILD/LPC1768/ARMC6/graphics/graphicsElement.o
    0x00002856   0x000000b8   Code   RO          171    .text._ZN15GraphicsElement6sampleEiiPt  BUILD/LPC1768/ARMC6/graphics/graphicsElement.o
    0x0000290e   0x0000007e   Code   RO          181    .text._ZN15GraphicsElement7isInROIENS_17RegionOfInfluenceE  BUILD/LPC1768/ARMC6/graphics/graphicsElement.o
    0x0000298c   0x00000010   Code   RO          177    .text._ZN15GraphicsElement8getLayerEv  BUILD/LPC1768/ARMC6/graphics/graphicsElement.o
    0x0000299c   0x000000e2   Code   RO          113    .text._ZN18GraphicsController11renderAllInEN15GraphicsElement17RegionOfInfluenceE  BUILD/LPC1768/ARMC6/graphics/graphicsController.o
    0x00002a7e   0x0000009c   Code   RO          117    .text._ZN18GraphicsController11samplePixelEiii  BUILD/LPC1768/ARMC6/graphics/graphicsController.o
    0x00002b1a   0x000000f4   Code   RO          115    .text._ZN18GraphicsController13resampleImageEN15GraphicsElement17RegionOfInfluenceEPS0_  BUILD/LPC1768/ARMC6/graphics/graphicsController.o
    0x00002c0e   0x000000fa   Code   RO          111    .text._ZN18GraphicsController14renderAllAboveEP15GraphicsElementb  BUILD/LPC1768/ARMC6/graphics/graphicsController.o
    0x00002d08   0x0000000e   Code   RO          125    .text._ZN18GraphicsController17registerAnimationEP15AnimationPlayer  BUILD/LPC1768/ARMC6/graphics/graphicsController.o
    0x00002d16   0x00000040   Code   RO          129    .text._ZN18GraphicsController18handleGraphicsTickEf  BUILD/LPC1768/ARMC6/graphics/graphicsController.o
    0x00002d56   0x00000088   Code   RO          123    .text._ZN18GraphicsController21removeGraphicsElementEP15GraphicsElement  BUILD/LPC1768/ARMC6/graphics/graphicsController.o
    0x00002dde   0x000000a6   Code   RO          121    .text._ZN18GraphicsController21updateGraphicsElementEP15GraphicsElement  BUILD/LPC1768/ARMC6/graphics/graphicsController.o
    0x00002e84   0x0000001a   Code   RO          119    .text._ZN18GraphicsController23registerGraphicsElementEP15GraphicsElement  BUILD/LPC1768/ARMC6/graphics/graphicsController.o
    0x00002e9e   0x00000002   PAD
    0x00002ea0   0x00000058   Code   RO           87    .text._ZN4Bomb10onGameTickEf  BUILD/LPC1768/ARMC6/game/sprites/bomb.o
    0x00002ef8   0x00000044   Code   RO           85    .text._ZN4BombC2Ev  BUILD/LPC1768/ARMC6/game/sprites/bomb.o
    0x00002f3c   0x00000018   Code   RO          301    .text._ZN4mbed10DigitalOutC2E7PinName  BUILD/LPC1768/ARMC6/graphics/uLCD.o
    0x00002f54   0x00000006   Code   RO         1774    .text._ZN4mbed10FileHandle12enable_inputEb  BUILD/LPC1768/ARMC6/mbed-os/platform/source/FileHandle.o
    0x00002f5a   0x0000000c   Code   RO         1222    .text._ZN4mbed10FileHandle12set_blockingEb  BUILD/LPC1768/ARMC6/mbed-os/drivers/source/UnbufferedSerial.o
    0x00002f66   0x00000006   Code   RO         1776    .text._ZN4mbed10FileHandle13enable_outputEb  BUILD/LPC1768/ARMC6/mbed-os/platform/source/FileHandle.o
    0x00002f6c   0x00000004   Code   RO         1216    .text._ZN4mbed10FileHandle4syncEv  BUILD/LPC1768/ARMC6/mbed-os/drivers/source/UnbufferedSerial.o
    0x00002f70   0x0000000a   Code   RO          526    .text._ZN4mbed10FileHandle4tellEv  BUILD/LPC1768/ARMC6/mbed-os/drivers/source/BufferedSerial.o
    0x00002f7a   0x00000002   Code   RO         1226    .text._ZN4mbed10FileHandle5sigioENS_8CallbackIFvvEEE  BUILD/LPC1768/ARMC6/mbed-os/drivers/source/UnbufferedSerial.o
    0x00002f7c   0x0000000a   Code   RO          528    .text._ZN4mbed10FileHandle6rewindEv  BUILD/LPC1768/ARMC6/mbed-os/drivers/source/BufferedSerial.o
    0x00002f86   0x00000006   Code   RO          530    .text._ZN4mbed10FileHandle8truncateEl  BUILD/LPC1768/ARMC6/mbed-os/drivers/source/BufferedSerial.o
    0x00002f8c   0x00000002   Code   RO         1768    .text._ZN4mbed10FileHandleD2Ev  BUILD/LPC1768/ARMC6/mbed-os/platform/source/FileHandle.o
    0x00002f8e   0x00000006   Code   RO         1019    .text._ZN4mbed10SerialBase10_base_getcEv  BUILD/LPC1768/ARMC6/mbed-os/drivers/source/SerialBase.o
    0x00002f94   0x0000000e   Code   RO         1021    .text._ZN4mbed10SerialBase10_base_putcEi  BUILD/LPC1768/ARMC6/mbed-os/drivers/source/SerialBase.o
    0x00002fa2   0x0000000e   Code   RO         1017    .text._ZN4mbed10SerialBase12_irq_handlerEj9SerialIrq  BUILD/LPC1768/ARMC6/mbed-os/drivers/source/SerialBase.o
    0x00002fb0   0x0000007e   Code   RO         1025    .text._ZN4mbed10SerialBase12enable_inputEb  BUILD/LPC1768/ARMC6/mbed-os/drivers/source/SerialBase.o
    0x0000302e   0x0000007e   Code   RO         1027    .text._ZN4mbed10SerialBase13enable_outputEb  BUILD/LPC1768/ARMC6/mbed-os/drivers/source/SerialBase.o
    0x000030ac   0x00000026   Code   RO         1007    .text._ZN4mbed10SerialBase4baudEi  BUILD/LPC1768/ARMC6/mbed-os/drivers/source/SerialBase.o
    0x000030d2   0x00000002   Code   RO         1035    .text._ZN4mbed10SerialBase4lockEv  BUILD/LPC1768/ARMC6/mbed-os/drivers/source/SerialBase.o
    0x000030d4   0x00000050   Code   RO         1001    .text._ZN4mbed10SerialBase5_initEv  BUILD/LPC1768/ARMC6/mbed-os/drivers/source/SerialBase.o
    0x00003124   0x00000092   Code   RO         1015    .text._ZN4mbed10SerialBase6attachENS_8CallbackIFvvEEENS0_7IrqTypeE  BUILD/LPC1768/ARMC6/mbed-os/drivers/source/SerialBase.o
    0x000031b6   0x00000002   Code   RO         1037    .text._ZN4mbed10SerialBase6unlockEv  BUILD/LPC1768/ARMC6/mbed-os/drivers/source/SerialBase.o
    0x000031b8   0x00000016   Code   RO         1011    .text._ZN4mbed10SerialBase8readableEv  BUILD/LPC1768/ARMC6/mbed-os/drivers/source/SerialBase.o
    0x000031ce   0x00000016   Code   RO         1013    .text._ZN4mbed10SerialBase9writeableEv  BUILD/LPC1768/ARMC6/mbed-os/drivers/source/SerialBase.o
    0x000031e4   0x0000005c   Code   RO          999    .text._ZN4mbed10SerialBaseC2E7PinNameS1_i  BUILD/LPC1768/ARMC6/mbed-os/drivers/source/SerialBase.o
    0x00003240   0x0000000e   Code   RO         1041    .text._ZN4mbed10SerialBaseD0Ev  BUILD/LPC1768/ARMC6/mbed-os/drivers/source/SerialBase.o
    0x0000324e   0x00000002   PAD
    0x00003250   0x0000003c   Code   RO         1039    .text._ZN4mbed10SerialBaseD2Ev  BUILD/LPC1768/ARMC6/mbed-os/drivers/source/SerialBase.o
    0x0000328c   0x0000000a   Code   RO         1182    .text._ZN4mbed16UnbufferedSerial12enable_inputEb  BUILD/LPC1768/ARMC6/mbed-os/drivers/source/UnbufferedSerial.o
    0x00003296   0x0000000a   Code   RO         1186    .text._ZN4mbed16UnbufferedSerial13enable_outputEb  BUILD/LPC1768/ARMC6/mbed-os/drivers/source/UnbufferedSerial.o
    0x000032a0   0x00000028   Code   RO         1174    .text._ZN4mbed16UnbufferedSerial4readEPvj  BUILD/LPC1768/ARMC6/mbed-os/drivers/source/UnbufferedSerial.o
    0x000032c8   0x00000006   Code   RO         1200    .text._ZN4mbed16UnbufferedSerial4seekEli  BUILD/LPC1768/ARMC6/mbed-os/drivers/source/UnbufferedSerial.o
    0x000032ce   0x00000006   Code   RO         1202    .text._ZN4mbed16UnbufferedSerial4sizeEv  BUILD/LPC1768/ARMC6/mbed-os/drivers/source/UnbufferedSerial.o
    0x000032d4   0x00000004   Code   RO         1206    .text._ZN4mbed16UnbufferedSerial5closeEv  BUILD/LPC1768/ARMC6/mbed-os/drivers/source/UnbufferedSerial.o
    0x000032d8   0x00000042   Code   RO         1170    .text._ZN4mbed16UnbufferedSerial5writeEPKvj  BUILD/LPC1768/ARMC6/mbed-os/drivers/source/UnbufferedSerial.o
    0x0000331a   0x00000004   Code   RO         1204    .text._ZN4mbed16UnbufferedSerial6isattyEv  BUILD/LPC1768/ARMC6/mbed-os/drivers/source/UnbufferedSerial.o
    0x0000331e   0x00000002   PAD
    0x00003320   0x00000010   Code   RO         1166    .text._ZN4mbed16UnbufferedSerialC2E7PinNameS1_i  BUILD/LPC1768/ARMC6/mbed-os/drivers/source/UnbufferedSerial.o
    0x00003330   0x0000000e   Code   RO         1198    .text._ZN4mbed16UnbufferedSerialD0Ev  BUILD/LPC1768/ARMC6/mbed-os/drivers/source/UnbufferedSerial.o
    0x0000333e   0x00000004   Code   RO         1196    .text._ZN4mbed16UnbufferedSerialD2Ev  BUILD/LPC1768/ARMC6/mbed-os/drivers/source/UnbufferedSerial.o
    0x00003342   0x00000002   PAD
    0x00003344   0x00000074   Code   RO         2491    .text._ZN4mbed16mbed_file_handleEi  BUILD/LPC1768/ARMC6/mbed-os/platform/source/mbed_retarget.o
    0x000033b8   0x00000074   Code   RO         1752    .text._ZN4mbed8FileBase6lookupEPKcj  BUILD/LPC1768/ARMC6/mbed-os/platform/source/FileBase.o
    0x0000342c   0x00000018   Code   RO         1787    .text._ZN4mbed8FilePath10fileSystemEv  BUILD/LPC1768/ARMC6/mbed-os/platform/source/FilePath.o
    0x00003444   0x00000018   Code   RO         1785    .text._ZN4mbed8FilePath12isFileSystemEv  BUILD/LPC1768/ARMC6/mbed-os/platform/source/FilePath.o
    0x0000345c   0x00000018   Code   RO         1791    .text._ZN4mbed8FilePath4fileEv  BUILD/LPC1768/ARMC6/mbed-os/platform/source/FilePath.o
    0x00003474   0x0000000a   Code   RO         1793    .text._ZN4mbed8FilePath6existsEv  BUILD/LPC1768/ARMC6/mbed-os/platform/source/FilePath.o
    0x0000347e   0x00000016   Code   RO         1789    .text._ZN4mbed8FilePath6isFileEv  BUILD/LPC1768/ARMC6/mbed-os/platform/source/FilePath.o
    0x00003494   0x0000003c   Code   RO         1781    .text._ZN4mbed8FilePathC2EPKc  BUILD/LPC1768/ARMC6/mbed-os/platform/source/FilePath.o
    0x000034d0   0x0000001e   Code   RO          234    .text._ZN4uLCD11purgeBufferEv  BUILD/LPC1768/ARMC6/graphics/uLCD.o
    0x000034ee   0x00000026   Code   RO          238    .text._ZN4uLCD12setTextColorEt  BUILD/LPC1768/ARMC6/graphics/uLCD.o
    0x00003514   0x00000058   Code   RO          240    .text._ZN4uLCD13awaitResponseEv  BUILD/LPC1768/ARMC6/graphics/uLCD.o
    0x0000356c   0x00000052   Code   RO          270    .text._ZN4uLCD13drawRectangleEiiiit  BUILD/LPC1768/ARMC6/graphics/uLCD.o
    0x000035be   0x00000026   Code   RO          278    .text._ZN4uLCD15setOutlineColorEt  BUILD/LPC1768/ARMC6/graphics/uLCD.o
    0x000035e4   0x0000004c   Code   RO          264    .text._ZN4uLCD16drawCircleFilledEiiit  BUILD/LPC1768/ARMC6/graphics/uLCD.o
    0x00003630   0x00000098   Code   RO          280    .text._ZN4uLCD17setClippingWindowEiiii  BUILD/LPC1768/ARMC6/graphics/uLCD.o
    0x000036c8   0x00000052   Code   RO          272    .text._ZN4uLCD19drawRectangleFilledEiiiit  BUILD/LPC1768/ARMC6/graphics/uLCD.o
    0x0000371a   0x0000001e   Code   RO          232    .text._ZN4uLCD3clsEv  BUILD/LPC1768/ARMC6/graphics/uLCD.o
    0x00003738   0x00000064   Code   RO          276    .text._ZN4uLCD4BLITEiiiiPt  BUILD/LPC1768/ARMC6/graphics/uLCD.o
    0x0000379c   0x00000024   Code   RO          230    .text._ZN4uLCD5resetEv  BUILD/LPC1768/ARMC6/graphics/uLCD.o
    0x000037c0   0x0000005a   Code   RO          242    .text._ZN4uLCD6printfEPKcz  BUILD/LPC1768/ARMC6/graphics/uLCD.o
    0x0000381a   0x00000002   PAD
    0x0000381c   0x000000e4   Code   RO          228    .text._ZN4uLCDC2E7PinNameS0_S0_NS_8uLCDBaudE  BUILD/LPC1768/ARMC6/graphics/uLCD.o
    0x00003900   0x00000030   Code   RO          197    .text._ZN6Sprite15enableAnimationEv  BUILD/LPC1768/ARMC6/graphics/sprite.o
    0x00003930   0x0000001c   Code   RO          189    .text._ZN6Sprite6setPosEii  BUILD/LPC1768/ARMC6/graphics/sprite.o
    0x0000394c   0x00000038   Code   RO          195    .text._ZN6Sprite8setImageEP11BitmapImage  BUILD/LPC1768/ARMC6/graphics/sprite.o
    0x00003984   0x00000030   Code   RO          205    .text._ZN6Sprite8setLayerEi  BUILD/LPC1768/ARMC6/graphics/sprite.o
    0x000039b4   0x00000044   Code   RO          185    .text._ZN6SpriteC2Ev  BUILD/LPC1768/ARMC6/graphics/sprite.o
    0x000039f8   0x00000034   Code   RO         2481    .text._ZNK12DirectSerial4pollEs  BUILD/LPC1768/ARMC6/mbed-os/platform/source/mbed_retarget.o
    0x00003a2c   0x00000014   Code   RO          412    .text._ZNK12SingletonPtrIN4rtos5MutexEE3getEv  BUILD/LPC1768/ARMC6/mbed-os/drivers/source/AnalogIn.o
    0x00003a40   0x00000004   Code   RO         1224    .text._ZNK4mbed10FileHandle11is_blockingEv  BUILD/LPC1768/ARMC6/mbed-os/drivers/source/UnbufferedSerial.o
    0x00003a44   0x00000030   Code   RO         1178    .text._ZNK4mbed16UnbufferedSerial4pollEs  BUILD/LPC1768/ARMC6/mbed-os/drivers/source/UnbufferedSerial.o
    0x00003a74   0x0000002a   Code   RO          154    .text._ZNSt3__110__list_impIP15GraphicsElementNS_9allocatorIS2_EEE5clearEv  BUILD/LPC1768/ARMC6/graphics/graphicsController.o
    0x00003a9e   0x00000038   Code   RO          144    .text._ZNSt3__14listINS0_IP15GraphicsElementNS_9allocatorIS2_EEEENS3_IS5_EEE6insertENS_21__list_const_iteratorIS5_PvEEOS5_  BUILD/LPC1768/ARMC6/graphics/graphicsController.o
    0x00003ad6   0x00000022   Code   RO          150    .text._ZNSt3__14listIP15AnimationPlayerNS_9allocatorIS2_EEE9push_backERKS2_  BUILD/LPC1768/ARMC6/graphics/graphicsController.o
    0x00003af8   0x00000030   Code   RO          162    .text._ZNSt3__14listIP15GraphicsElementNS_9allocatorIS2_EEE5eraseENS_21__list_const_iteratorIS2_PvEES8_  BUILD/LPC1768/ARMC6/graphics/graphicsController.o
    0x00003b28   0x00000038   Code   RO          158    .text._ZNSt3__14listIP15GraphicsElementNS_9allocatorIS2_EEE6assignINS_21__list_const_iteratorIS2_PvEEEEvT_SA_PNS_9enable_ifIXsr25__is_cpp17_input_iteratorISA_EE5valueEvE4typeE  BUILD/LPC1768/ARMC6/graphics/graphicsController.o
    0x00003b60   0x0000006a   Code   RO          160    .text._ZNSt3__14listIP15GraphicsElementNS_9allocatorIS2_EEE6insertINS_21__list_const_iteratorIS2_PvEEEENS_15__list_iteratorIS2_S8_EES9_T_SC_PNS_9enable_ifIXsr25__is_cpp17_input_iteratorISC_EE5valueEvE4typeE  BUILD/LPC1768/ARMC6/graphics/graphicsController.o
    0x00003bca   0x0000005c   Code   RO          148    .text._ZNSt3__14listIP15GraphicsElementNS_9allocatorIS2_EEE6removeERKS2_  BUILD/LPC1768/ARMC6/graphics/graphicsController.o
    0x00003c26   0x0000002a   Code   RO          156    .text._ZNSt3__14listIP15GraphicsElementNS_9allocatorIS2_EEE6spliceENS_21__list_const_iteratorIS2_PvEERS5_  BUILD/LPC1768/ARMC6/graphics/graphicsController.o
    0x00003c50   0x0000003e   Code   RO          164    .text._ZNSt3__14listIP15GraphicsElementNS_9allocatorIS2_EEE6spliceENS_21__list_const_iteratorIS2_PvEERS5_S8_S8_  BUILD/LPC1768/ARMC6/graphics/graphicsController.o
    0x00003c8e   0x00000022   Code   RO          146    .text._ZNSt3__14listIP15GraphicsElementNS_9allocatorIS2_EEE9push_backERKS2_  BUILD/LPC1768/ARMC6/graphics/graphicsController.o
    0x00003cb0   0x00000028   Code   RO          142    .text._ZNSt3__14listIP15GraphicsElementNS_9allocatorIS2_EEEC2ERKS5_  BUILD/LPC1768/ARMC6/graphics/graphicsController.o
    0x00003cd8   0x00000022   Code   RO          218    .text._ZNSt3__14listIP6SpriteNS_9allocatorIS2_EEE9push_backERKS2_  BUILD/LPC1768/ARMC6/graphics/sprite.o
    0x00003cfa   0x0000000c   Code   RO         1184    .text._ZThn104_N4mbed16UnbufferedSerial12enable_inputEb  BUILD/LPC1768/ARMC6/mbed-os/drivers/source/UnbufferedSerial.o
    0x00003d06   0x0000000c   Code   RO         1188    .text._ZThn104_N4mbed16UnbufferedSerial13enable_outputEb  BUILD/LPC1768/ARMC6/mbed-os/drivers/source/UnbufferedSerial.o
    0x00003d12   0x00000006   Code   RO         1176    .text._ZThn104_N4mbed16UnbufferedSerial4readEPvj  BUILD/LPC1768/ARMC6/mbed-os/drivers/source/UnbufferedSerial.o
    0x00003d18   0x00000006   Code   RO         1212    .text._ZThn104_N4mbed16UnbufferedSerial4seekEli  BUILD/LPC1768/ARMC6/mbed-os/drivers/source/UnbufferedSerial.o
    0x00003d1e   0x00000006   Code   RO         1220    .text._ZThn104_N4mbed16UnbufferedSerial4sizeEv  BUILD/LPC1768/ARMC6/mbed-os/drivers/source/UnbufferedSerial.o
    0x00003d24   0x00000004   Code   RO         1214    .text._ZThn104_N4mbed16UnbufferedSerial5closeEv  BUILD/LPC1768/ARMC6/mbed-os/drivers/source/UnbufferedSerial.o
    0x00003d28   0x00000006   Code   RO         1172    .text._ZThn104_N4mbed16UnbufferedSerial5writeEPKvj  BUILD/LPC1768/ARMC6/mbed-os/drivers/source/UnbufferedSerial.o
    0x00003d2e   0x00000004   Code   RO         1218    .text._ZThn104_N4mbed16UnbufferedSerial6isattyEv  BUILD/LPC1768/ARMC6/mbed-os/drivers/source/UnbufferedSerial.o
    0x00003d32   0x00000006   Code   RO         1210    .text._ZThn104_N4mbed16UnbufferedSerialD0Ev  BUILD/LPC1768/ARMC6/mbed-os/drivers/source/UnbufferedSerial.o
    0x00003d38   0x00000006   Code   RO         1208    .text._ZThn104_N4mbed16UnbufferedSerialD1Ev  BUILD/LPC1768/ARMC6/mbed-os/drivers/source/UnbufferedSerial.o
    0x00003d3e   0x00000006   Code   RO         1180    .text._ZThn104_NK4mbed16UnbufferedSerial4pollEs  BUILD/LPC1768/ARMC6/mbed-os/drivers/source/UnbufferedSerial.o
    0x00003d44   0x00000004   Code   RO         2569    .text._ZdlPv        BUILD/LPC1768/ARMC6/mbed-os/platform/source/mbed_retarget.o
    0x00003d48   0x00000020   Code   RO         2617    .text._Znwj         BUILD/LPC1768/ARMC6/mbed-os/platform/source/mbed_retarget.o
    0x00003d68   0x00000022   Code   RO         2611    .text.__cxa_guard_acquire  BUILD/LPC1768/ARMC6/mbed-os/platform/source/mbed_retarget.o
    0x00003d8a   0x00000002   PAD
    0x00003d8c   0x00000028   Code   RO         5018    .text.__cxa_pure_virtual  c:\Users\dcoop\AppData\Local\Mbed Studio\mbed-studio-tools\ac6\bin\..\lib\libcxx\libcppabi_w.l(cxa_virtual.cpp.o)
    0x00003db4   0x00000004   Code   RO         2547    .text.__user_setup_stackheap  BUILD/LPC1768/ARMC6/mbed-os/platform/source/mbed_retarget.o
    0x00003db8   0x00000026   Code   RO         1449    .text._gpio_init_in  BUILD/LPC1768/ARMC6/mbed-os/hal/source/mbed_gpio.o
    0x00003dde   0x00000036   Code   RO         1455    .text._gpio_init_out  BUILD/LPC1768/ARMC6/mbed-os/hal/source/mbed_gpio.o
    0x00003e14   0x0000002c   Code   RO         2543    .text._mbed_user_setup_stackheap  BUILD/LPC1768/ARMC6/mbed-os/platform/source/mbed_retarget.o
    0x00003e40   0x00000004   Code   RO         2710    .text._platform_post_stackheap_init  BUILD/LPC1768/ARMC6/mbed-os/platform/source/mbed_sdk_boot.o
    0x00003e44   0x00000004   Code   RO         2511    .text._sys_close    BUILD/LPC1768/ARMC6/mbed-os/platform/source/mbed_retarget.o
    0x00003e48   0x00000002   Code   RO         2521    .text._sys_exit     BUILD/LPC1768/ARMC6/mbed-os/platform/source/mbed_retarget.o
    0x00003e4a   0x00000024   Code   RO         2541    .text._sys_flen     BUILD/LPC1768/ARMC6/mbed-os/platform/source/mbed_retarget.o
    0x00003e6e   0x00000004   Code   RO         2529    .text._sys_istty    BUILD/LPC1768/ARMC6/mbed-os/platform/source/mbed_retarget.o
    0x00003e72   0x00000002   PAD
    0x00003e74   0x00000088   Code   RO         2505    .text._sys_open     BUILD/LPC1768/ARMC6/mbed-os/platform/source/mbed_retarget.o
    0x00003efc   0x00000006   Code   RO         2531    .text._sys_seek     BUILD/LPC1768/ARMC6/mbed-os/platform/source/mbed_retarget.o
    0x00003f02   0x00000002   PAD
    0x00003f04   0x000000c0   Code   RO         2515    .text._sys_write    BUILD/LPC1768/ARMC6/mbed-os/platform/source/mbed_retarget.o
    0x00003fc4   0x00000014   Code   RO         2523    .text._ttywrch      BUILD/LPC1768/ARMC6/mbed-os/platform/source/mbed_retarget.o
    0x00003fd8   0x00000004   Code   RO         5244    .text.abort_message  c:\Users\dcoop\AppData\Local\Mbed Studio\mbed-studio-tools\ac6\bin\..\lib\libcxx\libcppabi_w.l(abort_message.cpp.o)
    0x00003fdc   0x00000034   Code   RO         2513    .text.close         BUILD/LPC1768/ARMC6/mbed-os/platform/source/mbed_retarget.o
    0x00004010   0x0000000c   Code   RO         2294    .text.core_util_are_interrupts_enabled  BUILD/LPC1768/ARMC6/mbed-os/platform/source/mbed_critical.o
    0x0000401c   0x00000012   Code   RO         2197    .text.core_util_atomic_decr_u16  BUILD/LPC1768/ARMC6/mbed-os/platform/source/mbed_atomic_impl.o
    0x0000402e   0x00000010   Code   RO         2183    .text.core_util_atomic_exchange_u8  BUILD/LPC1768/ARMC6/mbed-os/platform/source/mbed_atomic_impl.o
    0x0000403e   0x00000014   Code   RO         2181    .text.core_util_atomic_flag_test_and_set  BUILD/LPC1768/ARMC6/mbed-os/platform/source/mbed_atomic_impl.o
    0x00004052   0x00000012   Code   RO         2191    .text.core_util_atomic_incr_u16  BUILD/LPC1768/ARMC6/mbed-os/platform/source/mbed_atomic_impl.o
    0x00004064   0x00000010   Code   RO         2300    .text.core_util_critical_section_enter  BUILD/LPC1768/ARMC6/mbed-os/platform/source/mbed_critical.o
    0x00004074   0x00000018   Code   RO         2302    .text.core_util_critical_section_exit  BUILD/LPC1768/ARMC6/mbed-os/platform/source/mbed_critical.o
    0x0000408c   0x00000004   Code   RO         2298    .text.core_util_in_critical_section  BUILD/LPC1768/ARMC6/mbed-os/platform/source/mbed_critical.o
    0x00004090   0x0000000c   Code   RO         2296    .text.core_util_is_isr_active  BUILD/LPC1768/ARMC6/mbed-os/platform/source/mbed_critical.o
    0x0000409c   0x0000001a   Code   RO         1540    .text.exact_log2    BUILD/LPC1768/ARMC6/mbed-os/hal/source/mbed_ticker_api.o
    0x000040b6   0x00000002   PAD
    0x000040b8   0x00000034   Code   RO         2587    .text.exit          BUILD/LPC1768/ARMC6/mbed-os/platform/source/mbed_retarget.o
    0x000040ec   0x00000026   Code   RO         2539    .text.fsync         BUILD/LPC1768/ARMC6/mbed-os/platform/source/mbed_retarget.o
    0x00004112   0x00000002   PAD
    0x00004114   0x00000008   Code   RO         1550    .text.get_us_ticker_data  BUILD/LPC1768/ARMC6/mbed-os/hal/source/mbed_us_ticker_api.o
    0x0000411c   0x0000001e   Code   RO         4361    .text.gpio_dir      BUILD/LPC1768/ARMC6/mbed-os/targets/TARGET_NXP/TARGET_LPC176X/gpio_api.o
    0x0000413a   0x0000002c   Code   RO         4357    .text.gpio_init     BUILD/LPC1768/ARMC6/mbed-os/targets/TARGET_NXP/TARGET_LPC176X/gpio_api.o
    0x00004166   0x00000006   Code   RO         1445    .text.gpio_init_in  BUILD/LPC1768/ARMC6/mbed-os/hal/source/mbed_gpio.o
    0x0000416c   0x00000006   Code   RO         1451    .text.gpio_init_out  BUILD/LPC1768/ARMC6/mbed-os/hal/source/mbed_gpio.o
    0x00004172   0x00000008   Code   RO         1453    .text.gpio_init_out_ex  BUILD/LPC1768/ARMC6/mbed-os/hal/source/mbed_gpio.o
    0x0000417a   0x00000006   Code   RO         4359    .text.gpio_mode     BUILD/LPC1768/ARMC6/mbed-os/targets/TARGET_NXP/TARGET_LPC176X/gpio_api.o
    0x00004180   0x00000016   Code   RO         4355    .text.gpio_set      BUILD/LPC1768/ARMC6/mbed-os/targets/TARGET_NXP/TARGET_LPC176X/gpio_api.o
    0x00004196   0x00000002   PAD
    0x00004198   0x0000001c   Code   RO         1432    .text.hal_critical_section_enter  BUILD/LPC1768/ARMC6/mbed-os/hal/source/mbed_critical_section_api.o
    0x000041b4   0x00000010   Code   RO         1434    .text.hal_critical_section_exit  BUILD/LPC1768/ARMC6/mbed-os/hal/source/mbed_critical_section_api.o
    0x000041c4   0x0000000c   Code   RO         1436    .text.hal_in_critical_section  BUILD/LPC1768/ARMC6/mbed-os/hal/source/mbed_critical_section_api.o
    0x000041d0   0x00000080   Code   RO         2309    .text.handle_error  BUILD/LPC1768/ARMC6/mbed-os/platform/source/mbed_error.o
    0x00004250   0x000000e4   Code   RO         1512    .text.initialize    BUILD/LPC1768/ARMC6/mbed-os/hal/source/mbed_ticker_api.o
    0x00004334   0x00000026   Code   RO         2499    .text.isatty        BUILD/LPC1768/ARMC6/mbed-os/platform/source/mbed_retarget.o
    0x0000435a   0x00000028   Code   RO         2533    .text.lseek         BUILD/LPC1768/ARMC6/mbed-os/platform/source/mbed_retarget.o
    0x00004382   0x00000002   PAD
    0x00004384   0x0000015c   Code   RO          374    .text.main          BUILD/LPC1768/ARMC6/main.o
    0x000044e0   0x00000028   Code   RO         2702    .text.mbed_copy_nvic  BUILD/LPC1768/ARMC6/mbed-os/platform/source/mbed_sdk_boot.o
    0x00004508   0x00000064   Code   RO         2283    .text.mbed_die      BUILD/LPC1768/ARMC6/mbed-os/platform/source/mbed_board.o
    0x0000456c   0x00000020   Code   RO         2329    .text.mbed_error    BUILD/LPC1768/ARMC6/mbed-os/platform/source/mbed_error.o
    0x0000458c   0x00000018   Code   RO         2285    .text.mbed_error_printf  BUILD/LPC1768/ARMC6/mbed-os/platform/source/mbed_board.o
    0x000045a4   0x0000004c   Code   RO         2289    .text.mbed_error_puts  BUILD/LPC1768/ARMC6/mbed-os/platform/source/mbed_board.o
    0x000045f0   0x00000034   Code   RO         2287    .text.mbed_error_vprintf  BUILD/LPC1768/ARMC6/mbed-os/platform/source/mbed_board.o
    0x00004624   0x000000f4   Code   RO         2159    .text.mbed_fault_handler  BUILD/LPC1768/ARMC6/mbed-os/platform/source/TARGET_CORTEX_M/mbed_fault_handler.o
    0x00004718   0x00000030   Code   RO         2311    .text.mbed_halt_system  BUILD/LPC1768/ARMC6/mbed-os/platform/source/mbed_error.o
    0x00004748   0x0000000e   Code   RO         2704    .text.mbed_init     BUILD/LPC1768/ARMC6/mbed-os/platform/source/mbed_sdk_boot.o
    0x00004756   0x00000004   Code   RO         2353    .text.mbed_interface_connected  BUILD/LPC1768/ARMC6/mbed-os/platform/source/mbed_interface.o
    0x0000475a   0x00000002   Code   RO         2698    .text.mbed_sdk_init  BUILD/LPC1768/ARMC6/mbed-os/platform/source/mbed_sdk_boot.o
    0x0000475c   0x0000000c   Code   RO         1558    .text.note_us_ticker_free  BUILD/LPC1768/ARMC6/mbed-os/hal/source/mbed_us_ticker_api.o
    0x00004768   0x00000014   Code   RO         1556    .text.note_us_ticker_init  BUILD/LPC1768/ARMC6/mbed-os/hal/source/mbed_us_ticker_api.o
    0x0000477c   0x00000084   Code   RO         2507    .text.open          BUILD/LPC1768/ARMC6/mbed-os/platform/source/mbed_retarget.o
    0x00004800   0x00000030   Code   RO         4432    .text.pin_function  BUILD/LPC1768/ARMC6/mbed-os/targets/TARGET_NXP/TARGET_LPC176X/pinmap.o
    0x00004830   0x00000054   Code   RO         4434    .text.pin_mode      BUILD/LPC1768/ARMC6/mbed-os/targets/TARGET_NXP/TARGET_LPC176X/pinmap.o
    0x00004884   0x0000001c   Code   RO         1477    .text.pinmap_find_peripheral  BUILD/LPC1768/ARMC6/mbed-os/hal/source/mbed_pinmap_common.o
    0x000048a0   0x00000024   Code   RO         1475    .text.pinmap_merge  BUILD/LPC1768/ARMC6/mbed-os/hal/source/mbed_pinmap_common.o
    0x000048c4   0x00000028   Code   RO         1479    .text.pinmap_peripheral  BUILD/LPC1768/ARMC6/mbed-os/hal/source/mbed_pinmap_common.o
    0x000048ec   0x00000044   Code   RO         1473    .text.pinmap_pinout  BUILD/LPC1768/ARMC6/mbed-os/hal/source/mbed_pinmap_common.o
    0x00004930   0x0000015c   Code   RO         2161    .text.print_context_info  BUILD/LPC1768/ARMC6/mbed-os/platform/source/TARGET_CORTEX_M/mbed_fault_handler.o
    0x00004a8c   0x000000ca   Code   RO         1518    .text.schedule_interrupt  BUILD/LPC1768/ARMC6/mbed-os/hal/source/mbed_ticker_api.o
    0x00004b56   0x00000002   PAD
    0x00004b58   0x00000010   Code   RO         2748    .text.semihost_connected  BUILD/LPC1768/ARMC6/mbed-os/platform/source/mbed_semihost_api.o
    0x00004b68   0x0000000c   Code   RO         2738    .text.semihost_exit  BUILD/LPC1768/ARMC6/mbed-os/platform/source/mbed_semihost_api.o
    0x00004b74   0x000001a0   Code   RO         4505    .text.serial_baud   BUILD/LPC1768/ARMC6/mbed-os/targets/TARGET_NXP/TARGET_LPC176X/serial_api.o
    0x00004d14   0x00000018   Code   RO         4545    .text.serial_flow_irq_set  BUILD/LPC1768/ARMC6/mbed-os/targets/TARGET_NXP/TARGET_LPC176X/serial_api.o
    0x00004d2c   0x00000010   Code   RO         4511    .text.serial_free   BUILD/LPC1768/ARMC6/mbed-os/targets/TARGET_NXP/TARGET_LPC176X/serial_api.o
    0x00004d3c   0x00000030   Code   RO         4529    .text.serial_getc   BUILD/LPC1768/ARMC6/mbed-os/targets/TARGET_NXP/TARGET_LPC176X/serial_api.o
    0x00004d6c   0x00000120   Code   RO         4503    .text.serial_init   BUILD/LPC1768/ARMC6/mbed-os/targets/TARGET_NXP/TARGET_LPC176X/serial_api.o
    0x00004e8c   0x0000000a   Code   RO         1590    .text.serial_init_direct  BUILD/LPC1768/ARMC6/mbed-os/hal/source/static_pinmap.o
    0x00004e96   0x00000002   PAD
    0x00004e98   0x00000014   Code   RO         4523    .text.serial_irq_handler  BUILD/LPC1768/ARMC6/mbed-os/targets/TARGET_NXP/TARGET_LPC176X/serial_api.o
    0x00004eac   0x00000020   Code   RO         4525    .text.serial_irq_set  BUILD/LPC1768/ARMC6/mbed-os/targets/TARGET_NXP/TARGET_LPC176X/serial_api.o
    0x00004ecc   0x000000d0   Code   RO         4527    .text.serial_irq_set_internal  BUILD/LPC1768/ARMC6/mbed-os/targets/TARGET_NXP/TARGET_LPC176X/serial_api.o
    0x00004f9c   0x0000002c   Code   RO         4533    .text.serial_putc   BUILD/LPC1768/ARMC6/mbed-os/targets/TARGET_NXP/TARGET_LPC176X/serial_api.o
    0x00004fc8   0x0000000a   Code   RO         4531    .text.serial_readable  BUILD/LPC1768/ARMC6/mbed-os/targets/TARGET_NXP/TARGET_LPC176X/serial_api.o
    0x00004fd2   0x00000002   PAD
    0x00004fd4   0x000000e0   Code   RO         4509    .text.serial_set_flow_control  BUILD/LPC1768/ARMC6/mbed-os/targets/TARGET_NXP/TARGET_LPC176X/serial_api.o
    0x000050b4   0x0000004c   Code   RO         4535    .text.serial_writable  BUILD/LPC1768/ARMC6/mbed-os/targets/TARGET_NXP/TARGET_LPC176X/serial_api.o
    0x00005100   0x00000024   Code   RO         2456    .text.sleep_manager_lock_deep_sleep_internal  BUILD/LPC1768/ARMC6/mbed-os/platform/source/mbed_power_mgmt.o
    0x00005124   0x00000030   Code   RO         2458    .text.sleep_manager_unlock_deep_sleep_internal  BUILD/LPC1768/ARMC6/mbed-os/platform/source/mbed_power_mgmt.o
    0x00005154   0x0000005e   Code   RO         1514    .text.ticker_irq_handler  BUILD/LPC1768/ARMC6/mbed-os/hal/source/mbed_ticker_api.o
    0x000051b2   0x00000008   Code   RO         1528    .text.ticker_read   BUILD/LPC1768/ARMC6/mbed-os/hal/source/mbed_ticker_api.o
    0x000051ba   0x00000020   Code   RO         1530    .text.ticker_read_us  BUILD/LPC1768/ARMC6/mbed-os/hal/source/mbed_ticker_api.o
    0x000051da   0x00000002   PAD
    0x000051dc   0x0000000c   Code   RO         4513    .text.uart0_irq     BUILD/LPC1768/ARMC6/mbed-os/targets/TARGET_NXP/TARGET_LPC176X/serial_api.o
    0x000051e8   0x0000000c   Code   RO         4517    .text.uart1_irq     BUILD/LPC1768/ARMC6/mbed-os/targets/TARGET_NXP/TARGET_LPC176X/serial_api.o
    0x000051f4   0x0000000c   Code   RO         4519    .text.uart2_irq     BUILD/LPC1768/ARMC6/mbed-os/targets/TARGET_NXP/TARGET_LPC176X/serial_api.o
    0x00005200   0x0000000c   Code   RO         4521    .text.uart3_irq     BUILD/LPC1768/ARMC6/mbed-os/targets/TARGET_NXP/TARGET_LPC176X/serial_api.o
    0x0000520c   0x00000060   Code   RO         4515    .text.uart_irq      BUILD/LPC1768/ARMC6/mbed-os/targets/TARGET_NXP/TARGET_LPC176X/serial_api.o
    0x0000526c   0x0000007c   Code   RO         1516    .text.update_present_time  BUILD/LPC1768/ARMC6/mbed-os/hal/source/mbed_ticker_api.o
    0x000052e8   0x0000000c   Code   RO         4626    .text.us_ticker_clear_interrupt  BUILD/LPC1768/ARMC6/mbed-os/targets/TARGET_NXP/TARGET_LPC176X/us_ticker.o
    0x000052f4   0x0000000c   Code   RO         4618    .text.us_ticker_disable_interrupt  BUILD/LPC1768/ARMC6/mbed-os/targets/TARGET_NXP/TARGET_LPC176X/us_ticker.o
    0x00005300   0x0000000c   Code   RO         4624    .text.us_ticker_fire_interrupt  BUILD/LPC1768/ARMC6/mbed-os/targets/TARGET_NXP/TARGET_LPC176X/us_ticker.o
    0x0000530c   0x00000024   Code   RO         4628    .text.us_ticker_free  BUILD/LPC1768/ARMC6/mbed-os/targets/TARGET_NXP/TARGET_LPC176X/us_ticker.o
    0x00005330   0x00000008   Code   RO         4614    .text.us_ticker_get_info  BUILD/LPC1768/ARMC6/mbed-os/targets/TARGET_NXP/TARGET_LPC176X/us_ticker.o
    0x00005338   0x0000006c   Code   RO         4616    .text.us_ticker_init  BUILD/LPC1768/ARMC6/mbed-os/targets/TARGET_NXP/TARGET_LPC176X/us_ticker.o
    0x000053a4   0x00000014   Code   RO         1554    .text.us_ticker_irq_handler  BUILD/LPC1768/ARMC6/mbed-os/hal/source/mbed_us_ticker_api.o
    0x000053b8   0x0000000c   Code   RO         4620    .text.us_ticker_read  BUILD/LPC1768/ARMC6/mbed-os/targets/TARGET_NXP/TARGET_LPC176X/us_ticker.o
    0x000053c4   0x00000014   Code   RO         4622    .text.us_ticker_set_interrupt  BUILD/LPC1768/ARMC6/mbed-os/targets/TARGET_NXP/TARGET_LPC176X/us_ticker.o
    0x000053d8   0x0000001e   Code   RO         2774    .text.wait_us       BUILD/LPC1768/ARMC6/mbed-os/platform/source/mbed_wait_api_no_rtos.o
    0x000053f6   0x00000028   Code   RO         2519    .text.write         BUILD/LPC1768/ARMC6/mbed-os/platform/source/mbed_retarget.o
    0x0000541e   0x0000003e   Code   RO         5409    CL$$btod_d2e        c:\Users\dcoop\AppData\Local\Mbed Studio\mbed-studio-tools\ac6\bin\..\lib\armlib\c_w.l(btod.o)
    0x0000545c   0x00000046   Code   RO         5411    CL$$btod_d2e_denorm_low  c:\Users\dcoop\AppData\Local\Mbed Studio\mbed-studio-tools\ac6\bin\..\lib\armlib\c_w.l(btod.o)
    0x000054a2   0x00000060   Code   RO         5410    CL$$btod_d2e_norm_op1  c:\Users\dcoop\AppData\Local\Mbed Studio\mbed-studio-tools\ac6\bin\..\lib\armlib\c_w.l(btod.o)
    0x00005502   0x00000338   Code   RO         5419    CL$$btod_div_common  c:\Users\dcoop\AppData\Local\Mbed Studio\mbed-studio-tools\ac6\bin\..\lib\armlib\c_w.l(btod.o)
    0x0000583a   0x000000dc   Code   RO         5416    CL$$btod_e2e        c:\Users\dcoop\AppData\Local\Mbed Studio\mbed-studio-tools\ac6\bin\..\lib\armlib\c_w.l(btod.o)
    0x00005916   0x0000002a   Code   RO         5413    CL$$btod_ediv       c:\Users\dcoop\AppData\Local\Mbed Studio\mbed-studio-tools\ac6\bin\..\lib\armlib\c_w.l(btod.o)
    0x00005940   0x0000002a   Code   RO         5412    CL$$btod_emul       c:\Users\dcoop\AppData\Local\Mbed Studio\mbed-studio-tools\ac6\bin\..\lib\armlib\c_w.l(btod.o)
    0x0000596a   0x00000244   Code   RO         5418    CL$$btod_mult_common  c:\Users\dcoop\AppData\Local\Mbed Studio\mbed-studio-tools\ac6\bin\..\lib\armlib\c_w.l(btod.o)
    0x00005bae   0x00000028   Code   RO         5474    i.__ARM_fpclassify  c:\Users\dcoop\AppData\Local\Mbed Studio\mbed-studio-tools\ac6\bin\..\lib\armlib\m_ws.l(fpclassify.o)
    0x00005bd6   0x00000026   Code   RO         5247    i.__ARM_fpclassifyf  c:\Users\dcoop\AppData\Local\Mbed Studio\mbed-studio-tools\ac6\bin\..\lib\armlib\m_ws.l(fpclassifyf.o)
    0x00005bfc   0x00000006   Code   RO         5250    i.__mathlib_flt_infnan  c:\Users\dcoop\AppData\Local\Mbed Studio\mbed-studio-tools\ac6\bin\..\lib\armlib\m_ws.l(funder.o)
    0x00005c02   0x00000008   Code   RO         5252    i.__mathlib_flt_invalid  c:\Users\dcoop\AppData\Local\Mbed Studio\mbed-studio-tools\ac6\bin\..\lib\armlib\m_ws.l(funder.o)
    0x00005c0a   0x0000000a   Code   RO         5255    i.__mathlib_flt_underflow  c:\Users\dcoop\AppData\Local\Mbed Studio\mbed-studio-tools\ac6\bin\..\lib\armlib\m_ws.l(funder.o)
    0x00005c14   0x00000168   Code   RO         5263    i.__mathlib_rredf2  c:\Users\dcoop\AppData\Local\Mbed Studio\mbed-studio-tools\ac6\bin\..\lib\armlib\m_ws.l(rredf.o)
    0x00005d7c   0x0000000e   Code   RO         4878    i._is_digit         c:\Users\dcoop\AppData\Local\Mbed Studio\mbed-studio-tools\ac6\bin\..\lib\armlib\c_w.l(__printf_wp.o)
    0x00005d8a   0x00000002   PAD
    0x00005d8c   0x0000017c   Code   RO         5024    i.cosf              c:\Users\dcoop\AppData\Local\Mbed Studio\mbed-studio-tools\ac6\bin\..\lib\armlib\m_ws.l(cosf.o)
    0x00005f08   0x00000188   Code   RO         5032    i.sinf              c:\Users\dcoop\AppData\Local\Mbed Studio\mbed-studio-tools\ac6\bin\..\lib\armlib\m_ws.l(sinf.o)
    0x00006090   0x0000002c   Code   RO         5439    locale$$code        c:\Users\dcoop\AppData\Local\Mbed Studio\mbed-studio-tools\ac6\bin\..\lib\armlib\c_w.l(lc_numeric_c.o)
    0x000060bc   0x0000002c   Code   RO         5493    locale$$code        c:\Users\dcoop\AppData\Local\Mbed Studio\mbed-studio-tools\ac6\bin\..\lib\armlib\c_w.l(lc_ctype_c.o)
    0x000060e8   0x000000c4   Code   RO         4987    x$fpl$fadd          c:\Users\dcoop\AppData\Local\Mbed Studio\mbed-studio-tools\ac6\bin\..\lib\armlib\fz_ws.l(faddsub_clz.o)
    0x000061ac   0x0000000c   Code   RO         5460    x$fpl$fcheck1       c:\Users\dcoop\AppData\Local\Mbed Studio\mbed-studio-tools\ac6\bin\..\lib\armlib\fz_ws.l(fcheck1.o)
    0x000061b8   0x00000184   Code   RO         4996    x$fpl$fdiv          c:\Users\dcoop\AppData\Local\Mbed Studio\mbed-studio-tools\ac6\bin\..\lib\armlib\fz_ws.l(fdiv.o)
    0x0000633c   0x00000036   Code   RO         4999    x$fpl$ffix          c:\Users\dcoop\AppData\Local\Mbed Studio\mbed-studio-tools\ac6\bin\..\lib\armlib\fz_ws.l(ffix.o)
    0x00006372   0x00000002   PAD
    0x00006374   0x00000030   Code   RO         5008    x$fpl$fflt          c:\Users\dcoop\AppData\Local\Mbed Studio\mbed-studio-tools\ac6\bin\..\lib\armlib\fz_ws.l(fflt_clz.o)
    0x000063a4   0x00000026   Code   RO         5007    x$fpl$ffltu         c:\Users\dcoop\AppData\Local\Mbed Studio\mbed-studio-tools\ac6\bin\..\lib\armlib\fz_ws.l(fflt_clz.o)
    0x000063ca   0x00000002   PAD
    0x000063cc   0x00000102   Code   RO         5015    x$fpl$fmul          c:\Users\dcoop\AppData\Local\Mbed Studio\mbed-studio-tools\ac6\bin\..\lib\armlib\fz_ws.l(fmul.o)
    0x000064ce   0x0000008c   Code   RO         5226    x$fpl$fnaninf       c:\Users\dcoop\AppData\Local\Mbed Studio\mbed-studio-tools\ac6\bin\..\lib\armlib\fz_ws.l(fnaninf.o)
    0x0000655a   0x0000000a   Code   RO         5228    x$fpl$fretinf       c:\Users\dcoop\AppData\Local\Mbed Studio\mbed-studio-tools\ac6\bin\..\lib\armlib\fz_ws.l(fretinf.o)
    0x00006564   0x00000060   Code   RO         5230    x$fpl$frnd          c:\Users\dcoop\AppData\Local\Mbed Studio\mbed-studio-tools\ac6\bin\..\lib\armlib\fz_ws.l(frnd.o)
    0x000065c4   0x00000014   Code   RO         4988    x$fpl$frsb          c:\Users\dcoop\AppData\Local\Mbed Studio\mbed-studio-tools\ac6\bin\..\lib\armlib\fz_ws.l(faddsub_clz.o)
    0x000065d8   0x000000ea   Code   RO         4989    x$fpl$fsub          c:\Users\dcoop\AppData\Local\Mbed Studio\mbed-studio-tools\ac6\bin\..\lib\armlib\fz_ws.l(faddsub_clz.o)
    0x000066c2   0x00000004   Code   RO         5232    x$fpl$printf1       c:\Users\dcoop\AppData\Local\Mbed Studio\mbed-studio-tools\ac6\bin\..\lib\armlib\fz_ws.l(printf1.o)
    0x000066c6   0x00000004   Code   RO         5234    x$fpl$printf2       c:\Users\dcoop\AppData\Local\Mbed Studio\mbed-studio-tools\ac6\bin\..\lib\armlib\fz_ws.l(printf2.o)
    0x000066ca   0x00000064   Code   RO         5505    x$fpl$retnan        c:\Users\dcoop\AppData\Local\Mbed Studio\mbed-studio-tools\ac6\bin\..\lib\armlib\fz_ws.l(retnan.o)
    0x0000672e   0x0000004c   Code   RO         5393    x$fpl$scalbnf       c:\Users\dcoop\AppData\Local\Mbed Studio\mbed-studio-tools\ac6\bin\..\lib\armlib\fz_ws.l(scalbnf.o)
    0x0000677a   0x00000030   Code   RO         5529    x$fpl$trapveneer    c:\Users\dcoop\AppData\Local\Mbed Studio\mbed-studio-tools\ac6\bin\..\lib\armlib\fz_ws.l(trapv.o)
    0x000067aa   0x00000000   Code   RO         5242    x$fpl$usenofp       c:\Users\dcoop\AppData\Local\Mbed Studio\mbed-studio-tools\ac6\bin\..\lib\armlib\fz_ws.l(usenofp.o)
    0x000067aa   0x00000028   Data   RO         4866    .constdata          c:\Users\dcoop\AppData\Local\Mbed Studio\mbed-studio-tools\ac6\bin\..\lib\armlib\c_w.l(_printf_hex_int_ll_ptr.o)
    0x000067d2   0x00000011   Data   RO         4886    .constdata          c:\Users\dcoop\AppData\Local\Mbed Studio\mbed-studio-tools\ac6\bin\..\lib\armlib\c_w.l(__printf_flags_ss_wp.o)
    0x000067e3   0x00000001   PAD
    0x000067e4   0x00000008   Data   RO         5089    .constdata          c:\Users\dcoop\AppData\Local\Mbed Studio\mbed-studio-tools\ac6\bin\..\lib\armlib\c_w.l(_printf_wctomb.o)
    0x000067ec   0x00000020   Data   RO         5264    .constdata          c:\Users\dcoop\AppData\Local\Mbed Studio\mbed-studio-tools\ac6\bin\..\lib\armlib\m_ws.l(rredf.o)
    0x0000680c   0x00000026   Data   RO         5307    .constdata          c:\Users\dcoop\AppData\Local\Mbed Studio\mbed-studio-tools\ac6\bin\..\lib\armlib\c_w.l(_printf_fp_hex.o)
    0x00006832   0x00000002   PAD
    0x00006834   0x00000094   Data   RO         5407    .constdata          c:\Users\dcoop\AppData\Local\Mbed Studio\mbed-studio-tools\ac6\bin\..\lib\armlib\c_w.l(bigflt0.o)
    0x000068c8   0x00000000   Data   RO         2714    .rodata             BUILD/LPC1768/ARMC6/mbed-os/platform/source/mbed_sdk_boot.o
    0x000068c8   0x00000024   Data   RO         4562    .rodata.PinMap_UART_CTS  BUILD/LPC1768/ARMC6/mbed-os/targets/TARGET_NXP/TARGET_LPC176X/serial_api.o
    0x000068ec   0x00000024   Data   RO         4561    .rodata.PinMap_UART_RTS  BUILD/LPC1768/ARMC6/mbed-os/targets/TARGET_NXP/TARGET_LPC176X/serial_api.o
    0x00006910   0x0000006c   Data   RO         4558    .rodata.PinMap_UART_RX  BUILD/LPC1768/ARMC6/mbed-os/targets/TARGET_NXP/TARGET_LPC176X/serial_api.o
    0x0000697c   0x0000006c   Data   RO         4557    .rodata.PinMap_UART_TX  BUILD/LPC1768/ARMC6/mbed-os/targets/TARGET_NXP/TARGET_LPC176X/serial_api.o
    0x000069e8   0x00000079   Data   RO           13    .rodata._ZL13bomb_0_bitmap  BUILD/LPC1768/ARMC6/assets/bomb.o
    0x00006a61   0x00000079   Data   RO           15    .rodata._ZL13bomb_1_bitmap  BUILD/LPC1768/ARMC6/assets/bomb.o
    0x00006ada   0x00000079   Data   RO           17    .rodata._ZL13bomb_2_bitmap  BUILD/LPC1768/ARMC6/assets/bomb.o
    0x00006b53   0x00000079   Data   RO           19    .rodata._ZL13bomb_3_bitmap  BUILD/LPC1768/ARMC6/assets/bomb.o
    0x00006bcc   0x00000090   Data   RO           39    .rodata._ZL14apple_0_bitmap  BUILD/LPC1768/ARMC6/assets/fruits.o
    0x00006c5c   0x00000090   Data   RO           29    .rodata._ZL15orange_2_bitmap  BUILD/LPC1768/ARMC6/assets/fruits.o
    0x00006cec   0x0000001c   Data   RO           11    .rodata._ZL17bomb_colorLUT_lut  BUILD/LPC1768/ARMC6/assets/bomb.o
    0x00006d08   0x00000001   Data   RO          212    .rodata._ZL18placeholderImg_buf  BUILD/LPC1768/ARMC6/graphics/sprite.o
    0x00006d09   0x00000001   PAD
    0x00006d0a   0x00000026   Data   RO           22    .rodata._ZL19fruits_colorLUT_lut  BUILD/LPC1768/ARMC6/assets/fruits.o
    0x00006d30   0x00000002   Data   RO          210    .rodata._ZL22placeholderImg_lut_buf  BUILD/LPC1768/ARMC6/graphics/sprite.o
    0x00006d32   0x00008000   Data   RO            8    .rodata._ZL23backgroundGame_0_bitmap  BUILD/LPC1768/ARMC6/assets/backgrounds.o
    0x0000ed32   0x00000002   PAD
    0x0000ed34   0x00000050   Data   RO         2650    .rodata._ZTV12DirectSerial  BUILD/LPC1768/ARMC6/mbed-os/platform/source/mbed_retarget.o
    0x0000ed84   0x0000000c   Data   RO           89    .rodata._ZTV4Bomb   BUILD/LPC1768/ARMC6/game/sprites/bomb.o
    0x0000ed90   0x0000000c   Data   RO          226    .rodata._ZTV6Sprite  BUILD/LPC1768/ARMC6/graphics/sprite.o
    0x0000ed9c   0x00000018   Data   RO         1059    .rodata._ZTVN4mbed10SerialBaseE  BUILD/LPC1768/ARMC6/mbed-os/drivers/source/SerialBase.o
    0x0000edb4   0x0000008c   Data   RO         1194    .rodata._ZTVN4mbed16UnbufferedSerialE  BUILD/LPC1768/ARMC6/mbed-os/drivers/source/UnbufferedSerial.o
    0x0000ee40   0x00000018   Data   RO         2657    .rodata._ZZL15default_consolevE14console_pinmap  BUILD/LPC1768/ARMC6/mbed-os/platform/source/mbed_retarget.o
    0x0000ee58   0x00000008   Data   RO         2647    .rodata.__stderr_name  BUILD/LPC1768/ARMC6/mbed-os/platform/source/mbed_retarget.o
    0x0000ee60   0x00000007   Data   RO         2645    .rodata.__stdin_name  BUILD/LPC1768/ARMC6/mbed-os/platform/source/mbed_retarget.o
    0x0000ee67   0x00000008   Data   RO         2646    .rodata.__stdout_name  BUILD/LPC1768/ARMC6/mbed-os/platform/source/mbed_retarget.o
    0x0000ee6f   0x000000c8   Data   RO         2165    .rodata.str1.1      BUILD/LPC1768/ARMC6/mbed-os/platform/source/TARGET_CORTEX_M/mbed_fault_handler.o
    0x0000ef37   0x00000001   PAD
    0x0000ef38   0x00000008   Data   RO         1560    .rodata.us_data     BUILD/LPC1768/ARMC6/mbed-os/hal/source/mbed_us_ticker_api.o
    0x0000ef40   0x00000024   Data   RO         1563    .rodata.us_interface  BUILD/LPC1768/ARMC6/mbed-os/hal/source/mbed_us_ticker_api.o
    0x0000ef64   0x00000008   Data   RO         4630    .rodata.us_ticker_get_info.info  BUILD/LPC1768/ARMC6/mbed-os/targets/TARGET_NXP/TARGET_LPC176X/us_ticker.o
    0x0000ef6c   0x00000020   Data   RO         5567    Region$$Table       anon$$obj.o
    0x0000ef8c   0x0000001c   Data   RO         5438    locale$$data        c:\Users\dcoop\AppData\Local\Mbed Studio\mbed-studio-tools\ac6\bin\..\lib\armlib\c_w.l(lc_numeric_c.o)
    0x0000efa8   0x00000110   Data   RO         5492    locale$$data        c:\Users\dcoop\AppData\Local\Mbed Studio\mbed-studio-tools\ac6\bin\..\lib\armlib\c_w.l(lc_ctype_c.o)
    0x0000f0b8   0x00000004   Data   RO          379    .init_array         BUILD/LPC1768/ARMC6/main.o
    0x0000f0bc   0x00000000   Data   RO         4982    .init_array         c:\Users\dcoop\AppData\Local\Mbed Studio\mbed-studio-tools\ac6\bin\..\lib\armlib\c_w.l(init_aeabi.o)


    Execution Region RW_IRAM1 (Base: 0x100000c8, Size: 0x00000508, Max: 0x00007f18, ABSOLUTE)

    Base Addr    Size         Type   Attr      Idx    E Section Name        Object

    0x100000c8   0x00000004   Data   RW         4926    .data               c:\Users\dcoop\AppData\Local\Mbed Studio\mbed-studio-tools\ac6\bin\..\lib\armlib\c_w.l(stdio_streams.o)
    0x100000cc   0x00000004   Data   RW         4927    .data               c:\Users\dcoop\AppData\Local\Mbed Studio\mbed-studio-tools\ac6\bin\..\lib\armlib\c_w.l(stdio_streams.o)
    0x100000d0   0x00000004   Data   RW         4928    .data               c:\Users\dcoop\AppData\Local\Mbed Studio\mbed-studio-tools\ac6\bin\..\lib\armlib\c_w.l(stdio_streams.o)
    0x100000d4   0x00000004   Data   RW         4352    .data.SystemCoreClock  BUILD/LPC1768/ARMC6/mbed-os/targets/TARGET_NXP/TARGET_LPC176X/device/system_LPC17xx.o
    0x100000d8   0x00000040   Data   RW         2656    .data._ZL11filehandles  BUILD/LPC1768/ARMC6/mbed-os/platform/source/mbed_retarget.o
    0x10000118   0x0000000c   Data   RW          106    .data._tickManager  BUILD/LPC1768/ARMC6/graphics/gameTick.o
    0x10000124   0x00000014   Data   RW           23    .data.apple_0       BUILD/LPC1768/ARMC6/assets/fruits.o
    0x10000138   0x00000014   Data   RW            7    .data.backgroundGame_0  BUILD/LPC1768/ARMC6/assets/backgrounds.o
    0x1000014c   0x00000014   Data   RW           12    .data.bomb_0        BUILD/LPC1768/ARMC6/assets/bomb.o
    0x10000160   0x00000014   Data   RW           14    .data.bomb_1        BUILD/LPC1768/ARMC6/assets/bomb.o
    0x10000174   0x00000014   Data   RW           16    .data.bomb_2        BUILD/LPC1768/ARMC6/assets/bomb.o
    0x10000188   0x00000014   Data   RW           18    .data.bomb_3        BUILD/LPC1768/ARMC6/assets/bomb.o
    0x1000019c   0x00000008   Data   RW            5    .data.bomb_animation  BUILD/LPC1768/ARMC6/assets/animationAssets.o
    0x100001a4   0x00000010   Data   RW            4    .data.bomb_animation_frames  BUILD/LPC1768/ARMC6/assets/animationAssets.o
    0x100001b4   0x00000004   Data   RW           10    .data.bomb_colorLUT  BUILD/LPC1768/ARMC6/assets/bomb.o
    0x100001b8   0x00000004   Data   RW           21    .data.fruits_colorLUT  BUILD/LPC1768/ARMC6/assets/fruits.o
    0x100001bc   0x00000004   Data   RW         1561    .data.irq_handler   BUILD/LPC1768/ARMC6/mbed-os/hal/source/mbed_us_ticker_api.o
    0x100001c0   0x00000014   Data   RW           28    .data.orange_2      BUILD/LPC1768/ARMC6/assets/fruits.o
    0x100001d4   0x00000014   Data   RW          211    .data.placeholderImg  BUILD/LPC1768/ARMC6/graphics/sprite.o
    0x100001e8   0x00000004   Data   RW          209    .data.placeholderImg_lut  BUILD/LPC1768/ARMC6/graphics/sprite.o
    0x100001ec   0x00000004   Zero   RW         4751    .bss                c:\Users\dcoop\AppData\Local\Mbed Studio\mbed-studio-tools\ac6\bin\..\lib\armlib\c_w.l(rt_errno_addr.o)
    0x100001f0   0x00000054   Zero   RW         4923    .bss                c:\Users\dcoop\AppData\Local\Mbed Studio\mbed-studio-tools\ac6\bin\..\lib\armlib\c_w.l(stdio_streams.o)
    0x10000244   0x00000054   Zero   RW         4924    .bss                c:\Users\dcoop\AppData\Local\Mbed Studio\mbed-studio-tools\ac6\bin\..\lib\armlib\c_w.l(stdio_streams.o)
    0x10000298   0x00000054   Zero   RW         4925    .bss                c:\Users\dcoop\AppData\Local\Mbed Studio\mbed-studio-tools\ac6\bin\..\lib\armlib\c_w.l(stdio_streams.o)
    0x100002ec   0x00000004   Zero   RW         5048    .bss                c:\Users\dcoop\AppData\Local\Mbed Studio\mbed-studio-tools\ac6\bin\..\lib\armlib\c_w.l(rt_heap_descriptor.o)
    0x100002f0   0x00000014   Zero   RW         5398    .bss                c:\Users\dcoop\AppData\Local\Mbed Studio\mbed-studio-tools\ac6\bin\..\lib\armlib\c_w.l(rt_locale.o)
    0x10000304   0x00000002   Zero   RW         1438    .bss..L_MergedGlobals  BUILD/LPC1768/ARMC6/mbed-os/hal/source/mbed_critical_section_api.o
    0x10000306   0x00000002   PAD
    0x10000308   0x00000010   Zero   RW         1761    .bss..L_MergedGlobals  BUILD/LPC1768/ARMC6/mbed-os/platform/source/FileBase.o
    0x10000318   0x00000070   Zero   RW         2349    .bss..L_MergedGlobals  BUILD/LPC1768/ARMC6/mbed-os/platform/source/mbed_error.o
    0x10000388   0x00000028   Zero   RW         2659    .bss..L_MergedGlobals  BUILD/LPC1768/ARMC6/mbed-os/platform/source/mbed_retarget.o
    0x100003b0   0x00000008   Zero   RW         2715    .bss..L_MergedGlobals  BUILD/LPC1768/ARMC6/mbed-os/platform/source/mbed_sdk_boot.o
    0x100003b8   0x00000010   Zero   RW         4563    .bss..L_MergedGlobals  BUILD/LPC1768/ARMC6/mbed-os/targets/TARGET_NXP/TARGET_LPC176X/serial_api.o
    0x100003c8   0x00000008   Zero   RW         2655    .bss._ZL16filehandle_mutex  BUILD/LPC1768/ARMC6/mbed-os/platform/source/mbed_retarget.o
    0x100003d0   0x00000004   Zero   RW          137    .bss._globalGraphics  BUILD/LPC1768/ARMC6/graphics/graphicsController.o
    0x100003d4   0x00000001   Zero   RW         1562    .bss._us_ticker_initialized  BUILD/LPC1768/ARMC6/mbed-os/hal/source/mbed_us_ticker_api.o
    0x100003d5   0x00000003   PAD
    0x100003d8   0x00000004   Zero   RW         2304    .bss.critical_section_reentrancy_counter  BUILD/LPC1768/ARMC6/mbed-os/platform/source/mbed_critical.o
    0x100003dc   0x00000002   Zero   RW         2468    .bss.deep_sleep_lock  BUILD/LPC1768/ARMC6/mbed-os/platform/source/mbed_power_mgmt.o
    0x100003de   0x00000002   PAD
    0x100003e0   0x00000038   Zero   RW         1564    .bss.events         BUILD/LPC1768/ARMC6/mbed-os/hal/source/mbed_us_ticker_api.o
    0x10000418   0x00000001   Zero   RW         2348    .bss.halt_in_progress  BUILD/LPC1768/ARMC6/mbed-os/platform/source/mbed_error.o
    0x10000419   0x00000003   PAD
    0x1000041c   0x00000004   Zero   RW         4560    .bss.irq_handler    BUILD/LPC1768/ARMC6/mbed-os/targets/TARGET_NXP/TARGET_LPC176X/serial_api.o
    0x10000420   0x00000001   Zero   RW         2347    .bss.mbed_error_in_progress  BUILD/LPC1768/ARMC6/mbed-os/platform/source/mbed_error.o
    0x10000421   0x00000003   PAD
    0x10000424   0x00000054   Zero   RW         2166    .bss.mbed_fault_context  BUILD/LPC1768/ARMC6/mbed-os/platform/source/TARGET_CORTEX_M/mbed_fault_handler.o
    0x10000478   0x00000004   Zero   RW         2649    .bss.mbed_heap_size  BUILD/LPC1768/ARMC6/mbed-os/platform/source/mbed_retarget.o
    0x1000047c   0x00000004   Zero   RW         2648    .bss.mbed_heap_start  BUILD/LPC1768/ARMC6/mbed-os/platform/source/mbed_retarget.o
    0x10000480   0x0000006c   Zero   RW          378    .bss.pc             BUILD/LPC1768/ARMC6/main.o
    0x100004ec   0x000000e0   Zero   RW         4559    .bss.uart_data      BUILD/LPC1768/ARMC6/mbed-os/targets/TARGET_NXP/TARGET_LPC176X/serial_api.o
    0x100005cc   0x00000001   Zero   RW         4631    .bss.us_ticker_inited  BUILD/LPC1768/ARMC6/mbed-os/targets/TARGET_NXP/TARGET_LPC176X/us_ticker.o


    Execution Region ARM_LIB_HEAP (Base: 0x100005d0, Size: 0x00006a10, Max: 0x00006a10, ABSOLUTE)

    Base Addr    Size         Type   Attr      Idx    E Section Name        Object

    0x100005d0   0x00006a10   Zero   RW            1    ARM_LIB_HEAP.bss    anon$$obj.o


    Execution Region ARM_LIB_STACK (Base: 0x10007000, Size: 0x00001000, Max: 0x00001000, ABSOLUTE)

    Base Addr    Size         Type   Attr      Idx    E Section Name        Object

    0x10007000   0x00001000   Zero   RW            2    ARM_LIB_STACK.bss   anon$$obj.o


    Execution Region RW_IRAM2 (Base: 0x2007c000, Size: 0x00000000, Max: 0x00004000, ABSOLUTE)

    **** No section assigned to this execution region ****


    Execution Region RW_IRAM3 (Base: 0x20080000, Size: 0x00000000, Max: 0x00004000, ABSOLUTE)

    **** No section assigned to this execution region ****


    Execution Region RW_IRAM4 (Base: 0x40038000, Size: 0x00000000, Max: 0x00000800, ABSOLUTE)

    **** No section assigned to this execution region ****


==============================================================================

Image component sizes


      Code (inc. data)   RO Data    RW Data    ZI Data      Debug   

     12838        930      34704        280      31964      14328   Object Totals
         0          0         32          0      31248          0   (incl. Generated)
        40          0          4          0         16          0   (incl. Padding)
     12932        732        586         12        280       9048   Library Totals
        20          0          3          0          0          0   (incl. Padding)

==============================================================================


      Code (inc. data)   RO Data    RW Data    ZI Data      Debug   

     25770       1662      35290        292      32244      17340   Grand Totals
     25770       1662      35290        292      32244      17340   ELF Image Totals
     25770       1662      35290        292          0          0   ROM Totals

==============================================================================

    Total RO  Size (Code + RO Data)                61060 (  59.63kB)
    Total RW  Size (RW Data + ZI Data)             32536 (  31.77kB)
    Total ROM Size (Code + RO Data + RW Data)      61352 (  59.91kB)

==============================================================================

