Component: ARM Compiler 6.15 Tool: armlink [5dd79300]

==============================================================================

Memory Map of the image

  Image Entry point : 0x00000301

  Load Region LR_IROM1 (Base: 0x00000000, Size: 0x0000deec, Max: 0x00080000, ABSOLUTE)

    Execution Region ER_IROM0 (Base: 0x00000000, Size: 0x000000c4, Max: 0x000002fc, ABSOLUTE)

    Base Addr    Size         Type   Attr      Idx    E Section Name        Object

    0x00000000   0x000000c4   Data   RO         4233    RESET               BUILD/LPC1768/ARMC6/mbed-os/targets/TARGET_NXP/TARGET_LPC176X/device/TOOLCHAIN_ARM_STD/startup_LPC17xx.o


    Execution Region ER_CRP (Base: 0x000002fc, Size: 0x00000004, Max: 0x00000004, ABSOLUTE, FIXED)

    Base Addr    Size         Type   Attr      Idx    E Section Name        Object

    0x000002fc   0x00000004   Data   RO         4232    .CRPSection         BUILD/LPC1768/ARMC6/mbed-os/targets/TARGET_NXP/TARGET_LPC176X/device/CRP.o


    Execution Region ER_IROM1 (Base: 0x00000300, Size: 0x0000db58, Max: 0x0007fd00, ABSOLUTE, FIXED)

    Base Addr    Size         Type   Attr      Idx    E Section Name        Object

    0x00000300   0x00000008   Code   RO         4891  * !!!main             c:\Users\dcoop\AppData\Local\Mbed Studio\mbed-studio-tools\ac6\bin\..\lib\armlib\c_w.l(__main.o)
    0x00000308   0x00000034   Code   RO         5447    !!!scatter          c:\Users\dcoop\AppData\Local\Mbed Studio\mbed-studio-tools\ac6\bin\..\lib\armlib\c_w.l(__scatter.o)
    0x0000033c   0x0000001a   Code   RO         5449    !!handler_copy      c:\Users\dcoop\AppData\Local\Mbed Studio\mbed-studio-tools\ac6\bin\..\lib\armlib\c_w.l(__scatter_copy.o)
    0x00000356   0x00000002   PAD
    0x00000358   0x0000001c   Code   RO         5451    !!handler_zi        c:\Users\dcoop\AppData\Local\Mbed Studio\mbed-studio-tools\ac6\bin\..\lib\armlib\c_w.l(__scatter_zi.o)
    0x00000374   0x00000000   Code   RO         4804    .ARM.Collect$$_printf_percent$$00000000  c:\Users\dcoop\AppData\Local\Mbed Studio\mbed-studio-tools\ac6\bin\..\lib\armlib\c_w.l(_printf_percent.o)
    0x00000374   0x00000006   Code   RO         5002    .ARM.Collect$$_printf_percent$$00000001  c:\Users\dcoop\AppData\Local\Mbed Studio\mbed-studio-tools\ac6\bin\..\lib\armlib\c_w.l(_printf_n.o)
    0x0000037a   0x00000006   Code   RO         4802    .ARM.Collect$$_printf_percent$$00000002  c:\Users\dcoop\AppData\Local\Mbed Studio\mbed-studio-tools\ac6\bin\..\lib\armlib\c_w.l(_printf_p.o)
    0x00000380   0x00000006   Code   RO         5006    .ARM.Collect$$_printf_percent$$00000003  c:\Users\dcoop\AppData\Local\Mbed Studio\mbed-studio-tools\ac6\bin\..\lib\armlib\c_w.l(_printf_f.o)
    0x00000386   0x00000006   Code   RO         5007    .ARM.Collect$$_printf_percent$$00000004  c:\Users\dcoop\AppData\Local\Mbed Studio\mbed-studio-tools\ac6\bin\..\lib\armlib\c_w.l(_printf_e.o)
    0x0000038c   0x00000006   Code   RO         5008    .ARM.Collect$$_printf_percent$$00000005  c:\Users\dcoop\AppData\Local\Mbed Studio\mbed-studio-tools\ac6\bin\..\lib\armlib\c_w.l(_printf_g.o)
    0x00000392   0x00000006   Code   RO         5009    .ARM.Collect$$_printf_percent$$00000006  c:\Users\dcoop\AppData\Local\Mbed Studio\mbed-studio-tools\ac6\bin\..\lib\armlib\c_w.l(_printf_a.o)
    0x00000398   0x0000000a   Code   RO         5014    .ARM.Collect$$_printf_percent$$00000007  c:\Users\dcoop\AppData\Local\Mbed Studio\mbed-studio-tools\ac6\bin\..\lib\armlib\c_w.l(_printf_ll.o)
    0x000003a2   0x00000006   Code   RO         5004    .ARM.Collect$$_printf_percent$$00000008  c:\Users\dcoop\AppData\Local\Mbed Studio\mbed-studio-tools\ac6\bin\..\lib\armlib\c_w.l(_printf_i.o)
    0x000003a8   0x00000006   Code   RO         5005    .ARM.Collect$$_printf_percent$$00000009  c:\Users\dcoop\AppData\Local\Mbed Studio\mbed-studio-tools\ac6\bin\..\lib\armlib\c_w.l(_printf_d.o)
    0x000003ae   0x00000006   Code   RO         4803    .ARM.Collect$$_printf_percent$$0000000A  c:\Users\dcoop\AppData\Local\Mbed Studio\mbed-studio-tools\ac6\bin\..\lib\armlib\c_w.l(_printf_u.o)
    0x000003b4   0x00000006   Code   RO         5003    .ARM.Collect$$_printf_percent$$0000000B  c:\Users\dcoop\AppData\Local\Mbed Studio\mbed-studio-tools\ac6\bin\..\lib\armlib\c_w.l(_printf_o.o)
    0x000003ba   0x00000006   Code   RO         4801    .ARM.Collect$$_printf_percent$$0000000C  c:\Users\dcoop\AppData\Local\Mbed Studio\mbed-studio-tools\ac6\bin\..\lib\armlib\c_w.l(_printf_x.o)
    0x000003c0   0x00000006   Code   RO         5011    .ARM.Collect$$_printf_percent$$0000000D  c:\Users\dcoop\AppData\Local\Mbed Studio\mbed-studio-tools\ac6\bin\..\lib\armlib\c_w.l(_printf_lli.o)
    0x000003c6   0x00000006   Code   RO         5012    .ARM.Collect$$_printf_percent$$0000000E  c:\Users\dcoop\AppData\Local\Mbed Studio\mbed-studio-tools\ac6\bin\..\lib\armlib\c_w.l(_printf_lld.o)
    0x000003cc   0x00000006   Code   RO         5013    .ARM.Collect$$_printf_percent$$0000000F  c:\Users\dcoop\AppData\Local\Mbed Studio\mbed-studio-tools\ac6\bin\..\lib\armlib\c_w.l(_printf_llu.o)
    0x000003d2   0x00000006   Code   RO         5018    .ARM.Collect$$_printf_percent$$00000010  c:\Users\dcoop\AppData\Local\Mbed Studio\mbed-studio-tools\ac6\bin\..\lib\armlib\c_w.l(_printf_llo.o)
    0x000003d8   0x00000006   Code   RO         5019    .ARM.Collect$$_printf_percent$$00000011  c:\Users\dcoop\AppData\Local\Mbed Studio\mbed-studio-tools\ac6\bin\..\lib\armlib\c_w.l(_printf_llx.o)
    0x000003de   0x0000000a   Code   RO         5015    .ARM.Collect$$_printf_percent$$00000012  c:\Users\dcoop\AppData\Local\Mbed Studio\mbed-studio-tools\ac6\bin\..\lib\armlib\c_w.l(_printf_l.o)
    0x000003e8   0x00000006   Code   RO         5001    .ARM.Collect$$_printf_percent$$00000013  c:\Users\dcoop\AppData\Local\Mbed Studio\mbed-studio-tools\ac6\bin\..\lib\armlib\c_w.l(_printf_c.o)
    0x000003ee   0x00000006   Code   RO         4800    .ARM.Collect$$_printf_percent$$00000014  c:\Users\dcoop\AppData\Local\Mbed Studio\mbed-studio-tools\ac6\bin\..\lib\armlib\c_w.l(_printf_s.o)
    0x000003f4   0x00000006   Code   RO         5016    .ARM.Collect$$_printf_percent$$00000015  c:\Users\dcoop\AppData\Local\Mbed Studio\mbed-studio-tools\ac6\bin\..\lib\armlib\c_w.l(_printf_lc.o)
    0x000003fa   0x00000006   Code   RO         5017    .ARM.Collect$$_printf_percent$$00000016  c:\Users\dcoop\AppData\Local\Mbed Studio\mbed-studio-tools\ac6\bin\..\lib\armlib\c_w.l(_printf_ls.o)
    0x00000400   0x00000004   Code   RO         5010    .ARM.Collect$$_printf_percent$$00000017  c:\Users\dcoop\AppData\Local\Mbed Studio\mbed-studio-tools\ac6\bin\..\lib\armlib\c_w.l(_printf_percent_end.o)
    0x00000404   0x00000002   Code   RO         4890    .ARM.Collect$$libinit$$00000000  c:\Users\dcoop\AppData\Local\Mbed Studio\mbed-studio-tools\ac6\bin\..\lib\armlib\c_w.l(libinit.o)
    0x00000406   0x00000000   Code   RO         5066    .ARM.Collect$$libinit$$00000002  c:\Users\dcoop\AppData\Local\Mbed Studio\mbed-studio-tools\ac6\bin\..\lib\armlib\c_w.l(libinit2.o)
    0x00000406   0x00000000   Code   RO         5068    .ARM.Collect$$libinit$$00000004  c:\Users\dcoop\AppData\Local\Mbed Studio\mbed-studio-tools\ac6\bin\..\lib\armlib\c_w.l(libinit2.o)
    0x00000406   0x00000008   Code   RO         5069    .ARM.Collect$$libinit$$00000005  c:\Users\dcoop\AppData\Local\Mbed Studio\mbed-studio-tools\ac6\bin\..\lib\armlib\c_w.l(libinit2.o)
    0x0000040e   0x00000000   Code   RO         5071    .ARM.Collect$$libinit$$0000000A  c:\Users\dcoop\AppData\Local\Mbed Studio\mbed-studio-tools\ac6\bin\..\lib\armlib\c_w.l(libinit2.o)
    0x0000040e   0x00000000   Code   RO         5073    .ARM.Collect$$libinit$$0000000C  c:\Users\dcoop\AppData\Local\Mbed Studio\mbed-studio-tools\ac6\bin\..\lib\armlib\c_w.l(libinit2.o)
    0x0000040e   0x00000000   Code   RO         5075    .ARM.Collect$$libinit$$0000000E  c:\Users\dcoop\AppData\Local\Mbed Studio\mbed-studio-tools\ac6\bin\..\lib\armlib\c_w.l(libinit2.o)
    0x0000040e   0x00000006   Code   RO         5076    .ARM.Collect$$libinit$$0000000F  c:\Users\dcoop\AppData\Local\Mbed Studio\mbed-studio-tools\ac6\bin\..\lib\armlib\c_w.l(libinit2.o)
    0x00000414   0x00000000   Code   RO         5078    .ARM.Collect$$libinit$$00000011  c:\Users\dcoop\AppData\Local\Mbed Studio\mbed-studio-tools\ac6\bin\..\lib\armlib\c_w.l(libinit2.o)
    0x00000414   0x0000000c   Code   RO         5079    .ARM.Collect$$libinit$$00000012  c:\Users\dcoop\AppData\Local\Mbed Studio\mbed-studio-tools\ac6\bin\..\lib\armlib\c_w.l(libinit2.o)
    0x00000420   0x00000000   Code   RO         5080    .ARM.Collect$$libinit$$00000013  c:\Users\dcoop\AppData\Local\Mbed Studio\mbed-studio-tools\ac6\bin\..\lib\armlib\c_w.l(libinit2.o)
    0x00000420   0x00000000   Code   RO         5082    .ARM.Collect$$libinit$$00000015  c:\Users\dcoop\AppData\Local\Mbed Studio\mbed-studio-tools\ac6\bin\..\lib\armlib\c_w.l(libinit2.o)
    0x00000420   0x0000000a   Code   RO         5083    .ARM.Collect$$libinit$$00000016  c:\Users\dcoop\AppData\Local\Mbed Studio\mbed-studio-tools\ac6\bin\..\lib\armlib\c_w.l(libinit2.o)
    0x0000042a   0x00000000   Code   RO         5084    .ARM.Collect$$libinit$$00000017  c:\Users\dcoop\AppData\Local\Mbed Studio\mbed-studio-tools\ac6\bin\..\lib\armlib\c_w.l(libinit2.o)
    0x0000042a   0x00000000   Code   RO         5086    .ARM.Collect$$libinit$$00000019  c:\Users\dcoop\AppData\Local\Mbed Studio\mbed-studio-tools\ac6\bin\..\lib\armlib\c_w.l(libinit2.o)
    0x0000042a   0x00000000   Code   RO         5088    .ARM.Collect$$libinit$$0000001B  c:\Users\dcoop\AppData\Local\Mbed Studio\mbed-studio-tools\ac6\bin\..\lib\armlib\c_w.l(libinit2.o)
    0x0000042a   0x00000000   Code   RO         5090    .ARM.Collect$$libinit$$0000001D  c:\Users\dcoop\AppData\Local\Mbed Studio\mbed-studio-tools\ac6\bin\..\lib\armlib\c_w.l(libinit2.o)
    0x0000042a   0x00000000   Code   RO         5092    .ARM.Collect$$libinit$$0000001F  c:\Users\dcoop\AppData\Local\Mbed Studio\mbed-studio-tools\ac6\bin\..\lib\armlib\c_w.l(libinit2.o)
    0x0000042a   0x00000000   Code   RO         5094    .ARM.Collect$$libinit$$00000021  c:\Users\dcoop\AppData\Local\Mbed Studio\mbed-studio-tools\ac6\bin\..\lib\armlib\c_w.l(libinit2.o)
    0x0000042a   0x00000000   Code   RO         5096    .ARM.Collect$$libinit$$00000023  c:\Users\dcoop\AppData\Local\Mbed Studio\mbed-studio-tools\ac6\bin\..\lib\armlib\c_w.l(libinit2.o)
    0x0000042a   0x00000004   Code   RO         5097    .ARM.Collect$$libinit$$00000024  c:\Users\dcoop\AppData\Local\Mbed Studio\mbed-studio-tools\ac6\bin\..\lib\armlib\c_w.l(libinit2.o)
    0x0000042e   0x00000000   Code   RO         5098    .ARM.Collect$$libinit$$00000025  c:\Users\dcoop\AppData\Local\Mbed Studio\mbed-studio-tools\ac6\bin\..\lib\armlib\c_w.l(libinit2.o)
    0x0000042e   0x00000000   Code   RO         5102    .ARM.Collect$$libinit$$0000002C  c:\Users\dcoop\AppData\Local\Mbed Studio\mbed-studio-tools\ac6\bin\..\lib\armlib\c_w.l(libinit2.o)
    0x0000042e   0x00000000   Code   RO         5104    .ARM.Collect$$libinit$$0000002E  c:\Users\dcoop\AppData\Local\Mbed Studio\mbed-studio-tools\ac6\bin\..\lib\armlib\c_w.l(libinit2.o)
    0x0000042e   0x00000000   Code   RO         5106    .ARM.Collect$$libinit$$00000030  c:\Users\dcoop\AppData\Local\Mbed Studio\mbed-studio-tools\ac6\bin\..\lib\armlib\c_w.l(libinit2.o)
    0x0000042e   0x00000004   Code   RO         5107    .ARM.Collect$$libinit$$00000031  c:\Users\dcoop\AppData\Local\Mbed Studio\mbed-studio-tools\ac6\bin\..\lib\armlib\c_w.l(libinit2.o)
    0x00000432   0x00000000   Code   RO         5108    .ARM.Collect$$libinit$$00000032  c:\Users\dcoop\AppData\Local\Mbed Studio\mbed-studio-tools\ac6\bin\..\lib\armlib\c_w.l(libinit2.o)
    0x00000432   0x00000002   Code   RO         5109    .ARM.Collect$$libinit$$00000033  c:\Users\dcoop\AppData\Local\Mbed Studio\mbed-studio-tools\ac6\bin\..\lib\armlib\c_w.l(libinit2.o)
    0x00000434   0x00000000   Code   RO         5257    .ARM.Collect$$libshutdown$$00000004  c:\Users\dcoop\AppData\Local\Mbed Studio\mbed-studio-tools\ac6\bin\..\lib\armlib\c_w.l(libshutdown2.o)
    0x00000434   0x00000000   Code   RO         4946    .ARM.Collect$$rtentry$$00000000  c:\Users\dcoop\AppData\Local\Mbed Studio\mbed-studio-tools\ac6\bin\..\lib\armlib\c_w.l(__rtentry.o)
    0x00000434   0x00000000   Code   RO         5148    .ARM.Collect$$rtentry$$00000002  c:\Users\dcoop\AppData\Local\Mbed Studio\mbed-studio-tools\ac6\bin\..\lib\armlib\c_w.l(__rtentry2.o)
    0x00000434   0x00000004   Code   RO         5162    .ARM.Collect$$rtentry$$00000007  c:\Users\dcoop\AppData\Local\Mbed Studio\mbed-studio-tools\ac6\bin\..\lib\armlib\c_w.l(__rtentry7.o)
    0x00000438   0x00000008   Code   RO         5149    .ARM.Collect$$rtentry$$00000008  c:\Users\dcoop\AppData\Local\Mbed Studio\mbed-studio-tools\ac6\bin\..\lib\armlib\c_w.l(__rtentry2.o)
    0x00000440   0x00000004   Code   RO         5151    .ARM.Collect$$rtentry$$0000000A  c:\Users\dcoop\AppData\Local\Mbed Studio\mbed-studio-tools\ac6\bin\..\lib\armlib\c_w.l(__rtentry2.o)
    0x00000444   0x00000000   Code   RO         5153    .ARM.Collect$$rtentry$$0000000C  c:\Users\dcoop\AppData\Local\Mbed Studio\mbed-studio-tools\ac6\bin\..\lib\armlib\c_w.l(__rtentry2.o)
    0x00000444   0x00000008   Code   RO         5154    .ARM.Collect$$rtentry$$0000000D  c:\Users\dcoop\AppData\Local\Mbed Studio\mbed-studio-tools\ac6\bin\..\lib\armlib\c_w.l(__rtentry2.o)
    0x0000044c   0x00000004   Code   RO         5163    .ARM.Collect$$rtentry$$00002718  c:\Users\dcoop\AppData\Local\Mbed Studio\mbed-studio-tools\ac6\bin\..\lib\armlib\c_w.l(__rtentry7.o)
    0x00000450   0x0000005c   Code   RO         2068    .text               BUILD/LPC1768/ARMC6/mbed-os/platform/source/TARGET_CORTEX_M/TOOLCHAIN_ARM/except.o
    0x000004ac   0x00000024   Code   RO         4234    .text               BUILD/LPC1768/ARMC6/mbed-os/targets/TARGET_NXP/TARGET_LPC176X/device/TOOLCHAIN_ARM_STD/startup_LPC17xx.o
    0x000004d0   0x00000002   Code   RO         4660    .text               c:\Users\dcoop\AppData\Local\Mbed Studio\mbed-studio-tools\ac6\bin\..\lib\armlib\c_w.l(use_no_semi_2.o)
    0x000004d2   0x00000002   PAD
    0x000004d4   0x00000008   Code   RO         4662    .text               c:\Users\dcoop\AppData\Local\Mbed Studio\mbed-studio-tools\ac6\bin\..\lib\armlib\c_w.l(rt_errno_addr.o)
    0x000004dc   0x0000005e   Code   RO         4671    .text               c:\Users\dcoop\AppData\Local\Mbed Studio\mbed-studio-tools\ac6\bin\..\lib\armlib\c_w.l(h1_alloc.o)
    0x0000053a   0x0000004e   Code   RO         4673    .text               c:\Users\dcoop\AppData\Local\Mbed Studio\mbed-studio-tools\ac6\bin\..\lib\armlib\c_w.l(h1_free.o)
    0x00000588   0x000000f0   Code   RO         4729    .text               c:\Users\dcoop\AppData\Local\Mbed Studio\mbed-studio-tools\ac6\bin\..\lib\armlib\c_w.l(lludivv7m.o)
    0x00000678   0x00000026   Code   RO         4731    .text               c:\Users\dcoop\AppData\Local\Mbed Studio\mbed-studio-tools\ac6\bin\..\lib\armlib\c_w.l(llshl.o)
    0x0000069e   0x00000026   Code   RO         4733    .text               c:\Users\dcoop\AppData\Local\Mbed Studio\mbed-studio-tools\ac6\bin\..\lib\armlib\c_w.l(llushr.o)
    0x000006c4   0x00000034   Code   RO         4741    .text               c:\Users\dcoop\AppData\Local\Mbed Studio\mbed-studio-tools\ac6\bin\..\lib\armlib\c_w.l(vsnprintf.o)
    0x000006f8   0x0000004e   Code   RO         4753    .text               c:\Users\dcoop\AppData\Local\Mbed Studio\mbed-studio-tools\ac6\bin\..\lib\armlib\c_w.l(_printf_pad.o)
    0x00000746   0x00000052   Code   RO         4755    .text               c:\Users\dcoop\AppData\Local\Mbed Studio\mbed-studio-tools\ac6\bin\..\lib\armlib\c_w.l(_printf_str.o)
    0x00000798   0x00000078   Code   RO         4757    .text               c:\Users\dcoop\AppData\Local\Mbed Studio\mbed-studio-tools\ac6\bin\..\lib\armlib\c_w.l(_printf_dec.o)
    0x00000810   0x00000094   Code   RO         4777    .text               c:\Users\dcoop\AppData\Local\Mbed Studio\mbed-studio-tools\ac6\bin\..\lib\armlib\c_w.l(_printf_hex_int_ll_ptr.o)
    0x000008a4   0x00000188   Code   RO         4797    .text               c:\Users\dcoop\AppData\Local\Mbed Studio\mbed-studio-tools\ac6\bin\..\lib\armlib\c_w.l(__printf_flags_ss_wp.o)
    0x00000a2c   0x0000014c   Code   RO         4811    .text               c:\Users\dcoop\AppData\Local\Mbed Studio\mbed-studio-tools\ac6\bin\..\lib\armlib\c_w.l(_scanf_int.o)
    0x00000b78   0x00000064   Code   RO         4813    .text               c:\Users\dcoop\AppData\Local\Mbed Studio\mbed-studio-tools\ac6\bin\..\lib\armlib\c_w.l(fflush.o)
    0x00000bdc   0x000000f8   Code   RO         4827    .text               c:\Users\dcoop\AppData\Local\Mbed Studio\mbed-studio-tools\ac6\bin\..\lib\armlib\c_w.l(fseek.o)
    0x00000cd4   0x000000f0   Code   RO         4831    .text               c:\Users\dcoop\AppData\Local\Mbed Studio\mbed-studio-tools\ac6\bin\..\lib\armlib\c_w.l(fopen.o)
    0x00000dc4   0x0000004c   Code   RO         4841    .text               c:\Users\dcoop\AppData\Local\Mbed Studio\mbed-studio-tools\ac6\bin\..\lib\armlib\c_w.l(fclose.o)
    0x00000e10   0x0000001c   Code   RO         4861    .text               c:\Users\dcoop\AppData\Local\Mbed Studio\mbed-studio-tools\ac6\bin\..\lib\armlib\c_w.l(strspn.o)
    0x00000e2c   0x00000058   Code   RO         4865    .text               c:\Users\dcoop\AppData\Local\Mbed Studio\mbed-studio-tools\ac6\bin\..\lib\armlib\c_w.l(memcmp.o)
    0x00000e84   0x0000003e   Code   RO         4869    .text               c:\Users\dcoop\AppData\Local\Mbed Studio\mbed-studio-tools\ac6\bin\..\lib\armlib\c_w.l(strlen.o)
    0x00000ec2   0x0000008a   Code   RO         4871    .text               c:\Users\dcoop\AppData\Local\Mbed Studio\mbed-studio-tools\ac6\bin\..\lib\armlib\c_w.l(rt_memcpy_v6.o)
    0x00000f4c   0x00000064   Code   RO         4873    .text               c:\Users\dcoop\AppData\Local\Mbed Studio\mbed-studio-tools\ac6\bin\..\lib\armlib\c_w.l(rt_memcpy_w.o)
    0x00000fb0   0x0000004e   Code   RO         4879    .text               c:\Users\dcoop\AppData\Local\Mbed Studio\mbed-studio-tools\ac6\bin\..\lib\armlib\c_w.l(rt_memclr_w.o)
    0x00000ffe   0x00000002   PAD
    0x00001000   0x00000080   Code   RO         4883    .text               c:\Users\dcoop\AppData\Local\Mbed Studio\mbed-studio-tools\ac6\bin\..\lib\armlib\c_w.l(strcmpv7m.o)
    0x00001080   0x00000006   Code   RO         4888    .text               c:\Users\dcoop\AppData\Local\Mbed Studio\mbed-studio-tools\ac6\bin\..\lib\armlib\c_w.l(heapauxi.o)
    0x00001086   0x00000002   PAD
    0x00001088   0x00000024   Code   RO         4896    .text               c:\Users\dcoop\AppData\Local\Mbed Studio\mbed-studio-tools\ac6\bin\..\lib\armlib\c_w.l(init_aeabi.o)
    0x000010ac   0x00000002   Code   RO         4942    .text               c:\Users\dcoop\AppData\Local\Mbed Studio\mbed-studio-tools\ac6\bin\..\lib\armlib\c_w.l(use_no_semi.o)
    0x000010ae   0x00000002   PAD
    0x000010b0   0x00000008   Code   RO         4951    .text               c:\Users\dcoop\AppData\Local\Mbed Studio\mbed-studio-tools\ac6\bin\..\lib\armlib\c_w.l(rt_heap_descriptor.o)
    0x000010b8   0x00000004   Code   RO         4956    .text               c:\Users\dcoop\AppData\Local\Mbed Studio\mbed-studio-tools\ac6\bin\..\lib\armlib\c_w.l(hguard.o)
    0x000010bc   0x0000008a   Code   RO         4958    .text               c:\Users\dcoop\AppData\Local\Mbed Studio\mbed-studio-tools\ac6\bin\..\lib\armlib\c_w.l(init_alloc.o)
    0x00001146   0x0000000e   Code   RO         4962    .text               c:\Users\dcoop\AppData\Local\Mbed Studio\mbed-studio-tools\ac6\bin\..\lib\armlib\c_w.l(h1_init.o)
    0x00001154   0x00000024   Code   RO         4974    .text               c:\Users\dcoop\AppData\Local\Mbed Studio\mbed-studio-tools\ac6\bin\..\lib\armlib\c_w.l(_printf_truncate.o)
    0x00001178   0x000000b2   Code   RO         4976    .text               c:\Users\dcoop\AppData\Local\Mbed Studio\mbed-studio-tools\ac6\bin\..\lib\armlib\c_w.l(_printf_intcommon.o)
    0x0000122a   0x00000028   Code   RO         4978    .text               c:\Users\dcoop\AppData\Local\Mbed Studio\mbed-studio-tools\ac6\bin\..\lib\armlib\c_w.l(_printf_charcount.o)
    0x00001252   0x00000002   PAD
    0x00001254   0x00000030   Code   RO         4980    .text               c:\Users\dcoop\AppData\Local\Mbed Studio\mbed-studio-tools\ac6\bin\..\lib\armlib\c_w.l(_printf_char_common.o)
    0x00001284   0x0000000a   Code   RO         4982    .text               c:\Users\dcoop\AppData\Local\Mbed Studio\mbed-studio-tools\ac6\bin\..\lib\armlib\c_w.l(_sputc.o)
    0x0000128e   0x00000010   Code   RO         4984    .text               c:\Users\dcoop\AppData\Local\Mbed Studio\mbed-studio-tools\ac6\bin\..\lib\armlib\c_w.l(_snputc.o)
    0x0000129e   0x0000002c   Code   RO         4986    .text               c:\Users\dcoop\AppData\Local\Mbed Studio\mbed-studio-tools\ac6\bin\..\lib\armlib\c_w.l(_printf_char.o)
    0x000012ca   0x00000002   PAD
    0x000012cc   0x000000bc   Code   RO         4990    .text               c:\Users\dcoop\AppData\Local\Mbed Studio\mbed-studio-tools\ac6\bin\..\lib\armlib\c_w.l(_printf_wctomb.o)
    0x00001388   0x0000007c   Code   RO         4993    .text               c:\Users\dcoop\AppData\Local\Mbed Studio\mbed-studio-tools\ac6\bin\..\lib\armlib\c_w.l(_printf_longlong_dec.o)
    0x00001404   0x00000070   Code   RO         4999    .text               c:\Users\dcoop\AppData\Local\Mbed Studio\mbed-studio-tools\ac6\bin\..\lib\armlib\c_w.l(_printf_oct_int_ll.o)
    0x00001474   0x0000001c   Code   RO         5020    .text               c:\Users\dcoop\AppData\Local\Mbed Studio\mbed-studio-tools\ac6\bin\..\lib\armlib\c_w.l(_chval.o)
    0x00001490   0x00000042   Code   RO         5042    .text               c:\Users\dcoop\AppData\Local\Mbed Studio\mbed-studio-tools\ac6\bin\..\lib\armlib\c_w.l(ftell.o)
    0x000014d2   0x00000046   Code   RO         5044    .text               c:\Users\dcoop\AppData\Local\Mbed Studio\mbed-studio-tools\ac6\bin\..\lib\armlib\c_w.l(setvbuf.o)
    0x00001518   0x000000f0   Code   RO         5046    .text               c:\Users\dcoop\AppData\Local\Mbed Studio\mbed-studio-tools\ac6\bin\..\lib\armlib\c_w.l(stdio.o)
    0x00001608   0x00000138   Code   RO         5049    .text               c:\Users\dcoop\AppData\Local\Mbed Studio\mbed-studio-tools\ac6\bin\..\lib\armlib\c_w.l(initio.o)
    0x00001740   0x00000000   Code   RO         5173    .text               c:\Users\dcoop\AppData\Local\Mbed Studio\mbed-studio-tools\ac6\bin\..\lib\armlib\c_w.l(maybetermalloc1.o)
    0x00001740   0x00000034   Code   RO         5175    .text               c:\Users\dcoop\AppData\Local\Mbed Studio\mbed-studio-tools\ac6\bin\..\lib\armlib\c_w.l(h1_extend.o)
    0x00001774   0x0000008a   Code   RO         5179    .text               c:\Users\dcoop\AppData\Local\Mbed Studio\mbed-studio-tools\ac6\bin\..\lib\armlib\c_w.l(lludiv10.o)
    0x000017fe   0x0000041c   Code   RO         5183    .text               c:\Users\dcoop\AppData\Local\Mbed Studio\mbed-studio-tools\ac6\bin\..\lib\armlib\c_w.l(_printf_fp_dec.o)
    0x00001c1a   0x00000002   PAD
    0x00001c1c   0x000002fc   Code   RO         5187    .text               c:\Users\dcoop\AppData\Local\Mbed Studio\mbed-studio-tools\ac6\bin\..\lib\armlib\c_w.l(_printf_fp_hex.o)
    0x00001f18   0x0000002c   Code   RO         5194    .text               c:\Users\dcoop\AppData\Local\Mbed Studio\mbed-studio-tools\ac6\bin\..\lib\armlib\c_w.l(_printf_wchar.o)
    0x00001f44   0x00000048   Code   RO         5232    .text               c:\Users\dcoop\AppData\Local\Mbed Studio\mbed-studio-tools\ac6\bin\..\lib\armlib\c_w.l(_c16rtomb.o)
    0x00001f8c   0x0000000a   Code   RO         5234    .text               c:\Users\dcoop\AppData\Local\Mbed Studio\mbed-studio-tools\ac6\bin\..\lib\armlib\c_w.l(defsig_exit.o)
    0x00001f96   0x0000000e   Code   RO         5238    .text               c:\Users\dcoop\AppData\Local\Mbed Studio\mbed-studio-tools\ac6\bin\..\lib\armlib\c_w.l(defsig_rtred_outer.o)
    0x00001fa4   0x0000000e   Code   RO         5242    .text               c:\Users\dcoop\AppData\Local\Mbed Studio\mbed-studio-tools\ac6\bin\..\lib\armlib\c_w.l(defsig_rtmem_outer.o)
    0x00001fb2   0x00000002   PAD
    0x00001fb4   0x00000010   Code   RO         5274    .text               c:\Users\dcoop\AppData\Local\Mbed Studio\mbed-studio-tools\ac6\bin\..\lib\armlib\c_w.l(rt_ctype_table.o)
    0x00001fc4   0x00000008   Code   RO         5276    .text               c:\Users\dcoop\AppData\Local\Mbed Studio\mbed-studio-tools\ac6\bin\..\lib\armlib\c_w.l(rt_locale.o)
    0x00001fcc   0x00000080   Code   RO         5283    .text               c:\Users\dcoop\AppData\Local\Mbed Studio\mbed-studio-tools\ac6\bin\..\lib\armlib\c_w.l(_printf_fp_infnan.o)
    0x0000204c   0x000000e4   Code   RO         5285    .text               c:\Users\dcoop\AppData\Local\Mbed Studio\mbed-studio-tools\ac6\bin\..\lib\armlib\c_w.l(bigflt0.o)
    0x00002130   0x00000032   Code   RO         5322    .text               c:\Users\dcoop\AppData\Local\Mbed Studio\mbed-studio-tools\ac6\bin\..\lib\armlib\c_w.l(defsig_general.o)
    0x00002162   0x00000002   PAD
    0x00002164   0x00000034   Code   RO         5328    .text               c:\Users\dcoop\AppData\Local\Mbed Studio\mbed-studio-tools\ac6\bin\..\lib\armlib\c_w.l(defsig_rtred_inner.o)
    0x00002198   0x00000050   Code   RO         5330    .text               c:\Users\dcoop\AppData\Local\Mbed Studio\mbed-studio-tools\ac6\bin\..\lib\armlib\c_w.l(defsig_rtmem_inner.o)
    0x000021e8   0x00000002   Code   RO         2618    .text.$Sub$$__cpp_initialize__aeabi_  BUILD/LPC1768/ARMC6/mbed-os/platform/source/mbed_sdk_boot.o
    0x000021ea   0x00000002   PAD
    0x000021ec   0x00000020   Code   RO         2457    .text.$Sub$$__rt_lib_init  BUILD/LPC1768/ARMC6/mbed-os/platform/source/mbed_retarget.o
    0x0000220c   0x00000048   Code   RO         2624    .text.$Sub$$main    BUILD/LPC1768/ARMC6/mbed-os/platform/source/mbed_sdk_boot.o
    0x00002254   0x00000006   Code   RO           94    .text.OUTLINED_FUNCTION_0  BUILD/LPC1768/ARMC6/graphics/graphicsController.o
    0x0000225a   0x00000008   Code   RO          194    .text.OUTLINED_FUNCTION_0  BUILD/LPC1768/ARMC6/graphics/uLCD.o
    0x00002262   0x0000000a   Code   RO          959    .text.OUTLINED_FUNCTION_0  BUILD/LPC1768/ARMC6/mbed-os/drivers/source/SerialBase.o
    0x0000226c   0x0000000c   Code   RO         1104    .text.OUTLINED_FUNCTION_0  BUILD/LPC1768/ARMC6/mbed-os/drivers/source/UnbufferedSerial.o
    0x00002278   0x0000000a   Code   RO         1403    .text.OUTLINED_FUNCTION_0  BUILD/LPC1768/ARMC6/mbed-os/hal/source/mbed_pinmap_common.o
    0x00002282   0x00000006   Code   RO         1454    .text.OUTLINED_FUNCTION_0  BUILD/LPC1768/ARMC6/mbed-os/hal/source/mbed_ticker_api.o
    0x00002288   0x00000008   Code   RO         2549    .text.OUTLINED_FUNCTION_0  BUILD/LPC1768/ARMC6/mbed-os/platform/source/mbed_retarget.o
    0x00002290   0x0000000a   Code   RO         4467    .text.OUTLINED_FUNCTION_0  BUILD/LPC1768/ARMC6/mbed-os/targets/TARGET_NXP/TARGET_LPC176X/serial_api.o
    0x0000229a   0x0000000a   Code   RO           96    .text.OUTLINED_FUNCTION_1  BUILD/LPC1768/ARMC6/graphics/graphicsController.o
    0x000022a4   0x0000000c   Code   RO          196    .text.OUTLINED_FUNCTION_1  BUILD/LPC1768/ARMC6/graphics/uLCD.o
    0x000022b0   0x00000006   Code   RO          961    .text.OUTLINED_FUNCTION_1  BUILD/LPC1768/ARMC6/mbed-os/drivers/source/SerialBase.o
    0x000022b6   0x00000008   Code   RO         2551    .text.OUTLINED_FUNCTION_1  BUILD/LPC1768/ARMC6/mbed-os/platform/source/mbed_retarget.o
    0x000022be   0x00000006   Code   RO           98    .text.OUTLINED_FUNCTION_2  BUILD/LPC1768/ARMC6/graphics/graphicsController.o
    0x000022c4   0x00000006   Code   RO          198    .text.OUTLINED_FUNCTION_2  BUILD/LPC1768/ARMC6/graphics/uLCD.o
    0x000022ca   0x0000000c   Code   RO          963    .text.OUTLINED_FUNCTION_2  BUILD/LPC1768/ARMC6/mbed-os/drivers/source/SerialBase.o
    0x000022d6   0x00000008   Code   RO         2553    .text.OUTLINED_FUNCTION_2  BUILD/LPC1768/ARMC6/mbed-os/platform/source/mbed_retarget.o
    0x000022de   0x00000006   Code   RO          200    .text.OUTLINED_FUNCTION_3  BUILD/LPC1768/ARMC6/graphics/uLCD.o
    0x000022e4   0x00000008   Code   RO          965    .text.OUTLINED_FUNCTION_3  BUILD/LPC1768/ARMC6/mbed-os/drivers/source/SerialBase.o
    0x000022ec   0x0000000c   Code   RO          202    .text.OUTLINED_FUNCTION_4  BUILD/LPC1768/ARMC6/graphics/uLCD.o
    0x000022f8   0x00000008   Code   RO          967    .text.OUTLINED_FUNCTION_4  BUILD/LPC1768/ARMC6/mbed-os/drivers/source/SerialBase.o
    0x00002300   0x00000006   Code   RO          204    .text.OUTLINED_FUNCTION_5  BUILD/LPC1768/ARMC6/graphics/uLCD.o
    0x00002306   0x0000000a   Code   RO          969    .text.OUTLINED_FUNCTION_5  BUILD/LPC1768/ARMC6/mbed-os/drivers/source/SerialBase.o
    0x00002310   0x00000006   Code   RO          206    .text.OUTLINED_FUNCTION_6  BUILD/LPC1768/ARMC6/graphics/uLCD.o
    0x00002316   0x00000006   Code   RO          208    .text.OUTLINED_FUNCTION_7  BUILD/LPC1768/ARMC6/graphics/uLCD.o
    0x0000231c   0x00000006   Code   RO          210    .text.OUTLINED_FUNCTION_8  BUILD/LPC1768/ARMC6/graphics/uLCD.o
    0x00002322   0x00000002   PAD
    0x00002324   0x0000009c   Code   RO         4262    .text.SystemInit    BUILD/LPC1768/ARMC6/mbed-os/targets/TARGET_NXP/TARGET_LPC176X/device/system_LPC17xx.o
    0x000023c0   0x00000014   Code   RO          288    .text._GLOBAL__sub_I_main.cpp  BUILD/LPC1768/ARMC6/main.o
    0x000023d4   0x00000038   Code   RO          103    .text._Z9printfdbgPKcz  BUILD/LPC1768/ARMC6/graphics/graphicsController.o
    0x0000240c   0x0000000e   Code   RO         2429    .text._ZL12convert_crlfi  BUILD/LPC1768/ARMC6/mbed-os/platform/source/mbed_retarget.o
    0x0000241a   0x00000002   PAD
    0x0000241c   0x00000018   Code   RO         2421    .text._ZL18handle_open_errorsij  BUILD/LPC1768/ARMC6/mbed-os/platform/source/mbed_retarget.o
    0x00002434   0x00000044   Code   RO         2407    .text._ZL18reserve_filehandlev  BUILD/LPC1768/ARMC6/mbed-os/platform/source/mbed_retarget.o
    0x00002478   0x000000b8   Code   RO           72    .text._ZN11BitmapImage6renderEP4uLCDiii  BUILD/LPC1768/ARMC6/graphics/bitmapImage.o
    0x00002530   0x00000044   Code   RO           74    .text._ZN11BitmapImage6sampleEiiPt  BUILD/LPC1768/ARMC6/graphics/bitmapImage.o
    0x00002574   0x00000018   Code   RO         2391    .text._ZN12DirectSerial4readEPvj  BUILD/LPC1768/ARMC6/mbed-os/platform/source/mbed_retarget.o
    0x0000258c   0x00000006   Code   RO         2575    .text._ZN12DirectSerial4seekEli  BUILD/LPC1768/ARMC6/mbed-os/platform/source/mbed_retarget.o
    0x00002592   0x00000006   Code   RO         2581    .text._ZN12DirectSerial4sizeEv  BUILD/LPC1768/ARMC6/mbed-os/platform/source/mbed_retarget.o
    0x00002598   0x00000004   Code   RO         2577    .text._ZN12DirectSerial5closeEv  BUILD/LPC1768/ARMC6/mbed-os/platform/source/mbed_retarget.o
    0x0000259c   0x00000020   Code   RO         2389    .text._ZN12DirectSerial5writeEPKvj  BUILD/LPC1768/ARMC6/mbed-os/platform/source/mbed_retarget.o
    0x000025bc   0x00000004   Code   RO         2579    .text._ZN12DirectSerial6isattyEv  BUILD/LPC1768/ARMC6/mbed-os/platform/source/mbed_retarget.o
    0x000025c0   0x00000034   Code   RO         2387    .text._ZN12DirectSerialC2ERK15serial_pinmap_ti  BUILD/LPC1768/ARMC6/mbed-os/platform/source/mbed_retarget.o
    0x000025f4   0x00000004   Code   RO         2573    .text._ZN12DirectSerialD0Ev  BUILD/LPC1768/ARMC6/mbed-os/platform/source/mbed_retarget.o
    0x000025f8   0x00000036   Code   RO          130    .text._ZN15GraphicsElement12renderWithinEP4uLCDNS_17RegionOfInfluenceE  BUILD/LPC1768/ARMC6/graphics/graphicsElement.o
    0x0000262e   0x00000050   Code   RO          134    .text._ZN15GraphicsElement6getROIEv  BUILD/LPC1768/ARMC6/graphics/graphicsElement.o
    0x0000267e   0x000000a8   Code   RO          128    .text._ZN15GraphicsElement6renderEP4uLCD  BUILD/LPC1768/ARMC6/graphics/graphicsElement.o
    0x00002726   0x000000b8   Code   RO          126    .text._ZN15GraphicsElement6sampleEiiPt  BUILD/LPC1768/ARMC6/graphics/graphicsElement.o
    0x000027de   0x0000007e   Code   RO          136    .text._ZN15GraphicsElement7isInROIENS_17RegionOfInfluenceE  BUILD/LPC1768/ARMC6/graphics/graphicsElement.o
    0x0000285c   0x00000010   Code   RO          132    .text._ZN15GraphicsElement8getLayerEv  BUILD/LPC1768/ARMC6/graphics/graphicsElement.o
    0x0000286c   0x000000e2   Code   RO           82    .text._ZN18GraphicsController11renderAllInEN15GraphicsElement17RegionOfInfluenceE  BUILD/LPC1768/ARMC6/graphics/graphicsController.o
    0x0000294e   0x0000009c   Code   RO           86    .text._ZN18GraphicsController11samplePixelEiii  BUILD/LPC1768/ARMC6/graphics/graphicsController.o
    0x000029ea   0x000000f4   Code   RO           84    .text._ZN18GraphicsController13resampleImageEN15GraphicsElement17RegionOfInfluenceEPS0_  BUILD/LPC1768/ARMC6/graphics/graphicsController.o
    0x00002ade   0x000000fa   Code   RO           80    .text._ZN18GraphicsController14renderAllAboveEP15GraphicsElementb  BUILD/LPC1768/ARMC6/graphics/graphicsController.o
    0x00002bd8   0x000000a6   Code   RO           90    .text._ZN18GraphicsController21updateGraphicsElementEP15GraphicsElement  BUILD/LPC1768/ARMC6/graphics/graphicsController.o
    0x00002c7e   0x0000001a   Code   RO           88    .text._ZN18GraphicsController23registerGraphicsElementEP15GraphicsElement  BUILD/LPC1768/ARMC6/graphics/graphicsController.o
    0x00002c98   0x00000018   Code   RO          213    .text._ZN4mbed10DigitalOutC2E7PinName  BUILD/LPC1768/ARMC6/graphics/uLCD.o
    0x00002cb0   0x00000006   Code   RO         1686    .text._ZN4mbed10FileHandle12enable_inputEb  BUILD/LPC1768/ARMC6/mbed-os/platform/source/FileHandle.o
    0x00002cb6   0x0000000c   Code   RO         1134    .text._ZN4mbed10FileHandle12set_blockingEb  BUILD/LPC1768/ARMC6/mbed-os/drivers/source/UnbufferedSerial.o
    0x00002cc2   0x00000006   Code   RO         1688    .text._ZN4mbed10FileHandle13enable_outputEb  BUILD/LPC1768/ARMC6/mbed-os/platform/source/FileHandle.o
    0x00002cc8   0x00000004   Code   RO         1128    .text._ZN4mbed10FileHandle4syncEv  BUILD/LPC1768/ARMC6/mbed-os/drivers/source/UnbufferedSerial.o
    0x00002ccc   0x0000000a   Code   RO          438    .text._ZN4mbed10FileHandle4tellEv  BUILD/LPC1768/ARMC6/mbed-os/drivers/source/BufferedSerial.o
    0x00002cd6   0x00000002   Code   RO         1138    .text._ZN4mbed10FileHandle5sigioENS_8CallbackIFvvEEE  BUILD/LPC1768/ARMC6/mbed-os/drivers/source/UnbufferedSerial.o
    0x00002cd8   0x0000000a   Code   RO          440    .text._ZN4mbed10FileHandle6rewindEv  BUILD/LPC1768/ARMC6/mbed-os/drivers/source/BufferedSerial.o
    0x00002ce2   0x00000006   Code   RO          442    .text._ZN4mbed10FileHandle8truncateEl  BUILD/LPC1768/ARMC6/mbed-os/drivers/source/BufferedSerial.o
    0x00002ce8   0x00000002   Code   RO         1680    .text._ZN4mbed10FileHandleD2Ev  BUILD/LPC1768/ARMC6/mbed-os/platform/source/FileHandle.o
    0x00002cea   0x00000006   Code   RO          931    .text._ZN4mbed10SerialBase10_base_getcEv  BUILD/LPC1768/ARMC6/mbed-os/drivers/source/SerialBase.o
    0x00002cf0   0x0000000e   Code   RO          933    .text._ZN4mbed10SerialBase10_base_putcEi  BUILD/LPC1768/ARMC6/mbed-os/drivers/source/SerialBase.o
    0x00002cfe   0x0000000e   Code   RO          929    .text._ZN4mbed10SerialBase12_irq_handlerEj9SerialIrq  BUILD/LPC1768/ARMC6/mbed-os/drivers/source/SerialBase.o
    0x00002d0c   0x0000007e   Code   RO          937    .text._ZN4mbed10SerialBase12enable_inputEb  BUILD/LPC1768/ARMC6/mbed-os/drivers/source/SerialBase.o
    0x00002d8a   0x0000007e   Code   RO          939    .text._ZN4mbed10SerialBase13enable_outputEb  BUILD/LPC1768/ARMC6/mbed-os/drivers/source/SerialBase.o
    0x00002e08   0x00000026   Code   RO          919    .text._ZN4mbed10SerialBase4baudEi  BUILD/LPC1768/ARMC6/mbed-os/drivers/source/SerialBase.o
    0x00002e2e   0x00000002   Code   RO          947    .text._ZN4mbed10SerialBase4lockEv  BUILD/LPC1768/ARMC6/mbed-os/drivers/source/SerialBase.o
    0x00002e30   0x00000050   Code   RO          913    .text._ZN4mbed10SerialBase5_initEv  BUILD/LPC1768/ARMC6/mbed-os/drivers/source/SerialBase.o
    0x00002e80   0x00000092   Code   RO          927    .text._ZN4mbed10SerialBase6attachENS_8CallbackIFvvEEENS0_7IrqTypeE  BUILD/LPC1768/ARMC6/mbed-os/drivers/source/SerialBase.o
    0x00002f12   0x00000002   Code   RO          949    .text._ZN4mbed10SerialBase6unlockEv  BUILD/LPC1768/ARMC6/mbed-os/drivers/source/SerialBase.o
    0x00002f14   0x00000016   Code   RO          923    .text._ZN4mbed10SerialBase8readableEv  BUILD/LPC1768/ARMC6/mbed-os/drivers/source/SerialBase.o
    0x00002f2a   0x00000016   Code   RO          925    .text._ZN4mbed10SerialBase9writeableEv  BUILD/LPC1768/ARMC6/mbed-os/drivers/source/SerialBase.o
    0x00002f40   0x0000005c   Code   RO          911    .text._ZN4mbed10SerialBaseC2E7PinNameS1_i  BUILD/LPC1768/ARMC6/mbed-os/drivers/source/SerialBase.o
    0x00002f9c   0x0000000e   Code   RO          953    .text._ZN4mbed10SerialBaseD0Ev  BUILD/LPC1768/ARMC6/mbed-os/drivers/source/SerialBase.o
    0x00002faa   0x00000002   PAD
    0x00002fac   0x0000003c   Code   RO          951    .text._ZN4mbed10SerialBaseD2Ev  BUILD/LPC1768/ARMC6/mbed-os/drivers/source/SerialBase.o
    0x00002fe8   0x0000000a   Code   RO         1094    .text._ZN4mbed16UnbufferedSerial12enable_inputEb  BUILD/LPC1768/ARMC6/mbed-os/drivers/source/UnbufferedSerial.o
    0x00002ff2   0x0000000a   Code   RO         1098    .text._ZN4mbed16UnbufferedSerial13enable_outputEb  BUILD/LPC1768/ARMC6/mbed-os/drivers/source/UnbufferedSerial.o
    0x00002ffc   0x00000028   Code   RO         1086    .text._ZN4mbed16UnbufferedSerial4readEPvj  BUILD/LPC1768/ARMC6/mbed-os/drivers/source/UnbufferedSerial.o
    0x00003024   0x00000006   Code   RO         1112    .text._ZN4mbed16UnbufferedSerial4seekEli  BUILD/LPC1768/ARMC6/mbed-os/drivers/source/UnbufferedSerial.o
    0x0000302a   0x00000006   Code   RO         1114    .text._ZN4mbed16UnbufferedSerial4sizeEv  BUILD/LPC1768/ARMC6/mbed-os/drivers/source/UnbufferedSerial.o
    0x00003030   0x00000004   Code   RO         1118    .text._ZN4mbed16UnbufferedSerial5closeEv  BUILD/LPC1768/ARMC6/mbed-os/drivers/source/UnbufferedSerial.o
    0x00003034   0x00000042   Code   RO         1082    .text._ZN4mbed16UnbufferedSerial5writeEPKvj  BUILD/LPC1768/ARMC6/mbed-os/drivers/source/UnbufferedSerial.o
    0x00003076   0x00000004   Code   RO         1116    .text._ZN4mbed16UnbufferedSerial6isattyEv  BUILD/LPC1768/ARMC6/mbed-os/drivers/source/UnbufferedSerial.o
    0x0000307a   0x00000002   PAD
    0x0000307c   0x00000010   Code   RO         1078    .text._ZN4mbed16UnbufferedSerialC2E7PinNameS1_i  BUILD/LPC1768/ARMC6/mbed-os/drivers/source/UnbufferedSerial.o
    0x0000308c   0x0000000e   Code   RO         1110    .text._ZN4mbed16UnbufferedSerialD0Ev  BUILD/LPC1768/ARMC6/mbed-os/drivers/source/UnbufferedSerial.o
    0x0000309a   0x00000004   Code   RO         1108    .text._ZN4mbed16UnbufferedSerialD2Ev  BUILD/LPC1768/ARMC6/mbed-os/drivers/source/UnbufferedSerial.o
    0x0000309e   0x00000002   PAD
    0x000030a0   0x00000074   Code   RO         2403    .text._ZN4mbed16mbed_file_handleEi  BUILD/LPC1768/ARMC6/mbed-os/platform/source/mbed_retarget.o
    0x00003114   0x00000074   Code   RO         1664    .text._ZN4mbed8FileBase6lookupEPKcj  BUILD/LPC1768/ARMC6/mbed-os/platform/source/FileBase.o
    0x00003188   0x00000018   Code   RO         1699    .text._ZN4mbed8FilePath10fileSystemEv  BUILD/LPC1768/ARMC6/mbed-os/platform/source/FilePath.o
    0x000031a0   0x00000018   Code   RO         1697    .text._ZN4mbed8FilePath12isFileSystemEv  BUILD/LPC1768/ARMC6/mbed-os/platform/source/FilePath.o
    0x000031b8   0x00000018   Code   RO         1703    .text._ZN4mbed8FilePath4fileEv  BUILD/LPC1768/ARMC6/mbed-os/platform/source/FilePath.o
    0x000031d0   0x0000000a   Code   RO         1705    .text._ZN4mbed8FilePath6existsEv  BUILD/LPC1768/ARMC6/mbed-os/platform/source/FilePath.o
    0x000031da   0x00000016   Code   RO         1701    .text._ZN4mbed8FilePath6isFileEv  BUILD/LPC1768/ARMC6/mbed-os/platform/source/FilePath.o
    0x000031f0   0x0000003c   Code   RO         1693    .text._ZN4mbed8FilePathC2EPKc  BUILD/LPC1768/ARMC6/mbed-os/platform/source/FilePath.o
    0x0000322c   0x0000001e   Code   RO          146    .text._ZN4uLCD11purgeBufferEv  BUILD/LPC1768/ARMC6/graphics/uLCD.o
    0x0000324a   0x00000026   Code   RO          150    .text._ZN4uLCD12setTextColorEt  BUILD/LPC1768/ARMC6/graphics/uLCD.o
    0x00003270   0x00000058   Code   RO          152    .text._ZN4uLCD13awaitResponseEv  BUILD/LPC1768/ARMC6/graphics/uLCD.o
    0x000032c8   0x00000052   Code   RO          182    .text._ZN4uLCD13drawRectangleEiiiit  BUILD/LPC1768/ARMC6/graphics/uLCD.o
    0x0000331a   0x00000026   Code   RO          190    .text._ZN4uLCD15setOutlineColorEt  BUILD/LPC1768/ARMC6/graphics/uLCD.o
    0x00003340   0x0000004c   Code   RO          176    .text._ZN4uLCD16drawCircleFilledEiiit  BUILD/LPC1768/ARMC6/graphics/uLCD.o
    0x0000338c   0x00000098   Code   RO          192    .text._ZN4uLCD17setClippingWindowEiiii  BUILD/LPC1768/ARMC6/graphics/uLCD.o
    0x00003424   0x00000052   Code   RO          184    .text._ZN4uLCD19drawRectangleFilledEiiiit  BUILD/LPC1768/ARMC6/graphics/uLCD.o
    0x00003476   0x0000001e   Code   RO          144    .text._ZN4uLCD3clsEv  BUILD/LPC1768/ARMC6/graphics/uLCD.o
    0x00003494   0x00000064   Code   RO          188    .text._ZN4uLCD4BLITEiiiiPt  BUILD/LPC1768/ARMC6/graphics/uLCD.o
    0x000034f8   0x00000024   Code   RO          142    .text._ZN4uLCD5resetEv  BUILD/LPC1768/ARMC6/graphics/uLCD.o
    0x0000351c   0x0000005a   Code   RO          154    .text._ZN4uLCD6printfEPKcz  BUILD/LPC1768/ARMC6/graphics/uLCD.o
    0x00003576   0x00000002   PAD
    0x00003578   0x000000e4   Code   RO          140    .text._ZN4uLCDC2E7PinNameS0_S0_NS_8uLCDBaudE  BUILD/LPC1768/ARMC6/graphics/uLCD.o
    0x0000365c   0x00000034   Code   RO         2393    .text._ZNK12DirectSerial4pollEs  BUILD/LPC1768/ARMC6/mbed-os/platform/source/mbed_retarget.o
    0x00003690   0x00000014   Code   RO          324    .text._ZNK12SingletonPtrIN4rtos5MutexEE3getEv  BUILD/LPC1768/ARMC6/mbed-os/drivers/source/AnalogIn.o
    0x000036a4   0x00000004   Code   RO         1136    .text._ZNK4mbed10FileHandle11is_blockingEv  BUILD/LPC1768/ARMC6/mbed-os/drivers/source/UnbufferedSerial.o
    0x000036a8   0x00000030   Code   RO         1090    .text._ZNK4mbed16UnbufferedSerial4pollEs  BUILD/LPC1768/ARMC6/mbed-os/drivers/source/UnbufferedSerial.o
    0x000036d8   0x0000002a   Code   RO          113    .text._ZNSt3__110__list_impIP15GraphicsElementNS_9allocatorIS2_EEE5clearEv  BUILD/LPC1768/ARMC6/graphics/graphicsController.o
    0x00003702   0x00000038   Code   RO          107    .text._ZNSt3__14listINS0_IP15GraphicsElementNS_9allocatorIS2_EEEENS3_IS5_EEE6insertENS_21__list_const_iteratorIS5_PvEEOS5_  BUILD/LPC1768/ARMC6/graphics/graphicsController.o
    0x0000373a   0x00000030   Code   RO          121    .text._ZNSt3__14listIP15GraphicsElementNS_9allocatorIS2_EEE5eraseENS_21__list_const_iteratorIS2_PvEES8_  BUILD/LPC1768/ARMC6/graphics/graphicsController.o
    0x0000376a   0x00000038   Code   RO          117    .text._ZNSt3__14listIP15GraphicsElementNS_9allocatorIS2_EEE6assignINS_21__list_const_iteratorIS2_PvEEEEvT_SA_PNS_9enable_ifIXsr25__is_cpp17_input_iteratorISA_EE5valueEvE4typeE  BUILD/LPC1768/ARMC6/graphics/graphicsController.o
    0x000037a2   0x0000006a   Code   RO          119    .text._ZNSt3__14listIP15GraphicsElementNS_9allocatorIS2_EEE6insertINS_21__list_const_iteratorIS2_PvEEEENS_15__list_iteratorIS2_S8_EES9_T_SC_PNS_9enable_ifIXsr25__is_cpp17_input_iteratorISC_EE5valueEvE4typeE  BUILD/LPC1768/ARMC6/graphics/graphicsController.o
    0x0000380c   0x0000002a   Code   RO          115    .text._ZNSt3__14listIP15GraphicsElementNS_9allocatorIS2_EEE6spliceENS_21__list_const_iteratorIS2_PvEERS5_  BUILD/LPC1768/ARMC6/graphics/graphicsController.o
    0x00003836   0x00000022   Code   RO          109    .text._ZNSt3__14listIP15GraphicsElementNS_9allocatorIS2_EEE9push_backERKS2_  BUILD/LPC1768/ARMC6/graphics/graphicsController.o
    0x00003858   0x00000028   Code   RO          105    .text._ZNSt3__14listIP15GraphicsElementNS_9allocatorIS2_EEEC2ERKS5_  BUILD/LPC1768/ARMC6/graphics/graphicsController.o
    0x00003880   0x0000000c   Code   RO         1096    .text._ZThn104_N4mbed16UnbufferedSerial12enable_inputEb  BUILD/LPC1768/ARMC6/mbed-os/drivers/source/UnbufferedSerial.o
    0x0000388c   0x0000000c   Code   RO         1100    .text._ZThn104_N4mbed16UnbufferedSerial13enable_outputEb  BUILD/LPC1768/ARMC6/mbed-os/drivers/source/UnbufferedSerial.o
    0x00003898   0x00000006   Code   RO         1088    .text._ZThn104_N4mbed16UnbufferedSerial4readEPvj  BUILD/LPC1768/ARMC6/mbed-os/drivers/source/UnbufferedSerial.o
    0x0000389e   0x00000006   Code   RO         1124    .text._ZThn104_N4mbed16UnbufferedSerial4seekEli  BUILD/LPC1768/ARMC6/mbed-os/drivers/source/UnbufferedSerial.o
    0x000038a4   0x00000006   Code   RO         1132    .text._ZThn104_N4mbed16UnbufferedSerial4sizeEv  BUILD/LPC1768/ARMC6/mbed-os/drivers/source/UnbufferedSerial.o
    0x000038aa   0x00000004   Code   RO         1126    .text._ZThn104_N4mbed16UnbufferedSerial5closeEv  BUILD/LPC1768/ARMC6/mbed-os/drivers/source/UnbufferedSerial.o
    0x000038ae   0x00000006   Code   RO         1084    .text._ZThn104_N4mbed16UnbufferedSerial5writeEPKvj  BUILD/LPC1768/ARMC6/mbed-os/drivers/source/UnbufferedSerial.o
    0x000038b4   0x00000004   Code   RO         1130    .text._ZThn104_N4mbed16UnbufferedSerial6isattyEv  BUILD/LPC1768/ARMC6/mbed-os/drivers/source/UnbufferedSerial.o
    0x000038b8   0x00000006   Code   RO         1122    .text._ZThn104_N4mbed16UnbufferedSerialD0Ev  BUILD/LPC1768/ARMC6/mbed-os/drivers/source/UnbufferedSerial.o
    0x000038be   0x00000006   Code   RO         1120    .text._ZThn104_N4mbed16UnbufferedSerialD1Ev  BUILD/LPC1768/ARMC6/mbed-os/drivers/source/UnbufferedSerial.o
    0x000038c4   0x00000006   Code   RO         1092    .text._ZThn104_NK4mbed16UnbufferedSerial4pollEs  BUILD/LPC1768/ARMC6/mbed-os/drivers/source/UnbufferedSerial.o
    0x000038ca   0x00000004   Code   RO         2481    .text._ZdlPv        BUILD/LPC1768/ARMC6/mbed-os/platform/source/mbed_retarget.o
    0x000038ce   0x00000002   PAD
    0x000038d0   0x00000020   Code   RO         2529    .text._Znwj         BUILD/LPC1768/ARMC6/mbed-os/platform/source/mbed_retarget.o
    0x000038f0   0x00000022   Code   RO         2523    .text.__cxa_guard_acquire  BUILD/LPC1768/ARMC6/mbed-os/platform/source/mbed_retarget.o
    0x00003912   0x00000004   Code   RO         2459    .text.__user_setup_stackheap  BUILD/LPC1768/ARMC6/mbed-os/platform/source/mbed_retarget.o
    0x00003916   0x00000026   Code   RO         1361    .text._gpio_init_in  BUILD/LPC1768/ARMC6/mbed-os/hal/source/mbed_gpio.o
    0x0000393c   0x00000036   Code   RO         1367    .text._gpio_init_out  BUILD/LPC1768/ARMC6/mbed-os/hal/source/mbed_gpio.o
    0x00003972   0x00000002   PAD
    0x00003974   0x0000002c   Code   RO         2455    .text._mbed_user_setup_stackheap  BUILD/LPC1768/ARMC6/mbed-os/platform/source/mbed_retarget.o
    0x000039a0   0x00000004   Code   RO         2622    .text._platform_post_stackheap_init  BUILD/LPC1768/ARMC6/mbed-os/platform/source/mbed_sdk_boot.o
    0x000039a4   0x00000004   Code   RO         2423    .text._sys_close    BUILD/LPC1768/ARMC6/mbed-os/platform/source/mbed_retarget.o
    0x000039a8   0x00000002   Code   RO         2433    .text._sys_exit     BUILD/LPC1768/ARMC6/mbed-os/platform/source/mbed_retarget.o
    0x000039aa   0x00000024   Code   RO         2453    .text._sys_flen     BUILD/LPC1768/ARMC6/mbed-os/platform/source/mbed_retarget.o
    0x000039ce   0x00000004   Code   RO         2441    .text._sys_istty    BUILD/LPC1768/ARMC6/mbed-os/platform/source/mbed_retarget.o
    0x000039d2   0x00000002   PAD
    0x000039d4   0x00000088   Code   RO         2417    .text._sys_open     BUILD/LPC1768/ARMC6/mbed-os/platform/source/mbed_retarget.o
    0x00003a5c   0x00000006   Code   RO         2443    .text._sys_seek     BUILD/LPC1768/ARMC6/mbed-os/platform/source/mbed_retarget.o
    0x00003a62   0x00000002   PAD
    0x00003a64   0x000000c0   Code   RO         2427    .text._sys_write    BUILD/LPC1768/ARMC6/mbed-os/platform/source/mbed_retarget.o
    0x00003b24   0x00000014   Code   RO         2435    .text._ttywrch      BUILD/LPC1768/ARMC6/mbed-os/platform/source/mbed_retarget.o
    0x00003b38   0x00000034   Code   RO         2425    .text.close         BUILD/LPC1768/ARMC6/mbed-os/platform/source/mbed_retarget.o
    0x00003b6c   0x0000000c   Code   RO         2206    .text.core_util_are_interrupts_enabled  BUILD/LPC1768/ARMC6/mbed-os/platform/source/mbed_critical.o
    0x00003b78   0x00000012   Code   RO         2109    .text.core_util_atomic_decr_u16  BUILD/LPC1768/ARMC6/mbed-os/platform/source/mbed_atomic_impl.o
    0x00003b8a   0x00000010   Code   RO         2095    .text.core_util_atomic_exchange_u8  BUILD/LPC1768/ARMC6/mbed-os/platform/source/mbed_atomic_impl.o
    0x00003b9a   0x00000014   Code   RO         2093    .text.core_util_atomic_flag_test_and_set  BUILD/LPC1768/ARMC6/mbed-os/platform/source/mbed_atomic_impl.o
    0x00003bae   0x00000012   Code   RO         2103    .text.core_util_atomic_incr_u16  BUILD/LPC1768/ARMC6/mbed-os/platform/source/mbed_atomic_impl.o
    0x00003bc0   0x00000010   Code   RO         2212    .text.core_util_critical_section_enter  BUILD/LPC1768/ARMC6/mbed-os/platform/source/mbed_critical.o
    0x00003bd0   0x00000018   Code   RO         2214    .text.core_util_critical_section_exit  BUILD/LPC1768/ARMC6/mbed-os/platform/source/mbed_critical.o
    0x00003be8   0x00000004   Code   RO         2210    .text.core_util_in_critical_section  BUILD/LPC1768/ARMC6/mbed-os/platform/source/mbed_critical.o
    0x00003bec   0x0000000c   Code   RO         2208    .text.core_util_is_isr_active  BUILD/LPC1768/ARMC6/mbed-os/platform/source/mbed_critical.o
    0x00003bf8   0x0000001a   Code   RO         1452    .text.exact_log2    BUILD/LPC1768/ARMC6/mbed-os/hal/source/mbed_ticker_api.o
    0x00003c12   0x00000002   PAD
    0x00003c14   0x00000034   Code   RO         2499    .text.exit          BUILD/LPC1768/ARMC6/mbed-os/platform/source/mbed_retarget.o
    0x00003c48   0x00000026   Code   RO         2451    .text.fsync         BUILD/LPC1768/ARMC6/mbed-os/platform/source/mbed_retarget.o
    0x00003c6e   0x00000002   PAD
    0x00003c70   0x00000008   Code   RO         1462    .text.get_us_ticker_data  BUILD/LPC1768/ARMC6/mbed-os/hal/source/mbed_us_ticker_api.o
    0x00003c78   0x0000001e   Code   RO         4273    .text.gpio_dir      BUILD/LPC1768/ARMC6/mbed-os/targets/TARGET_NXP/TARGET_LPC176X/gpio_api.o
    0x00003c96   0x0000002c   Code   RO         4269    .text.gpio_init     BUILD/LPC1768/ARMC6/mbed-os/targets/TARGET_NXP/TARGET_LPC176X/gpio_api.o
    0x00003cc2   0x00000006   Code   RO         1357    .text.gpio_init_in  BUILD/LPC1768/ARMC6/mbed-os/hal/source/mbed_gpio.o
    0x00003cc8   0x00000006   Code   RO         1363    .text.gpio_init_out  BUILD/LPC1768/ARMC6/mbed-os/hal/source/mbed_gpio.o
    0x00003cce   0x00000008   Code   RO         1365    .text.gpio_init_out_ex  BUILD/LPC1768/ARMC6/mbed-os/hal/source/mbed_gpio.o
    0x00003cd6   0x00000006   Code   RO         4271    .text.gpio_mode     BUILD/LPC1768/ARMC6/mbed-os/targets/TARGET_NXP/TARGET_LPC176X/gpio_api.o
    0x00003cdc   0x00000016   Code   RO         4267    .text.gpio_set      BUILD/LPC1768/ARMC6/mbed-os/targets/TARGET_NXP/TARGET_LPC176X/gpio_api.o
    0x00003cf2   0x00000002   PAD
    0x00003cf4   0x0000001c   Code   RO         1344    .text.hal_critical_section_enter  BUILD/LPC1768/ARMC6/mbed-os/hal/source/mbed_critical_section_api.o
    0x00003d10   0x00000010   Code   RO         1346    .text.hal_critical_section_exit  BUILD/LPC1768/ARMC6/mbed-os/hal/source/mbed_critical_section_api.o
    0x00003d20   0x0000000c   Code   RO         1348    .text.hal_in_critical_section  BUILD/LPC1768/ARMC6/mbed-os/hal/source/mbed_critical_section_api.o
    0x00003d2c   0x00000080   Code   RO         2221    .text.handle_error  BUILD/LPC1768/ARMC6/mbed-os/platform/source/mbed_error.o
    0x00003dac   0x000000e4   Code   RO         1424    .text.initialize    BUILD/LPC1768/ARMC6/mbed-os/hal/source/mbed_ticker_api.o
    0x00003e90   0x00000026   Code   RO         2411    .text.isatty        BUILD/LPC1768/ARMC6/mbed-os/platform/source/mbed_retarget.o
    0x00003eb6   0x00000028   Code   RO         2445    .text.lseek         BUILD/LPC1768/ARMC6/mbed-os/platform/source/mbed_retarget.o
    0x00003ede   0x00000002   PAD
    0x00003ee0   0x0000013c   Code   RO          286    .text.main          BUILD/LPC1768/ARMC6/main.o
    0x0000401c   0x00000028   Code   RO         2614    .text.mbed_copy_nvic  BUILD/LPC1768/ARMC6/mbed-os/platform/source/mbed_sdk_boot.o
    0x00004044   0x00000064   Code   RO         2195    .text.mbed_die      BUILD/LPC1768/ARMC6/mbed-os/platform/source/mbed_board.o
    0x000040a8   0x00000020   Code   RO         2241    .text.mbed_error    BUILD/LPC1768/ARMC6/mbed-os/platform/source/mbed_error.o
    0x000040c8   0x00000018   Code   RO         2197    .text.mbed_error_printf  BUILD/LPC1768/ARMC6/mbed-os/platform/source/mbed_board.o
    0x000040e0   0x0000004c   Code   RO         2201    .text.mbed_error_puts  BUILD/LPC1768/ARMC6/mbed-os/platform/source/mbed_board.o
    0x0000412c   0x00000034   Code   RO         2199    .text.mbed_error_vprintf  BUILD/LPC1768/ARMC6/mbed-os/platform/source/mbed_board.o
    0x00004160   0x000000f4   Code   RO         2071    .text.mbed_fault_handler  BUILD/LPC1768/ARMC6/mbed-os/platform/source/TARGET_CORTEX_M/mbed_fault_handler.o
    0x00004254   0x00000030   Code   RO         2223    .text.mbed_halt_system  BUILD/LPC1768/ARMC6/mbed-os/platform/source/mbed_error.o
    0x00004284   0x0000000e   Code   RO         2616    .text.mbed_init     BUILD/LPC1768/ARMC6/mbed-os/platform/source/mbed_sdk_boot.o
    0x00004292   0x00000004   Code   RO         2265    .text.mbed_interface_connected  BUILD/LPC1768/ARMC6/mbed-os/platform/source/mbed_interface.o
    0x00004296   0x00000002   Code   RO         2610    .text.mbed_sdk_init  BUILD/LPC1768/ARMC6/mbed-os/platform/source/mbed_sdk_boot.o
    0x00004298   0x0000000c   Code   RO         1470    .text.note_us_ticker_free  BUILD/LPC1768/ARMC6/mbed-os/hal/source/mbed_us_ticker_api.o
    0x000042a4   0x00000014   Code   RO         1468    .text.note_us_ticker_init  BUILD/LPC1768/ARMC6/mbed-os/hal/source/mbed_us_ticker_api.o
    0x000042b8   0x00000084   Code   RO         2419    .text.open          BUILD/LPC1768/ARMC6/mbed-os/platform/source/mbed_retarget.o
    0x0000433c   0x00000030   Code   RO         4344    .text.pin_function  BUILD/LPC1768/ARMC6/mbed-os/targets/TARGET_NXP/TARGET_LPC176X/pinmap.o
    0x0000436c   0x00000054   Code   RO         4346    .text.pin_mode      BUILD/LPC1768/ARMC6/mbed-os/targets/TARGET_NXP/TARGET_LPC176X/pinmap.o
    0x000043c0   0x0000001c   Code   RO         1389    .text.pinmap_find_peripheral  BUILD/LPC1768/ARMC6/mbed-os/hal/source/mbed_pinmap_common.o
    0x000043dc   0x00000024   Code   RO         1387    .text.pinmap_merge  BUILD/LPC1768/ARMC6/mbed-os/hal/source/mbed_pinmap_common.o
    0x00004400   0x00000028   Code   RO         1391    .text.pinmap_peripheral  BUILD/LPC1768/ARMC6/mbed-os/hal/source/mbed_pinmap_common.o
    0x00004428   0x00000044   Code   RO         1385    .text.pinmap_pinout  BUILD/LPC1768/ARMC6/mbed-os/hal/source/mbed_pinmap_common.o
    0x0000446c   0x0000015c   Code   RO         2073    .text.print_context_info  BUILD/LPC1768/ARMC6/mbed-os/platform/source/TARGET_CORTEX_M/mbed_fault_handler.o
    0x000045c8   0x000000ca   Code   RO         1430    .text.schedule_interrupt  BUILD/LPC1768/ARMC6/mbed-os/hal/source/mbed_ticker_api.o
    0x00004692   0x00000002   PAD
    0x00004694   0x00000010   Code   RO         2660    .text.semihost_connected  BUILD/LPC1768/ARMC6/mbed-os/platform/source/mbed_semihost_api.o
    0x000046a4   0x0000000c   Code   RO         2650    .text.semihost_exit  BUILD/LPC1768/ARMC6/mbed-os/platform/source/mbed_semihost_api.o
    0x000046b0   0x000001a0   Code   RO         4417    .text.serial_baud   BUILD/LPC1768/ARMC6/mbed-os/targets/TARGET_NXP/TARGET_LPC176X/serial_api.o
    0x00004850   0x00000018   Code   RO         4457    .text.serial_flow_irq_set  BUILD/LPC1768/ARMC6/mbed-os/targets/TARGET_NXP/TARGET_LPC176X/serial_api.o
    0x00004868   0x00000010   Code   RO         4423    .text.serial_free   BUILD/LPC1768/ARMC6/mbed-os/targets/TARGET_NXP/TARGET_LPC176X/serial_api.o
    0x00004878   0x00000030   Code   RO         4441    .text.serial_getc   BUILD/LPC1768/ARMC6/mbed-os/targets/TARGET_NXP/TARGET_LPC176X/serial_api.o
    0x000048a8   0x00000120   Code   RO         4415    .text.serial_init   BUILD/LPC1768/ARMC6/mbed-os/targets/TARGET_NXP/TARGET_LPC176X/serial_api.o
    0x000049c8   0x0000000a   Code   RO         1502    .text.serial_init_direct  BUILD/LPC1768/ARMC6/mbed-os/hal/source/static_pinmap.o
    0x000049d2   0x00000002   PAD
    0x000049d4   0x00000014   Code   RO         4435    .text.serial_irq_handler  BUILD/LPC1768/ARMC6/mbed-os/targets/TARGET_NXP/TARGET_LPC176X/serial_api.o
    0x000049e8   0x00000020   Code   RO         4437    .text.serial_irq_set  BUILD/LPC1768/ARMC6/mbed-os/targets/TARGET_NXP/TARGET_LPC176X/serial_api.o
    0x00004a08   0x000000d0   Code   RO         4439    .text.serial_irq_set_internal  BUILD/LPC1768/ARMC6/mbed-os/targets/TARGET_NXP/TARGET_LPC176X/serial_api.o
    0x00004ad8   0x0000002c   Code   RO         4445    .text.serial_putc   BUILD/LPC1768/ARMC6/mbed-os/targets/TARGET_NXP/TARGET_LPC176X/serial_api.o
    0x00004b04   0x0000000a   Code   RO         4443    .text.serial_readable  BUILD/LPC1768/ARMC6/mbed-os/targets/TARGET_NXP/TARGET_LPC176X/serial_api.o
    0x00004b0e   0x00000002   PAD
    0x00004b10   0x000000e0   Code   RO         4421    .text.serial_set_flow_control  BUILD/LPC1768/ARMC6/mbed-os/targets/TARGET_NXP/TARGET_LPC176X/serial_api.o
    0x00004bf0   0x0000004c   Code   RO         4447    .text.serial_writable  BUILD/LPC1768/ARMC6/mbed-os/targets/TARGET_NXP/TARGET_LPC176X/serial_api.o
    0x00004c3c   0x00000024   Code   RO         2368    .text.sleep_manager_lock_deep_sleep_internal  BUILD/LPC1768/ARMC6/mbed-os/platform/source/mbed_power_mgmt.o
    0x00004c60   0x00000030   Code   RO         2370    .text.sleep_manager_unlock_deep_sleep_internal  BUILD/LPC1768/ARMC6/mbed-os/platform/source/mbed_power_mgmt.o
    0x00004c90   0x0000005e   Code   RO         1426    .text.ticker_irq_handler  BUILD/LPC1768/ARMC6/mbed-os/hal/source/mbed_ticker_api.o
    0x00004cee   0x00000008   Code   RO         1440    .text.ticker_read   BUILD/LPC1768/ARMC6/mbed-os/hal/source/mbed_ticker_api.o
    0x00004cf6   0x00000020   Code   RO         1442    .text.ticker_read_us  BUILD/LPC1768/ARMC6/mbed-os/hal/source/mbed_ticker_api.o
    0x00004d16   0x00000002   PAD
    0x00004d18   0x0000000c   Code   RO         4425    .text.uart0_irq     BUILD/LPC1768/ARMC6/mbed-os/targets/TARGET_NXP/TARGET_LPC176X/serial_api.o
    0x00004d24   0x0000000c   Code   RO         4429    .text.uart1_irq     BUILD/LPC1768/ARMC6/mbed-os/targets/TARGET_NXP/TARGET_LPC176X/serial_api.o
    0x00004d30   0x0000000c   Code   RO         4431    .text.uart2_irq     BUILD/LPC1768/ARMC6/mbed-os/targets/TARGET_NXP/TARGET_LPC176X/serial_api.o
    0x00004d3c   0x0000000c   Code   RO         4433    .text.uart3_irq     BUILD/LPC1768/ARMC6/mbed-os/targets/TARGET_NXP/TARGET_LPC176X/serial_api.o
    0x00004d48   0x00000060   Code   RO         4427    .text.uart_irq      BUILD/LPC1768/ARMC6/mbed-os/targets/TARGET_NXP/TARGET_LPC176X/serial_api.o
    0x00004da8   0x0000007c   Code   RO         1428    .text.update_present_time  BUILD/LPC1768/ARMC6/mbed-os/hal/source/mbed_ticker_api.o
    0x00004e24   0x0000000c   Code   RO         4538    .text.us_ticker_clear_interrupt  BUILD/LPC1768/ARMC6/mbed-os/targets/TARGET_NXP/TARGET_LPC176X/us_ticker.o
    0x00004e30   0x0000000c   Code   RO         4530    .text.us_ticker_disable_interrupt  BUILD/LPC1768/ARMC6/mbed-os/targets/TARGET_NXP/TARGET_LPC176X/us_ticker.o
    0x00004e3c   0x0000000c   Code   RO         4536    .text.us_ticker_fire_interrupt  BUILD/LPC1768/ARMC6/mbed-os/targets/TARGET_NXP/TARGET_LPC176X/us_ticker.o
    0x00004e48   0x00000024   Code   RO         4540    .text.us_ticker_free  BUILD/LPC1768/ARMC6/mbed-os/targets/TARGET_NXP/TARGET_LPC176X/us_ticker.o
    0x00004e6c   0x00000008   Code   RO         4526    .text.us_ticker_get_info  BUILD/LPC1768/ARMC6/mbed-os/targets/TARGET_NXP/TARGET_LPC176X/us_ticker.o
    0x00004e74   0x0000006c   Code   RO         4528    .text.us_ticker_init  BUILD/LPC1768/ARMC6/mbed-os/targets/TARGET_NXP/TARGET_LPC176X/us_ticker.o
    0x00004ee0   0x00000014   Code   RO         1466    .text.us_ticker_irq_handler  BUILD/LPC1768/ARMC6/mbed-os/hal/source/mbed_us_ticker_api.o
    0x00004ef4   0x0000000c   Code   RO         4532    .text.us_ticker_read  BUILD/LPC1768/ARMC6/mbed-os/targets/TARGET_NXP/TARGET_LPC176X/us_ticker.o
    0x00004f00   0x00000014   Code   RO         4534    .text.us_ticker_set_interrupt  BUILD/LPC1768/ARMC6/mbed-os/targets/TARGET_NXP/TARGET_LPC176X/us_ticker.o
    0x00004f14   0x0000001e   Code   RO         2686    .text.wait_us       BUILD/LPC1768/ARMC6/mbed-os/platform/source/mbed_wait_api_no_rtos.o
    0x00004f32   0x00000028   Code   RO         2431    .text.write         BUILD/LPC1768/ARMC6/mbed-os/platform/source/mbed_retarget.o
    0x00004f5a   0x0000003e   Code   RO         5288    CL$$btod_d2e        c:\Users\dcoop\AppData\Local\Mbed Studio\mbed-studio-tools\ac6\bin\..\lib\armlib\c_w.l(btod.o)
    0x00004f98   0x00000046   Code   RO         5290    CL$$btod_d2e_denorm_low  c:\Users\dcoop\AppData\Local\Mbed Studio\mbed-studio-tools\ac6\bin\..\lib\armlib\c_w.l(btod.o)
    0x00004fde   0x00000060   Code   RO         5289    CL$$btod_d2e_norm_op1  c:\Users\dcoop\AppData\Local\Mbed Studio\mbed-studio-tools\ac6\bin\..\lib\armlib\c_w.l(btod.o)
    0x0000503e   0x00000338   Code   RO         5298    CL$$btod_div_common  c:\Users\dcoop\AppData\Local\Mbed Studio\mbed-studio-tools\ac6\bin\..\lib\armlib\c_w.l(btod.o)
    0x00005376   0x000000dc   Code   RO         5295    CL$$btod_e2e        c:\Users\dcoop\AppData\Local\Mbed Studio\mbed-studio-tools\ac6\bin\..\lib\armlib\c_w.l(btod.o)
    0x00005452   0x0000002a   Code   RO         5292    CL$$btod_ediv       c:\Users\dcoop\AppData\Local\Mbed Studio\mbed-studio-tools\ac6\bin\..\lib\armlib\c_w.l(btod.o)
    0x0000547c   0x0000002a   Code   RO         5291    CL$$btod_emul       c:\Users\dcoop\AppData\Local\Mbed Studio\mbed-studio-tools\ac6\bin\..\lib\armlib\c_w.l(btod.o)
    0x000054a6   0x00000244   Code   RO         5297    CL$$btod_mult_common  c:\Users\dcoop\AppData\Local\Mbed Studio\mbed-studio-tools\ac6\bin\..\lib\armlib\c_w.l(btod.o)
    0x000056ea   0x00000028   Code   RO         5351    i.__ARM_fpclassify  c:\Users\dcoop\AppData\Local\Mbed Studio\mbed-studio-tools\ac6\bin\..\lib\armlib\m_ws.l(fpclassify.o)
    0x00005712   0x0000000e   Code   RO         4790    i._is_digit         c:\Users\dcoop\AppData\Local\Mbed Studio\mbed-studio-tools\ac6\bin\..\lib\armlib\c_w.l(__printf_wp.o)
    0x00005720   0x0000002c   Code   RO         5318    locale$$code        c:\Users\dcoop\AppData\Local\Mbed Studio\mbed-studio-tools\ac6\bin\..\lib\armlib\c_w.l(lc_numeric_c.o)
    0x0000574c   0x0000002c   Code   RO         5372    locale$$code        c:\Users\dcoop\AppData\Local\Mbed Studio\mbed-studio-tools\ac6\bin\..\lib\armlib\c_w.l(lc_ctype_c.o)
    0x00005778   0x00000004   Code   RO         5132    x$fpl$printf1       c:\Users\dcoop\AppData\Local\Mbed Studio\mbed-studio-tools\ac6\bin\..\lib\armlib\fz_ws.l(printf1.o)
    0x0000577c   0x00000004   Code   RO         5134    x$fpl$printf2       c:\Users\dcoop\AppData\Local\Mbed Studio\mbed-studio-tools\ac6\bin\..\lib\armlib\fz_ws.l(printf2.o)
    0x00005780   0x00000000   Code   RO         5142    x$fpl$usenofp       c:\Users\dcoop\AppData\Local\Mbed Studio\mbed-studio-tools\ac6\bin\..\lib\armlib\fz_ws.l(usenofp.o)
    0x00005780   0x00000028   Data   RO         4778    .constdata          c:\Users\dcoop\AppData\Local\Mbed Studio\mbed-studio-tools\ac6\bin\..\lib\armlib\c_w.l(_printf_hex_int_ll_ptr.o)
    0x000057a8   0x00000011   Data   RO         4798    .constdata          c:\Users\dcoop\AppData\Local\Mbed Studio\mbed-studio-tools\ac6\bin\..\lib\armlib\c_w.l(__printf_flags_ss_wp.o)
    0x000057b9   0x00000003   PAD
    0x000057bc   0x00000008   Data   RO         4991    .constdata          c:\Users\dcoop\AppData\Local\Mbed Studio\mbed-studio-tools\ac6\bin\..\lib\armlib\c_w.l(_printf_wctomb.o)
    0x000057c4   0x00000026   Data   RO         5188    .constdata          c:\Users\dcoop\AppData\Local\Mbed Studio\mbed-studio-tools\ac6\bin\..\lib\armlib\c_w.l(_printf_fp_hex.o)
    0x000057ea   0x00000002   PAD
    0x000057ec   0x00000094   Data   RO         5286    .constdata          c:\Users\dcoop\AppData\Local\Mbed Studio\mbed-studio-tools\ac6\bin\..\lib\armlib\c_w.l(bigflt0.o)
    0x00005880   0x00000000   Data   RO         2626    .rodata             BUILD/LPC1768/ARMC6/mbed-os/platform/source/mbed_sdk_boot.o
    0x00005880   0x00000024   Data   RO         4474    .rodata.PinMap_UART_CTS  BUILD/LPC1768/ARMC6/mbed-os/targets/TARGET_NXP/TARGET_LPC176X/serial_api.o
    0x000058a4   0x00000024   Data   RO         4473    .rodata.PinMap_UART_RTS  BUILD/LPC1768/ARMC6/mbed-os/targets/TARGET_NXP/TARGET_LPC176X/serial_api.o
    0x000058c8   0x0000006c   Data   RO         4470    .rodata.PinMap_UART_RX  BUILD/LPC1768/ARMC6/mbed-os/targets/TARGET_NXP/TARGET_LPC176X/serial_api.o
    0x00005934   0x0000006c   Data   RO         4469    .rodata.PinMap_UART_TX  BUILD/LPC1768/ARMC6/mbed-os/targets/TARGET_NXP/TARGET_LPC176X/serial_api.o
    0x000059a0   0x00000090   Data   RO           25    .rodata._ZL14apple_0_bitmap  BUILD/LPC1768/ARMC6/assets/fruits.o
    0x00005a30   0x00000090   Data   RO           15    .rodata._ZL15orange_2_bitmap  BUILD/LPC1768/ARMC6/assets/fruits.o
    0x00005ac0   0x00000026   Data   RO            8    .rodata._ZL19fruits_colorLUT_lut  BUILD/LPC1768/ARMC6/assets/fruits.o
    0x00005ae6   0x00008000   Data   RO            5    .rodata._ZL23backgroundGame_0_bitmap  BUILD/LPC1768/ARMC6/assets/backgrounds.o
    0x0000dae6   0x00000002   PAD
    0x0000dae8   0x00000050   Data   RO         2562    .rodata._ZTV12DirectSerial  BUILD/LPC1768/ARMC6/mbed-os/platform/source/mbed_retarget.o
    0x0000db38   0x00000018   Data   RO          971    .rodata._ZTVN4mbed10SerialBaseE  BUILD/LPC1768/ARMC6/mbed-os/drivers/source/SerialBase.o
    0x0000db50   0x0000008c   Data   RO         1106    .rodata._ZTVN4mbed16UnbufferedSerialE  BUILD/LPC1768/ARMC6/mbed-os/drivers/source/UnbufferedSerial.o
    0x0000dbdc   0x00000018   Data   RO         2569    .rodata._ZZL15default_consolevE14console_pinmap  BUILD/LPC1768/ARMC6/mbed-os/platform/source/mbed_retarget.o
    0x0000dbf4   0x00000008   Data   RO         2559    .rodata.__stderr_name  BUILD/LPC1768/ARMC6/mbed-os/platform/source/mbed_retarget.o
    0x0000dbfc   0x00000007   Data   RO         2557    .rodata.__stdin_name  BUILD/LPC1768/ARMC6/mbed-os/platform/source/mbed_retarget.o
    0x0000dc03   0x00000008   Data   RO         2558    .rodata.__stdout_name  BUILD/LPC1768/ARMC6/mbed-os/platform/source/mbed_retarget.o
    0x0000dc0b   0x000000c8   Data   RO         2077    .rodata.str1.1      BUILD/LPC1768/ARMC6/mbed-os/platform/source/TARGET_CORTEX_M/mbed_fault_handler.o
    0x0000dcd3   0x00000001   PAD
    0x0000dcd4   0x00000008   Data   RO         1472    .rodata.us_data     BUILD/LPC1768/ARMC6/mbed-os/hal/source/mbed_us_ticker_api.o
    0x0000dcdc   0x00000024   Data   RO         1475    .rodata.us_interface  BUILD/LPC1768/ARMC6/mbed-os/hal/source/mbed_us_ticker_api.o
    0x0000dd00   0x00000008   Data   RO         4542    .rodata.us_ticker_get_info.info  BUILD/LPC1768/ARMC6/mbed-os/targets/TARGET_NXP/TARGET_LPC176X/us_ticker.o
    0x0000dd08   0x00000020   Data   RO         5446    Region$$Table       anon$$obj.o
    0x0000dd28   0x0000001c   Data   RO         5317    locale$$data        c:\Users\dcoop\AppData\Local\Mbed Studio\mbed-studio-tools\ac6\bin\..\lib\armlib\c_w.l(lc_numeric_c.o)
    0x0000dd44   0x00000110   Data   RO         5371    locale$$data        c:\Users\dcoop\AppData\Local\Mbed Studio\mbed-studio-tools\ac6\bin\..\lib\armlib\c_w.l(lc_ctype_c.o)
    0x0000de54   0x00000004   Data   RO          291    .init_array         BUILD/LPC1768/ARMC6/main.o
    0x0000de58   0x00000000   Data   RO         4894    .init_array         c:\Users\dcoop\AppData\Local\Mbed Studio\mbed-studio-tools\ac6\bin\..\lib\armlib\c_w.l(init_aeabi.o)


    Execution Region RW_IRAM1 (Base: 0x100000c8, Size: 0x00000478, Max: 0x00007f18, ABSOLUTE)

    Base Addr    Size         Type   Attr      Idx    E Section Name        Object

    0x100000c8   0x00000004   Data   RW         4838    .data               c:\Users\dcoop\AppData\Local\Mbed Studio\mbed-studio-tools\ac6\bin\..\lib\armlib\c_w.l(stdio_streams.o)
    0x100000cc   0x00000004   Data   RW         4839    .data               c:\Users\dcoop\AppData\Local\Mbed Studio\mbed-studio-tools\ac6\bin\..\lib\armlib\c_w.l(stdio_streams.o)
    0x100000d0   0x00000004   Data   RW         4840    .data               c:\Users\dcoop\AppData\Local\Mbed Studio\mbed-studio-tools\ac6\bin\..\lib\armlib\c_w.l(stdio_streams.o)
    0x100000d4   0x00000004   Data   RW         4264    .data.SystemCoreClock  BUILD/LPC1768/ARMC6/mbed-os/targets/TARGET_NXP/TARGET_LPC176X/device/system_LPC17xx.o
    0x100000d8   0x00000040   Data   RW         2568    .data._ZL11filehandles  BUILD/LPC1768/ARMC6/mbed-os/platform/source/mbed_retarget.o
    0x10000118   0x00000014   Data   RW            9    .data.apple_0       BUILD/LPC1768/ARMC6/assets/fruits.o
    0x1000012c   0x00000014   Data   RW            4    .data.backgroundGame_0  BUILD/LPC1768/ARMC6/assets/backgrounds.o
    0x10000140   0x00000004   Data   RW            7    .data.fruits_colorLUT  BUILD/LPC1768/ARMC6/assets/fruits.o
    0x10000144   0x00000004   Data   RW         1473    .data.irq_handler   BUILD/LPC1768/ARMC6/mbed-os/hal/source/mbed_us_ticker_api.o
    0x10000148   0x00000014   Data   RW           14    .data.orange_2      BUILD/LPC1768/ARMC6/assets/fruits.o
    0x1000015c   0x00000004   Zero   RW         4663    .bss                c:\Users\dcoop\AppData\Local\Mbed Studio\mbed-studio-tools\ac6\bin\..\lib\armlib\c_w.l(rt_errno_addr.o)
    0x10000160   0x00000054   Zero   RW         4835    .bss                c:\Users\dcoop\AppData\Local\Mbed Studio\mbed-studio-tools\ac6\bin\..\lib\armlib\c_w.l(stdio_streams.o)
    0x100001b4   0x00000054   Zero   RW         4836    .bss                c:\Users\dcoop\AppData\Local\Mbed Studio\mbed-studio-tools\ac6\bin\..\lib\armlib\c_w.l(stdio_streams.o)
    0x10000208   0x00000054   Zero   RW         4837    .bss                c:\Users\dcoop\AppData\Local\Mbed Studio\mbed-studio-tools\ac6\bin\..\lib\armlib\c_w.l(stdio_streams.o)
    0x1000025c   0x00000004   Zero   RW         4952    .bss                c:\Users\dcoop\AppData\Local\Mbed Studio\mbed-studio-tools\ac6\bin\..\lib\armlib\c_w.l(rt_heap_descriptor.o)
    0x10000260   0x00000014   Zero   RW         5277    .bss                c:\Users\dcoop\AppData\Local\Mbed Studio\mbed-studio-tools\ac6\bin\..\lib\armlib\c_w.l(rt_locale.o)
    0x10000274   0x00000002   Zero   RW         1350    .bss..L_MergedGlobals  BUILD/LPC1768/ARMC6/mbed-os/hal/source/mbed_critical_section_api.o
    0x10000276   0x00000002   PAD
    0x10000278   0x00000010   Zero   RW         1673    .bss..L_MergedGlobals  BUILD/LPC1768/ARMC6/mbed-os/platform/source/FileBase.o
    0x10000288   0x00000070   Zero   RW         2261    .bss..L_MergedGlobals  BUILD/LPC1768/ARMC6/mbed-os/platform/source/mbed_error.o
    0x100002f8   0x00000028   Zero   RW         2571    .bss..L_MergedGlobals  BUILD/LPC1768/ARMC6/mbed-os/platform/source/mbed_retarget.o
    0x10000320   0x00000008   Zero   RW         2627    .bss..L_MergedGlobals  BUILD/LPC1768/ARMC6/mbed-os/platform/source/mbed_sdk_boot.o
    0x10000328   0x00000010   Zero   RW         4475    .bss..L_MergedGlobals  BUILD/LPC1768/ARMC6/mbed-os/targets/TARGET_NXP/TARGET_LPC176X/serial_api.o
    0x10000338   0x00000008   Zero   RW         2567    .bss._ZL16filehandle_mutex  BUILD/LPC1768/ARMC6/mbed-os/platform/source/mbed_retarget.o
    0x10000340   0x00000004   Zero   RW          100    .bss._globalGraphics  BUILD/LPC1768/ARMC6/graphics/graphicsController.o
    0x10000344   0x00000001   Zero   RW         1474    .bss._us_ticker_initialized  BUILD/LPC1768/ARMC6/mbed-os/hal/source/mbed_us_ticker_api.o
    0x10000345   0x00000003   PAD
    0x10000348   0x00000004   Zero   RW         2216    .bss.critical_section_reentrancy_counter  BUILD/LPC1768/ARMC6/mbed-os/platform/source/mbed_critical.o
    0x1000034c   0x00000002   Zero   RW         2380    .bss.deep_sleep_lock  BUILD/LPC1768/ARMC6/mbed-os/platform/source/mbed_power_mgmt.o
    0x1000034e   0x00000002   PAD
    0x10000350   0x00000038   Zero   RW         1476    .bss.events         BUILD/LPC1768/ARMC6/mbed-os/hal/source/mbed_us_ticker_api.o
    0x10000388   0x00000001   Zero   RW         2260    .bss.halt_in_progress  BUILD/LPC1768/ARMC6/mbed-os/platform/source/mbed_error.o
    0x10000389   0x00000003   PAD
    0x1000038c   0x00000004   Zero   RW         4472    .bss.irq_handler    BUILD/LPC1768/ARMC6/mbed-os/targets/TARGET_NXP/TARGET_LPC176X/serial_api.o
    0x10000390   0x00000001   Zero   RW         2259    .bss.mbed_error_in_progress  BUILD/LPC1768/ARMC6/mbed-os/platform/source/mbed_error.o
    0x10000391   0x00000003   PAD
    0x10000394   0x00000054   Zero   RW         2078    .bss.mbed_fault_context  BUILD/LPC1768/ARMC6/mbed-os/platform/source/TARGET_CORTEX_M/mbed_fault_handler.o
    0x100003e8   0x00000004   Zero   RW         2561    .bss.mbed_heap_size  BUILD/LPC1768/ARMC6/mbed-os/platform/source/mbed_retarget.o
    0x100003ec   0x00000004   Zero   RW         2560    .bss.mbed_heap_start  BUILD/LPC1768/ARMC6/mbed-os/platform/source/mbed_retarget.o
    0x100003f0   0x0000006c   Zero   RW          290    .bss.pc             BUILD/LPC1768/ARMC6/main.o
    0x1000045c   0x000000e0   Zero   RW         4471    .bss.uart_data      BUILD/LPC1768/ARMC6/mbed-os/targets/TARGET_NXP/TARGET_LPC176X/serial_api.o
    0x1000053c   0x00000001   Zero   RW         4543    .bss.us_ticker_inited  BUILD/LPC1768/ARMC6/mbed-os/targets/TARGET_NXP/TARGET_LPC176X/us_ticker.o


    Execution Region ARM_LIB_HEAP (Base: 0x10000540, Size: 0x00006aa0, Max: 0x00006aa0, ABSOLUTE)

    Base Addr    Size         Type   Attr      Idx    E Section Name        Object

    0x10000540   0x00006aa0   Zero   RW            1    ARM_LIB_HEAP.bss    anon$$obj.o


    Execution Region ARM_LIB_STACK (Base: 0x10007000, Size: 0x00001000, Max: 0x00001000, ABSOLUTE)

    Base Addr    Size         Type   Attr      Idx    E Section Name        Object

    0x10007000   0x00001000   Zero   RW            2    ARM_LIB_STACK.bss   anon$$obj.o


    Execution Region RW_IRAM2 (Base: 0x2007c000, Size: 0x00000000, Max: 0x00004000, ABSOLUTE)

    **** No section assigned to this execution region ****


    Execution Region RW_IRAM3 (Base: 0x20080000, Size: 0x00000000, Max: 0x00004000, ABSOLUTE)

    **** No section assigned to this execution region ****


    Execution Region RW_IRAM4 (Base: 0x40038000, Size: 0x00000000, Max: 0x00000800, ABSOLUTE)

    **** No section assigned to this execution region ****


==============================================================================

Image component sizes


      Code (inc. data)   RO Data    RW Data    ZI Data      Debug   

     11762        890      34164        136      32108      13508   Object Totals
         0          0         32          0      31392          0   (incl. Generated)
        38          0          3          0         16          0   (incl. Padding)
      9870        440        556         12        280       6880   Library Totals
        20          0          5          0          0          0   (incl. Padding)

==============================================================================


      Code (inc. data)   RO Data    RW Data    ZI Data      Debug   

     21632       1330      34720        148      32388      15824   Grand Totals
     21632       1330      34720        148      32388      15824   ELF Image Totals
     21632       1330      34720        148          0          0   ROM Totals

==============================================================================

    Total RO  Size (Code + RO Data)                56352 (  55.03kB)
    Total RW  Size (RW Data + ZI Data)             32536 (  31.77kB)
    Total ROM Size (Code + RO Data + RW Data)      56500 (  55.18kB)

==============================================================================

